Archive member included to satisfy reference by file (symbol)

/usr/lib/gcc/arm-none-eabi/13.2.1/thumb/v7e-m+fp/hard/libgcc.a(_aeabi_uldivmod.o)
                              cmake/stm32cubemx/CMakeFiles/STM32_Drivers.dir/__/__/Drivers/STM32F4xx_HAL_Driver/Src/stm32f4xx_hal_rcc.c.obj (__aeabi_uldivmod)
/usr/lib/gcc/arm-none-eabi/13.2.1/thumb/v7e-m+fp/hard/libgcc.a(_udivmoddi4.o)
                              /usr/lib/gcc/arm-none-eabi/13.2.1/thumb/v7e-m+fp/hard/libgcc.a(_aeabi_uldivmod.o) (__udivmoddi4)
/usr/lib/gcc/arm-none-eabi/13.2.1/thumb/v7e-m+fp/hard/libgcc.a(_dvmd_tls.o)
                              /usr/lib/gcc/arm-none-eabi/13.2.1/thumb/v7e-m+fp/hard/libgcc.a(_aeabi_uldivmod.o) (__aeabi_ldiv0)
/usr/lib/gcc/arm-none-eabi/13.2.1/../../../arm-none-eabi/lib/thumb/v7e-m+fp/hard/libg_nano.a(libc_a-init.o)
                              /usr/lib/gcc/arm-none-eabi/13.2.1/../../../arm-none-eabi/lib/thumb/v7e-m+fp/hard/crt0.o (__libc_init_array)
/usr/lib/gcc/arm-none-eabi/13.2.1/../../../arm-none-eabi/lib/thumb/v7e-m+fp/hard/libg_nano.a(libc_a-strlen.o)
                              CMakeFiles/sensor-data-logger.dir/Core/Src/main.c.obj (strlen)
/usr/lib/gcc/arm-none-eabi/13.2.1/../../../arm-none-eabi/lib/thumb/v7e-m+fp/hard/libg_nano.a(libc_a-memset.o)
                              /usr/lib/gcc/arm-none-eabi/13.2.1/../../../arm-none-eabi/lib/thumb/v7e-m+fp/hard/crt0.o (memset)
/usr/lib/gcc/arm-none-eabi/13.2.1/../../../arm-none-eabi/lib/thumb/v7e-m+fp/hard/libg_nano.a(libc_a-errno.o)
                              CMakeFiles/sensor-data-logger.dir/Core/Src/sysmem.c.obj (__errno)
/usr/lib/gcc/arm-none-eabi/13.2.1/../../../arm-none-eabi/lib/thumb/v7e-m+fp/hard/libg_nano.a(libc_a-exit.o)
                              /usr/lib/gcc/arm-none-eabi/13.2.1/../../../arm-none-eabi/lib/thumb/v7e-m+fp/hard/crt0.o (exit)
/usr/lib/gcc/arm-none-eabi/13.2.1/../../../arm-none-eabi/lib/thumb/v7e-m+fp/hard/libg_nano.a(libc_a-atexit.o)
                              /usr/lib/gcc/arm-none-eabi/13.2.1/../../../arm-none-eabi/lib/thumb/v7e-m+fp/hard/crt0.o (atexit)
/usr/lib/gcc/arm-none-eabi/13.2.1/../../../arm-none-eabi/lib/thumb/v7e-m+fp/hard/libg_nano.a(libc_a-snprintf.o)
                              CMakeFiles/sensor-data-logger.dir/Core/Src/main.c.obj (snprintf)
/usr/lib/gcc/arm-none-eabi/13.2.1/../../../arm-none-eabi/lib/thumb/v7e-m+fp/hard/libg_nano.a(libc_a-fini.o)
                              /usr/lib/gcc/arm-none-eabi/13.2.1/../../../arm-none-eabi/lib/thumb/v7e-m+fp/hard/crt0.o (__libc_fini_array)
/usr/lib/gcc/arm-none-eabi/13.2.1/../../../arm-none-eabi/lib/thumb/v7e-m+fp/hard/libg_nano.a(libc_a-impure.o)
                              /usr/lib/gcc/arm-none-eabi/13.2.1/../../../arm-none-eabi/lib/thumb/v7e-m+fp/hard/libg_nano.a(libc_a-errno.o) (_impure_ptr)
/usr/lib/gcc/arm-none-eabi/13.2.1/../../../arm-none-eabi/lib/thumb/v7e-m+fp/hard/libg_nano.a(libc_a-nano-svfprintf.o)
                              /usr/lib/gcc/arm-none-eabi/13.2.1/../../../arm-none-eabi/lib/thumb/v7e-m+fp/hard/libg_nano.a(libc_a-snprintf.o) (_svfprintf_r)
/usr/lib/gcc/arm-none-eabi/13.2.1/../../../arm-none-eabi/lib/thumb/v7e-m+fp/hard/libg_nano.a(libc_a-findfp.o)
                              /usr/lib/gcc/arm-none-eabi/13.2.1/../../../arm-none-eabi/lib/thumb/v7e-m+fp/hard/libg_nano.a(libc_a-exit.o) (__stdio_exit_handler)
/usr/lib/gcc/arm-none-eabi/13.2.1/../../../arm-none-eabi/lib/thumb/v7e-m+fp/hard/libg_nano.a(libc_a-fflush.o)
                              /usr/lib/gcc/arm-none-eabi/13.2.1/../../../arm-none-eabi/lib/thumb/v7e-m+fp/hard/libg_nano.a(libc_a-findfp.o) (_fflush_r)
/usr/lib/gcc/arm-none-eabi/13.2.1/../../../arm-none-eabi/lib/thumb/v7e-m+fp/hard/libg_nano.a(libc_a-mallocr.o)
                              /usr/lib/gcc/arm-none-eabi/13.2.1/../../../arm-none-eabi/lib/thumb/v7e-m+fp/hard/libg_nano.a(libc_a-nano-svfprintf.o) (_malloc_r)
/usr/lib/gcc/arm-none-eabi/13.2.1/../../../arm-none-eabi/lib/thumb/v7e-m+fp/hard/libg_nano.a(libc_a-freer.o)
                              /usr/lib/gcc/arm-none-eabi/13.2.1/../../../arm-none-eabi/lib/thumb/v7e-m+fp/hard/libg_nano.a(libc_a-nano-svfprintf.o) (_free_r)
/usr/lib/gcc/arm-none-eabi/13.2.1/../../../arm-none-eabi/lib/thumb/v7e-m+fp/hard/libg_nano.a(libc_a-memmove.o)
                              /usr/lib/gcc/arm-none-eabi/13.2.1/../../../arm-none-eabi/lib/thumb/v7e-m+fp/hard/libg_nano.a(libc_a-nano-svfprintf.o) (memmove)
/usr/lib/gcc/arm-none-eabi/13.2.1/../../../arm-none-eabi/lib/thumb/v7e-m+fp/hard/libg_nano.a(libc_a-fwalk.o)
                              /usr/lib/gcc/arm-none-eabi/13.2.1/../../../arm-none-eabi/lib/thumb/v7e-m+fp/hard/libg_nano.a(libc_a-findfp.o) (_fwalk_sglue)
/usr/lib/gcc/arm-none-eabi/13.2.1/../../../arm-none-eabi/lib/thumb/v7e-m+fp/hard/libg_nano.a(libc_a-memchr.o)
                              /usr/lib/gcc/arm-none-eabi/13.2.1/../../../arm-none-eabi/lib/thumb/v7e-m+fp/hard/libg_nano.a(libc_a-nano-svfprintf.o) (memchr)
[...]
Memory Configuration

Name             Origin             Length             Attributes
RAM              0x20000000         0x00020000         xrw
FLASH            0x08000000         0x00080000         xr
*default*        0x00000000         0xffffffff

Linker script and memory map

LOAD /usr/lib/gcc/arm-none-eabi/13.2.1/thumb/v7e-m+fp/hard/crti.o
LOAD /usr/lib/gcc/arm-none-eabi/13.2.1/thumb/v7e-m+fp/hard/crtbegin.o
LOAD /usr/lib/gcc/arm-none-eabi/13.2.1/../../../arm-none-eabi/lib/thumb/v7e-m+fp/hard/crt0.o
LOAD cmake/stm32cubemx/CMakeFiles/STM32_Drivers.dir/__/__/Core/Src/system_stm32f4xx.c.obj
LOAD cmake/stm32cubemx/CMakeFiles/STM32_Drivers.dir/__/__/Drivers/STM32F4xx_HAL_Driver/Src/stm32f4xx_hal_rcc.c.obj
LOAD cmake/stm32cubemx/CMakeFiles/STM32_Drivers.dir/__/__/Drivers/STM32F4xx_HAL_Driver/Src/stm32f4xx_hal_rcc_ex.c.obj
LOAD cmake/stm32cubemx/CMakeFiles/STM32_Drivers.dir/__/__/Drivers/STM32F4xx_HAL_Driver/Src/stm32f4xx_hal_flash.c.obj
LOAD cmake/stm32cubemx/CMakeFiles/STM32_Drivers.dir/__/__/Drivers/STM32F4xx_HAL_Driver/Src/stm32f4xx_hal_flash_ex.c.obj
LOAD cmake/stm32cubemx/CMakeFiles/STM32_Drivers.dir/__/__/Drivers/STM32F4xx_HAL_Driver/Src/stm32f4xx_hal_flash_ramfunc.c.obj
LOAD cmake/stm32cubemx/CMakeFiles/STM32_Drivers.dir/__/__/Drivers/STM32F4xx_HAL_Driver/Src/stm32f4xx_hal_gpio.c.obj
LOAD cmake/stm32cubemx/CMakeFiles/STM32_Drivers.dir/__/__/Drivers/STM32F4xx_HAL_Driver/Src/stm32f4xx_hal_dma_ex.c.obj
LOAD cmake/stm32cubemx/CMakeFiles/STM32_Drivers.dir/__/__/Drivers/STM32F4xx_HAL_Driver/Src/stm32f4xx_hal_dma.c.obj
LOAD cmake/stm32cubemx/CMakeFiles/STM32_Drivers.dir/__/__/Drivers/STM32F4xx_HAL_Driver/Src/stm32f4xx_hal_pwr.c.obj
LOAD cmake/stm32cubemx/CMakeFiles/STM32_Drivers.dir/__/__/Drivers/STM32F4xx_HAL_Driver/Src/stm32f4xx_hal_pwr_ex.c.obj
LOAD cmake/stm32cubemx/CMakeFiles/STM32_Drivers.dir/__/__/Drivers/STM32F4xx_HAL_Driver/Src/stm32f4xx_hal_cortex.c.obj
LOAD cmake/stm32cubemx/CMakeFiles/STM32_Drivers.dir/__/__/Drivers/STM32F4xx_HAL_Driver/Src/stm32f4xx_hal.c.obj
LOAD cmake/stm32cubemx/CMakeFiles/STM32_Drivers.dir/__/__/Drivers/STM32F4xx_HAL_Driver/Src/stm32f4xx_hal_exti.c.obj
LOAD cmake/stm32cubemx/CMakeFiles/STM32_Drivers.dir/__/__/Drivers/STM32F4xx_HAL_Driver/Src/stm32f4xx_hal_i2c.c.obj
LOAD cmake/stm32cubemx/CMakeFiles/STM32_Drivers.dir/__/__/Drivers/STM32F4xx_HAL_Driver/Src/stm32f4xx_hal_i2c_ex.c.obj
LOAD cmake/stm32cubemx/CMakeFiles/STM32_Drivers.dir/__/__/Drivers/STM32F4xx_HAL_Driver/Src/stm32f4xx_hal_spi.c.obj
LOAD cmake/stm32cubemx/CMakeFiles/STM32_Drivers.dir/__/__/Drivers/STM32F4xx_HAL_Driver/Src/stm32f4xx_hal_tim.c.obj
LOAD cmake/stm32cubemx/CMakeFiles/STM32_Drivers.dir/__/__/Drivers/STM32F4xx_HAL_Driver/Src/stm32f4xx_hal_tim_ex.c.obj
LOAD cmake/stm32cubemx/CMakeFiles/STM32_Drivers.dir/__/__/Drivers/STM32F4xx_HAL_Driver/Src/stm32f4xx_hal_uart.c.obj
LOAD cmake/stm32cubemx/CMakeFiles/STM32_Drivers.dir/__/__/Drivers/BSP/STM32F4xx-Nucleo/stm32f4xx_nucleo.c.obj
LOAD cmake/stm32cubemx/CMakeFiles/FatFs.dir/__/__/Middlewares/Third_Party/FatFs/src/diskio.c.obj
LOAD cmake/stm32cubemx/CMakeFiles/FatFs.dir/__/__/Middlewares/Third_Party/FatFs/src/ff.c.obj
LOAD cmake/stm32cubemx/CMakeFiles/FatFs.dir/__/__/Middlewares/Third_Party/FatFs/src/ff_gen_drv.c.obj
LOAD cmake/stm32cubemx/CMakeFiles/FatFs.dir/__/__/Middlewares/Third_Party/FatFs/src/option/syscall.c.obj
LOAD CMakeFiles/sensor-data-logger.dir/FATFS/Target/user_diskio.c.obj
LOAD CMakeFiles/sensor-data-logger.dir/FATFS/App/fatfs.c.obj
LOAD CMakeFiles/sensor-data-logger.dir/Core/Src/main.c.obj
LOAD CMakeFiles/sensor-data-logger.dir/Core/Src/gpio.c.obj
LOAD CMakeFiles/sensor-data-logger.dir/Core/Src/i2c.c.obj
LOAD CMakeFiles/sensor-data-logger.dir/Core/Src/spi.c.obj
LOAD CMakeFiles/sensor-data-logger.dir/Core/Src/tim.c.obj
LOAD CMakeFiles/sensor-data-logger.dir/Core/Src/usart.c.obj
LOAD CMakeFiles/sensor-data-logger.dir/Core/Src/stm32f4xx_it.c.obj
LOAD CMakeFiles/sensor-data-logger.dir/Core/Src/stm32f4xx_hal_msp.c.obj
LOAD CMakeFiles/sensor-data-logger.dir/Core/Src/sysmem.c.obj
LOAD CMakeFiles/sensor-data-logger.dir/Core/Src/syscalls.c.obj
LOAD CMakeFiles/sensor-data-logger.dir/startup_stm32f446xx.s.obj
LOAD /usr/lib/gcc/arm-none-eabi/13.2.1/../../../arm-none-eabi/lib/thumb/v7e-m+fp/hard/libm.a
START GROUP
LOAD /usr/lib/gcc/arm-none-eabi/13.2.1/thumb/v7e-m+fp/hard/libgcc.a
LOAD /usr/lib/gcc/arm-none-eabi/13.2.1/../../../arm-none-eabi/lib/thumb/v7e-m+fp/hard/libg_nano.a
LOAD /usr/lib/gcc/arm-none-eabi/13.2.1/../../../arm-none-eabi/lib/thumb/v7e-m+fp/hard/libc_nano.a
END GROUP
START GROUP
LOAD /usr/lib/gcc/arm-none-eabi/13.2.1/thumb/v7e-m+fp/hard/libgcc.a
LOAD /usr/lib/gcc/arm-none-eabi/13.2.1/../../../arm-none-eabi/lib/thumb/v7e-m+fp/hard/libc_nano.a
END GROUP
LOAD /usr/lib/gcc/arm-none-eabi/13.2.1/thumb/v7e-m+fp/hard/crtend.o
LOAD /usr/lib/gcc/arm-none-eabi/13.2.1/thumb/v7e-m+fp/hard/crtn.o
                0x20020000                        _estack = (ORIGIN (RAM) + LENGTH (RAM))
                0x2001fc00                        _sstack = (_estack - _Min_Stack_Size)
                0x00000200                        _Min_Heap_Size = 0x200
                0x00000400                        _Min_Stack_Size = 0x400

.isr_vector     0x08000000      0x1c4
                0x08000000                        . = ALIGN (0x4)
 *(.isr_vector)
 .isr_vector    0x08000000      0x1c4 CMakeFiles/sensor-data-logger.dir/startup_stm32f446xx.s.obj
                0x08000000                g_pfnVectors
                0x080001c4                        . = ALIGN (0x4)

.text           0x08000200     0x4638
                0x08000200                        . = ALIGN (0x4)
 *(.text)
 .text          0x08000200       0x88 /usr/lib/gcc/arm-none-eabi/13.2.1/thumb/v7e-m+fp/hard/crtbegin.o
 .text          0x08000288       0x30 /usr/lib/gcc/arm-none-eabi/13.2.1/thumb/v7e-m+fp/hard/libgcc.a(_aeabi_uldivmod.o)
                0x08000288                __aeabi_uldivmod
 .text          0x080002b8      0x2bc /usr/lib/gcc/arm-none-eabi/13.2.1/thumb/v7e-m+fp/hard/libgcc.a(_udivmoddi4.o)
                0x080002b8                __udivmoddi4
 .text          0x08000574        0x4 /usr/lib/gcc/arm-none-eabi/13.2.1/thumb/v7e-m+fp/hard/libgcc.a(_dvmd_tls.o)
                0x08000574                __aeabi_ldiv0
                0x08000574                __aeabi_idiv0
 .text          0x08000578       0x50 /usr/lib/gcc/arm-none-eabi/13.2.1/../../../arm-none-eabi/lib/thumb/v7e-m+fp/hard/libg_nano.a(libc_a-init.o)
                0x08000578                __libc_init_array
 *fill*         0x080005c8       0x38 
 .text          0x08000600       0xd8 /usr/lib/gcc/arm-none-eabi/13.2.1/../../../arm-none-eabi/lib/thumb/v7e-m+fp/hard/libg_nano.a(libc_a-strlen.o)
                0x08000600                strlen
 .text          0x080006d8       0xa4 /usr/lib/gcc/arm-none-eabi/13.2.1/../../../arm-none-eabi/lib/thumb/v7e-m+fp/hard/libg_nano.a(libc_a-memset.o)
                0x080006d8                memset
 .text          0x0800077c        0xc /usr/lib/gcc/arm-none-eabi/13.2.1/../../../arm-none-eabi/lib/thumb/v7e-m+fp/hard/libg_nano.a(libc_a-errno.o)
                0x0800077c                __errno
 .text          0x08000788      0x114 /usr/lib/gcc/arm-none-eabi/13.2.1/../../../arm-none-eabi/lib/thumb/v7e-m+fp/hard/libg_nano.a(libc_a-snprintf.o)
                0x08000788                _sniprintf_r
                0x08000788                _snprintf_r
                0x0800080c                snprintf
                0x0800080c                sniprintf
 .text          0x0800089c      0x400 /usr/lib/gcc/arm-none-eabi/13.2.1/../../../arm-none-eabi/lib/thumb/v7e-m+fp/hard/libg_nano.a(libc_a-nano-svfprintf.o)
                0x0800089c                __ssputs_r
                0x0800095c                __ssprint_r
                0x08000a64                _svfprintf_r
                0x08000a64                _svfiprintf_r
 .text          0x08000c9c      0x148 /usr/lib/gcc/arm-none-eabi/13.2.1/../../../arm-none-eabi/lib/thumb/v7e-m+fp/hard/libg_nano.a(libc_a-mallocr.o)
                0x08000ce4                _malloc_r
 .text          0x08000de4       0xbc /usr/lib/gcc/arm-none-eabi/13.2.1/../../../arm-none-eabi/lib/thumb/v7e-m+fp/hard/libg_nano.a(libc_a-freer.o)
                0x08000de4                _free_r
 .text          0x08000ea0      0x100 /usr/lib/gcc/arm-none-eabi/13.2.1/../../../arm-none-eabi/lib/thumb/v7e-m+fp/hard/libg_nano.a(libc_a-memmove.o)
                0x08000ea0                memmove
 .text          0x08000fa0       0xa0 /usr/lib/gcc/arm-none-eabi/13.2.1/../../../arm-none-eabi/lib/thumb/v7e-m+fp/hard/libg_nano.a(libc_a-memchr.o)
                0x08000fa0                memchr
 .text          0x08001040      0x134 /usr/lib/gcc/arm-none-eabi/13.2.1/../../../arm-none-eabi/lib/thumb/v7e-m+fp/hard/libg_nano.a(libc_a-memcpy.o)
                0x08001040                memcpy
 .text          0x08001174       0x64 /usr/lib/gcc/arm-none-eabi/13.2.1/../../../arm-none-eabi/lib/thumb/v7e-m+fp/hard/libg_nano.a(libc_a-reallocr.o)
                0x08001174                _realloc_r
 .text          0x080011d8      0x3a8 /usr/lib/gcc/arm-none-eabi/13.2.1/../../../arm-none-eabi/lib/thumb/v7e-m+fp/hard/libg_nano.a(libc_a-nano-vfprintf_i.o)
                0x080011d8                _printf_common
                0x080012fc                _printf_i
 .text          0x08001580        0x8 /usr/lib/gcc/arm-none-eabi/13.2.1/../../../arm-none-eabi/lib/thumb/v7e-m+fp/hard/libg_nano.a(libc_a-mlock.o)
                0x08001580                __malloc_lock
                0x08001584                __malloc_unlock
 .text          0x08001588       0x24 /usr/lib/gcc/arm-none-eabi/13.2.1/../../../arm-none-eabi/lib/thumb/v7e-m+fp/hard/libg_nano.a(libc_a-sbrkr.o)
                0x08001588                _sbrk_r
 .text          0x080015ac       0x10 /usr/lib/gcc/arm-none-eabi/13.2.1/../../../arm-none-eabi/lib/thumb/v7e-m+fp/hard/libg_nano.a(libc_a-msizer.o)
                0x080015ac                _malloc_usable_size_r
 *(.text*)
 .text.SystemInit
                0x080015bc       0x24 cmake/stm32cubemx/CMakeFiles/STM32_Drivers.dir/__/__/Core/Src/system_stm32f4xx.c.obj
                0x080015bc                SystemInit
 .text.HAL_RCC_ClockConfig
                0x080015e0      0x1cc cmake/stm32cubemx/CMakeFiles/STM32_Drivers.dir/__/__/Drivers/STM32F4xx_HAL_Driver/Src/stm32f4xx_hal_rcc.c.obj
                0x080015e0                HAL_RCC_ClockConfig
 .text.HAL_RCC_GetHCLKFreq
                0x080017ac       0x18 cmake/stm32cubemx/CMakeFiles/STM32_Drivers.dir/__/__/Drivers/STM32F4xx_HAL_Driver/Src/stm32f4xx_hal_rcc.c.obj
                0x080017ac                HAL_RCC_GetHCLKFreq
 .text.HAL_RCC_GetPCLK1Freq
                0x080017c4       0x28 cmake/stm32cubemx/CMakeFiles/STM32_Drivers.dir/__/__/Drivers/STM32F4xx_HAL_Driver/Src/stm32f4xx_hal_rcc.c.obj
                0x080017c4                HAL_RCC_GetPCLK1Freq
 .text.HAL_RCC_GetPCLK2Freq
                0x080017ec       0x28 cmake/stm32cubemx/CMakeFiles/STM32_Drivers.dir/__/__/Drivers/STM32F4xx_HAL_Driver/Src/stm32f4xx_hal_rcc.c.obj
                0x080017ec                HAL_RCC_GetPCLK2Freq
 .text.HAL_RCC_GetSysClockFreq
                0x08001814      0x460 cmake/stm32cubemx/CMakeFiles/STM32_Drivers.dir/__/__/Drivers/STM32F4xx_HAL_Driver/Src/stm32f4xx_hal_rcc_ex.c.obj
                0x08001814                HAL_RCC_GetSysClockFreq
 .text.HAL_RCC_OscConfig
                0x08001c74      0x53c cmake/stm32cubemx/CMakeFiles/STM32_Drivers.dir/__/__/Drivers/STM32F4xx_HAL_Driver/Src/stm32f4xx_hal_rcc_ex.c.obj
                0x08001c74                HAL_RCC_OscConfig
 .text.HAL_GPIO_Init
                0x080021b0      0x328 cmake/stm32cubemx/CMakeFiles/STM32_Drivers.dir/__/__/Drivers/STM32F4xx_HAL_Driver/Src/stm32f4xx_hal_gpio.c.obj
                0x080021b0                HAL_GPIO_Init
 .text.HAL_GPIO_WritePin
                0x080024d8       0x32 cmake/stm32cubemx/CMakeFiles/STM32_Drivers.dir/__/__/Drivers/STM32F4xx_HAL_Driver/Src/stm32f4xx_hal_gpio.c.obj
                0x080024d8                HAL_GPIO_WritePin
 .text.HAL_GPIO_TogglePin
                0x0800250a       0x34 cmake/stm32cubemx/CMakeFiles/STM32_Drivers.dir/__/__/Drivers/STM32F4xx_HAL_Driver/Src/stm32f4xx_hal_gpio.c.obj
                0x0800250a                HAL_GPIO_TogglePin
 *fill*         0x0800253e        0x2 
 .text.HAL_GPIO_EXTI_IRQHandler
                0x08002540       0x30 cmake/stm32cubemx/CMakeFiles/STM32_Drivers.dir/__/__/Drivers/STM32F4xx_HAL_Driver/Src/stm32f4xx_hal_gpio.c.obj
                0x08002540                HAL_GPIO_EXTI_IRQHandler
 .text.HAL_GPIO_EXTI_Callback
                0x08002570       0x16 cmake/stm32cubemx/CMakeFiles/STM32_Drivers.dir/__/__/Drivers/STM32F4xx_HAL_Driver/Src/stm32f4xx_hal_gpio.c.obj
                0x08002570                HAL_GPIO_EXTI_Callback
 *fill*         0x08002586        0x2 
 .text.__NVIC_SetPriorityGrouping
                0x08002588       0x48 cmake/stm32cubemx/CMakeFiles/STM32_Drivers.dir/__/__/Drivers/STM32F4xx_HAL_Driver/Src/stm32f4xx_hal_cortex.c.obj
 .text.__NVIC_GetPriorityGrouping
                0x080025d0       0x1c cmake/stm32cubemx/CMakeFiles/STM32_Drivers.dir/__/__/Drivers/STM32F4xx_HAL_Driver/Src/stm32f4xx_hal_cortex.c.obj
 .text.__NVIC_EnableIRQ
                0x080025ec       0x3c cmake/stm32cubemx/CMakeFiles/STM32_Drivers.dir/__/__/Drivers/STM32F4xx_HAL_Driver/Src/stm32f4xx_hal_cortex.c.obj
 .text.__NVIC_SetPriority
                0x08002628       0x54 cmake/stm32cubemx/CMakeFiles/STM32_Drivers.dir/__/__/Drivers/STM32F4xx_HAL_Driver/Src/stm32f4xx_hal_cortex.c.obj
 .text.NVIC_EncodePriority
                0x0800267c       0x66 cmake/stm32cubemx/CMakeFiles/STM32_Drivers.dir/__/__/Drivers/STM32F4xx_HAL_Driver/Src/stm32f4xx_hal_cortex.c.obj
 *fill*         0x080026e2        0x2 
 .text.SysTick_Config
                0x080026e4       0x44 cmake/stm32cubemx/CMakeFiles/STM32_Drivers.dir/__/__/Drivers/STM32F4xx_HAL_Driver/Src/stm32f4xx_hal_cortex.c.obj
 .text.HAL_NVIC_SetPriorityGrouping
                0x08002728       0x16 cmake/stm32cubemx/CMakeFiles/STM32_Drivers.dir/__/__/Drivers/STM32F4xx_HAL_Driver/Src/stm32f4xx_hal_cortex.c.obj
                0x08002728                HAL_NVIC_SetPriorityGrouping
 .text.HAL_NVIC_SetPriority
                0x0800273e       0x38 cmake/stm32cubemx/CMakeFiles/STM32_Drivers.dir/__/__/Drivers/STM32F4xx_HAL_Driver/Src/stm32f4xx_hal_cortex.c.obj
                0x0800273e                HAL_NVIC_SetPriority
 .text.HAL_NVIC_EnableIRQ
                0x08002776       0x1c cmake/stm32cubemx/CMakeFiles/STM32_Drivers.dir/__/__/Drivers/STM32F4xx_HAL_Driver/Src/stm32f4xx_hal_cortex.c.obj
                0x08002776                HAL_NVIC_EnableIRQ
 .text.HAL_SYSTICK_Config
                0x08002792       0x18 cmake/stm32cubemx/CMakeFiles/STM32_Drivers.dir/__/__/Drivers/STM32F4xx_HAL_Driver/Src/stm32f4xx_hal_cortex.c.obj
                0x08002792                HAL_SYSTICK_Config
 *fill*         0x080027aa        0x2 
 .text.HAL_Init
                0x080027ac       0x44 cmake/stm32cubemx/CMakeFiles/STM32_Drivers.dir/__/__/Drivers/STM32F4xx_HAL_Driver/Src/stm32f4xx_hal.c.obj
                0x080027ac                HAL_Init
 .text.HAL_InitTick
                0x080027f0       0x60 cmake/stm32cubemx/CMakeFiles/STM32_Drivers.dir/__/__/Drivers/STM32F4xx_HAL_Driver/Src/stm32f4xx_hal.c.obj
                0x080027f0                HAL_InitTick
 .text.HAL_IncTick
                0x08002850       0x28 cmake/stm32cubemx/CMakeFiles/STM32_Drivers.dir/__/__/Drivers/STM32F4xx_HAL_Driver/Src/stm32f4xx_hal.c.obj
                0x08002850                HAL_IncTick
 .text.HAL_GetTick
                0x08002878       0x18 cmake/stm32cubemx/CMakeFiles/STM32_Drivers.dir/__/__/Drivers/STM32F4xx_HAL_Driver/Src/stm32f4xx_hal.c.obj
                0x08002878                HAL_GetTick
 .text.HAL_Delay
                0x08002890       0x48 cmake/stm32cubemx/CMakeFiles/STM32_Drivers.dir/__/__/Drivers/STM32F4xx_HAL_Driver/Src/stm32f4xx_hal.c.obj
                0x08002890                HAL_Delay
 .text.HAL_I2C_Init
                0x080028d8      0x288 cmake/stm32cubemx/CMakeFiles/STM32_Drivers.dir/__/__/Drivers/STM32F4xx_HAL_Driver/Src/stm32f4xx_hal_i2c.c.obj
                0x080028d8                HAL_I2C_Init
 .text.HAL_I2C_IsDeviceReady
                0x08002b60      0x25c cmake/stm32cubemx/CMakeFiles/STM32_Drivers.dir/__/__/Drivers/STM32F4xx_HAL_Driver/Src/stm32f4xx_hal_i2c.c.obj
                0x08002b60                HAL_I2C_IsDeviceReady
 .text.I2C_WaitOnFlagUntilTimeout
                0x08002dbc       0xf4 cmake/stm32cubemx/CMakeFiles/STM32_Drivers.dir/__/__/Drivers/STM32F4xx_HAL_Driver/Src/stm32f4xx_hal_i2c.c.obj
 .text.HAL_SPI_Init
                0x08002eb0      0x112 cmake/stm32cubemx/CMakeFiles/STM32_Drivers.dir/__/__/Drivers/STM32F4xx_HAL_Driver/Src/stm32f4xx_hal_spi.c.obj
                0x08002eb0                HAL_SPI_Init
 .text.HAL_TIM_Base_Init
                0x08002fc2       0x9e cmake/stm32cubemx/CMakeFiles/STM32_Drivers.dir/__/__/Drivers/STM32F4xx_HAL_Driver/Src/stm32f4xx_hal_tim.c.obj
                0x08002fc2                HAL_TIM_Base_Init
 .text.HAL_TIM_IRQHandler
                0x08003060      0x1e0 cmake/stm32cubemx/CMakeFiles/STM32_Drivers.dir/__/__/Drivers/STM32F4xx_HAL_Driver/Src/stm32f4xx_hal_tim.c.obj
                0x08003060                HAL_TIM_IRQHandler
 .text.HAL_TIM_PeriodElapsedCallback
                0x08003240       0x14 cmake/stm32cubemx/CMakeFiles/STM32_Drivers.dir/__/__/Drivers/STM32F4xx_HAL_Driver/Src/stm32f4xx_hal_tim.c.obj
                0x08003240                HAL_TIM_PeriodElapsedCallback
 .text.HAL_TIM_OC_DelayElapsedCallback
                0x08003254       0x14 cmake/stm32cubemx/CMakeFiles/STM32_Drivers.dir/__/__/Drivers/STM32F4xx_HAL_Driver/Src/stm32f4xx_hal_tim.c.obj
                0x08003254                HAL_TIM_OC_DelayElapsedCallback
 .text.HAL_TIM_IC_CaptureCallback
                0x08003268       0x14 cmake/stm32cubemx/CMakeFiles/STM32_Drivers.dir/__/__/Drivers/STM32F4xx_HAL_Driver/Src/stm32f4xx_hal_tim.c.obj
                0x08003268                HAL_TIM_IC_CaptureCallback
 .text.HAL_TIM_PWM_PulseFinishedCallback
                0x0800327c       0x14 cmake/stm32cubemx/CMakeFiles/STM32_Drivers.dir/__/__/Drivers/STM32F4xx_HAL_Driver/Src/stm32f4xx_hal_tim.c.obj
                0x0800327c                HAL_TIM_PWM_PulseFinishedCallback
 .text.HAL_TIM_TriggerCallback
                0x08003290       0x14 cmake/stm32cubemx/CMakeFiles/STM32_Drivers.dir/__/__/Drivers/STM32F4xx_HAL_Driver/Src/stm32f4xx_hal_tim.c.obj
                0x08003290                HAL_TIM_TriggerCallback
 .text.TIM_Base_SetConfig
                0x080032a4      0x14c cmake/stm32cubemx/CMakeFiles/STM32_Drivers.dir/__/__/Drivers/STM32F4xx_HAL_Driver/Src/stm32f4xx_hal_tim.c.obj
                0x080032a4                TIM_Base_SetConfig
 .text.HAL_TIMEx_MasterConfigSynchronization
                0x080033f0       0xf8 cmake/stm32cubemx/CMakeFiles/STM32_Drivers.dir/__/__/Drivers/STM32F4xx_HAL_Driver/Src/stm32f4xx_hal_tim_ex.c.obj
                0x080033f0                HAL_TIMEx_MasterConfigSynchronization
 .text.HAL_TIMEx_CommutCallback
                0x080034e8       0x14 cmake/stm32cubemx/CMakeFiles/STM32_Drivers.dir/__/__/Drivers/STM32F4xx_HAL_Driver/Src/stm32f4xx_hal_tim_ex.c.obj
                0x080034e8                HAL_TIMEx_CommutCallback
 .text.HAL_TIMEx_BreakCallback
                0x080034fc       0x14 cmake/stm32cubemx/CMakeFiles/STM32_Drivers.dir/__/__/Drivers/STM32F4xx_HAL_Driver/Src/stm32f4xx_hal_tim_ex.c.obj
                0x080034fc                HAL_TIMEx_BreakCallback
 .text.HAL_UART_Init
                0x08003510       0xa0 cmake/stm32cubemx/CMakeFiles/STM32_Drivers.dir/__/__/Drivers/STM32F4xx_HAL_Driver/Src/stm32f4xx_hal_uart.c.obj
                0x08003510                HAL_UART_Init
 .text.HAL_UART_Transmit
                0x080035b0      0x116 cmake/stm32cubemx/CMakeFiles/STM32_Drivers.dir/__/__/Drivers/STM32F4xx_HAL_Driver/Src/stm32f4xx_hal_uart.c.obj
                0x080035b0                HAL_UART_Transmit
 .text.UART_WaitOnFlagUntilTimeout
                0x080036c6       0xb2 cmake/stm32cubemx/CMakeFiles/STM32_Drivers.dir/__/__/Drivers/STM32F4xx_HAL_Driver/Src/stm32f4xx_hal_uart.c.obj
 .text.UART_EndRxTransfer
                0x08003778       0xc6 cmake/stm32cubemx/CMakeFiles/STM32_Drivers.dir/__/__/Drivers/STM32F4xx_HAL_Driver/Src/stm32f4xx_hal_uart.c.obj
 *fill*         0x0800383e        0x2 
 .text.UART_SetConfig
                0x08003840      0x4e8 cmake/stm32cubemx/CMakeFiles/STM32_Drivers.dir/__/__/Drivers/STM32F4xx_HAL_Driver/Src/stm32f4xx_hal_uart.c.obj
 .text.BSP_LED_Init
                0x08003d28       0x6c cmake/stm32cubemx/CMakeFiles/STM32_Drivers.dir/__/__/Drivers/BSP/STM32F4xx-Nucleo/stm32f4xx_nucleo.c.obj
                0x08003d28                BSP_LED_Init
 .text.BSP_LED_Toggle
                0x08003d94       0x28 cmake/stm32cubemx/CMakeFiles/STM32_Drivers.dir/__/__/Drivers/BSP/STM32F4xx-Nucleo/stm32f4xx_nucleo.c.obj
                0x08003d94                BSP_LED_Toggle
 .text.BSP_PB_Init
                0x08003dbc       0xac cmake/stm32cubemx/CMakeFiles/STM32_Drivers.dir/__/__/Drivers/BSP/STM32F4xx-Nucleo/stm32f4xx_nucleo.c.obj
                0x08003dbc                BSP_PB_Init
 .text.FATFS_LinkDriverEx
                0x08003e68       0x98 cmake/stm32cubemx/CMakeFiles/FatFs.dir/__/__/Middlewares/Third_Party/FatFs/src/ff_gen_drv.c.obj
                0x08003e68                FATFS_LinkDriverEx
 .text.FATFS_LinkDriver
                0x08003f00       0x1e cmake/stm32cubemx/CMakeFiles/FatFs.dir/__/__/Middlewares/Third_Party/FatFs/src/ff_gen_drv.c.obj
                0x08003f00                FATFS_LinkDriver
 *fill*         0x08003f1e        0x2 
 .text.USER_initialize
                0x08003f20       0x28 CMakeFiles/sensor-data-logger.dir/FATFS/Target/user_diskio.c.obj
                0x08003f20                USER_initialize
 .text.USER_status
                0x08003f48       0x28 CMakeFiles/sensor-data-logger.dir/FATFS/Target/user_diskio.c.obj
                0x08003f48                USER_status
 .text.USER_read
                0x08003f70       0x1e CMakeFiles/sensor-data-logger.dir/FATFS/Target/user_diskio.c.obj
                0x08003f70                USER_read
 .text.USER_write
                0x08003f8e       0x1e CMakeFiles/sensor-data-logger.dir/FATFS/Target/user_diskio.c.obj
                0x08003f8e                USER_write
 .text.USER_ioctl
                0x08003fac       0x22 CMakeFiles/sensor-data-logger.dir/FATFS/Target/user_diskio.c.obj
                0x08003fac                USER_ioctl
 *fill*         0x08003fce        0x2 
 .text.MX_FATFS_Init
                0x08003fd0       0x24 CMakeFiles/sensor-data-logger.dir/FATFS/App/fatfs.c.obj
                0x08003fd0                MX_FATFS_Init
 .text.main     0x08003ff4      0x108 CMakeFiles/sensor-data-logger.dir/Core/Src/main.c.obj
                0x08003ff4                main
 .text.SystemClock_Config
                0x080040fc       0xdc CMakeFiles/sensor-data-logger.dir/Core/Src/main.c.obj
                0x080040fc                SystemClock_Config
 .text.Error_Handler
                0x080041d8        0xc CMakeFiles/sensor-data-logger.dir/Core/Src/main.c.obj
                0x080041d8                Error_Handler
 .text.MX_GPIO_Init
                0x080041e4       0xc0 CMakeFiles/sensor-data-logger.dir/Core/Src/gpio.c.obj
                0x080041e4                MX_GPIO_Init
 .text.MX_I2C1_Init
                0x080042a4       0x5c CMakeFiles/sensor-data-logger.dir/Core/Src/i2c.c.obj
                0x080042a4                MX_I2C1_Init
 .text.HAL_I2C_MspInit
                0x08004300       0x90 CMakeFiles/sensor-data-logger.dir/Core/Src/i2c.c.obj
                0x08004300                HAL_I2C_MspInit
 .text.MX_SPI2_Init
                0x08004390       0x6c CMakeFiles/sensor-data-logger.dir/Core/Src/spi.c.obj
                0x08004390                MX_SPI2_Init
 .text.HAL_SPI_MspInit
                0x080043fc       0xf0 CMakeFiles/sensor-data-logger.dir/Core/Src/spi.c.obj
                0x080043fc                HAL_SPI_MspInit
 .text.MX_TIM6_Init
                0x080044ec       0x6c CMakeFiles/sensor-data-logger.dir/Core/Src/tim.c.obj
                0x080044ec                MX_TIM6_Init
 .text.HAL_TIM_Base_MspInit
                0x08004558       0x50 CMakeFiles/sensor-data-logger.dir/Core/Src/tim.c.obj
                0x08004558                HAL_TIM_Base_MspInit
 .text.MX_USART2_UART_Init
                0x080045a8       0x54 CMakeFiles/sensor-data-logger.dir/Core/Src/usart.c.obj
                0x080045a8                MX_USART2_UART_Init
 .text.HAL_UART_MspInit
                0x080045fc       0x90 CMakeFiles/sensor-data-logger.dir/Core/Src/usart.c.obj
                0x080045fc                HAL_UART_MspInit
 .text.NMI_Handler
                0x0800468c        0x8 CMakeFiles/sensor-data-logger.dir/Core/Src/stm32f4xx_it.c.obj
                0x0800468c                NMI_Handler
 .text.HardFault_Handler
                0x08004694        0x8 CMakeFiles/sensor-data-logger.dir/Core/Src/stm32f4xx_it.c.obj
                0x08004694                HardFault_Handler
 .text.MemManage_Handler
                0x0800469c        0x8 CMakeFiles/sensor-data-logger.dir/Core/Src/stm32f4xx_it.c.obj
                0x0800469c                MemManage_Handler
 .text.BusFault_Handler
                0x080046a4        0x8 CMakeFiles/sensor-data-logger.dir/Core/Src/stm32f4xx_it.c.obj
                0x080046a4                BusFault_Handler
 .text.UsageFault_Handler
                0x080046ac        0x8 CMakeFiles/sensor-data-logger.dir/Core/Src/stm32f4xx_it.c.obj
                0x080046ac                UsageFault_Handler
 .text.SVC_Handler
                0x080046b4        0xe CMakeFiles/sensor-data-logger.dir/Core/Src/stm32f4xx_it.c.obj
                0x080046b4                SVC_Handler
 .text.DebugMon_Handler
                0x080046c2        0xe CMakeFiles/sensor-data-logger.dir/Core/Src/stm32f4xx_it.c.obj
                0x080046c2                DebugMon_Handler
 .text.PendSV_Handler
                0x080046d0        0xe CMakeFiles/sensor-data-logger.dir/Core/Src/stm32f4xx_it.c.obj
                0x080046d0                PendSV_Handler
 .text.SysTick_Handler
                0x080046de        0xc CMakeFiles/sensor-data-logger.dir/Core/Src/stm32f4xx_it.c.obj
                0x080046de                SysTick_Handler
 .text.EXTI15_10_IRQHandler
                0x080046ea       0x10 CMakeFiles/sensor-data-logger.dir/Core/Src/stm32f4xx_it.c.obj
                0x080046ea                EXTI15_10_IRQHandler
 *fill*         0x080046fa        0x2 
 .text.TIM6_DAC_IRQHandler
                0x080046fc       0x14 CMakeFiles/sensor-data-logger.dir/Core/Src/stm32f4xx_it.c.obj
                0x080046fc                TIM6_DAC_IRQHandler
 .text.HAL_MspInit
                0x08004710       0x50 CMakeFiles/sensor-data-logger.dir/Core/Src/stm32f4xx_hal_msp.c.obj
                0x08004710                HAL_MspInit
 .text._sbrk    0x08004760       0x6c CMakeFiles/sensor-data-logger.dir/Core/Src/sysmem.c.obj
                0x08004760                _sbrk
 .text.Reset_Handler
                0x080047cc       0x50 CMakeFiles/sensor-data-logger.dir/startup_stm32f446xx.s.obj
                0x080047cc                Reset_Handler
 .text.Default_Handler
                0x0800481c        0x2 CMakeFiles/sensor-data-logger.dir/startup_stm32f446xx.s.obj
                0x0800481c                RTC_Alarm_IRQHandler
                0x0800481c                EXTI2_IRQHandler
                0x0800481c                TIM8_CC_IRQHandler
                0x0800481c                FMPI2C1_EV_IRQHandler
                0x0800481c                SPI4_IRQHandler
                0x0800481c                TIM1_CC_IRQHandler
                0x0800481c                DMA2_Stream5_IRQHandler
                0x0800481c                DMA1_Stream5_IRQHandler
                0x0800481c                PVD_IRQHandler
                0x0800481c                SDIO_IRQHandler
                0x0800481c                TAMP_STAMP_IRQHandler
                0x0800481c                CAN2_RX1_IRQHandler
                0x0800481c                EXTI3_IRQHandler
                0x0800481c                TIM8_TRG_COM_TIM14_IRQHandler
                0x0800481c                TIM1_UP_TIM10_IRQHandler
                0x0800481c                TIM8_UP_TIM13_IRQHandler
                0x0800481c                I2C3_ER_IRQHandler
                0x0800481c                EXTI0_IRQHandler
                0x0800481c                I2C2_EV_IRQHandler
                0x0800481c                DMA1_Stream2_IRQHandler
                0x0800481c                CAN1_RX0_IRQHandler
                0x0800481c                FPU_IRQHandler
                0x0800481c                OTG_HS_WKUP_IRQHandler
                0x0800481c                CAN2_SCE_IRQHandler
                0x0800481c                DMA2_Stream2_IRQHandler
                0x0800481c                SPI1_IRQHandler
                0x0800481c                TIM1_BRK_TIM9_IRQHandler
                0x0800481c                DCMI_IRQHandler
                0x0800481c                CAN2_RX0_IRQHandler
                0x0800481c                DMA2_Stream3_IRQHandler
                0x0800481c                SAI2_IRQHandler
                0x0800481c                USART6_IRQHandler
                0x0800481c                USART3_IRQHandler
                0x0800481c                CAN1_RX1_IRQHandler
                0x0800481c                UART5_IRQHandler
                0x0800481c                DMA2_Stream0_IRQHandler
                0x0800481c                TIM4_IRQHandler
                0x0800481c                QUADSPI_IRQHandler
                0x0800481c                I2C1_EV_IRQHandler
                0x0800481c                DMA1_Stream6_IRQHandler
                0x0800481c                DMA1_Stream1_IRQHandler
                0x0800481c                UART4_IRQHandler
                0x0800481c                TIM3_IRQHandler
                0x0800481c                RCC_IRQHandler
                0x0800481c                TIM8_BRK_TIM12_IRQHandler
                0x0800481c                Default_Handler
                0x0800481c                CEC_IRQHandler
                0x0800481c                ADC_IRQHandler
                0x0800481c                DMA1_Stream7_IRQHandler
                0x0800481c                TIM7_IRQHandler
                0x0800481c                CAN2_TX_IRQHandler
                0x0800481c                TIM5_IRQHandler
                0x0800481c                DMA2_Stream7_IRQHandler
                0x0800481c                I2C3_EV_IRQHandler
                0x0800481c                EXTI9_5_IRQHandler
                0x0800481c                RTC_WKUP_IRQHandler
                0x0800481c                SPDIF_RX_IRQHandler
                0x0800481c                SPI2_IRQHandler
                0x0800481c                OTG_HS_EP1_IN_IRQHandler
                0x0800481c                DMA1_Stream0_IRQHandler
                0x0800481c                CAN1_TX_IRQHandler
                0x0800481c                FMPI2C1_ER_IRQHandler
                0x0800481c                EXTI4_IRQHandler
                0x0800481c                OTG_HS_EP1_OUT_IRQHandler
                0x0800481c                WWDG_IRQHandler
                0x0800481c                TIM2_IRQHandler
                0x0800481c                OTG_FS_WKUP_IRQHandler
                0x0800481c                TIM1_TRG_COM_TIM11_IRQHandler
                0x0800481c                OTG_HS_IRQHandler
                0x0800481c                EXTI1_IRQHandler
                0x0800481c                USART2_IRQHandler
                0x0800481c                I2C2_ER_IRQHandler
                0x0800481c                DMA2_Stream1_IRQHandler
                0x0800481c                CAN1_SCE_IRQHandler
                0x0800481c                FLASH_IRQHandler
                0x0800481c                DMA2_Stream4_IRQHandler
                0x0800481c                USART1_IRQHandler
                0x0800481c                OTG_FS_IRQHandler
                0x0800481c                SPI3_IRQHandler
                0x0800481c                DMA1_Stream4_IRQHandler
                0x0800481c                I2C1_ER_IRQHandler
                0x0800481c                FMC_IRQHandler
                0x0800481c                DMA2_Stream6_IRQHandler
                0x0800481c                SAI1_IRQHandler
                0x0800481c                DMA1_Stream3_IRQHandler
 *(.glue_7)
 .glue_7        0x0800481e        0x0 linker stubs
 *(.glue_7t)
 .glue_7t       0x0800481e        0x0 linker stubs
 *(.eh_frame)
 *fill*         0x0800481e        0x2 
 .eh_frame      0x08004820        0x0 /usr/lib/gcc/arm-none-eabi/13.2.1/thumb/v7e-m+fp/hard/crtbegin.o
 *(.init)
 .init          0x08004820        0x4 /usr/lib/gcc/arm-none-eabi/13.2.1/thumb/v7e-m+fp/hard/crti.o
                0x08004820                _init
 .init          0x08004824        0x8 /usr/lib/gcc/arm-none-eabi/13.2.1/thumb/v7e-m+fp/hard/crtn.o
 *(.fini)
 .fini          0x0800482c        0x4 /usr/lib/gcc/arm-none-eabi/13.2.1/thumb/v7e-m+fp/hard/crti.o
                0x0800482c                _fini
 .fini          0x08004830        0x8 /usr/lib/gcc/arm-none-eabi/13.2.1/thumb/v7e-m+fp/hard/crtn.o
                0x08004838                        . = ALIGN (0x4)
                0x08004838                        _etext = .

.vfp11_veneer   0x08004838        0x0
 .vfp11_veneer  0x08004838        0x0 linker stubs

.v4_bx          0x08004838        0x0
 .v4_bx         0x08004838        0x0 linker stubs

.iplt           0x08004838        0x0
 .iplt          0x08004838        0x0 /usr/lib/gcc/arm-none-eabi/13.2.1/thumb/v7e-m+fp/hard/crtbegin.o

.rodata         0x08004838       0x98
                0x08004838                        . = ALIGN (0x4)
 *(.rodata)
 .rodata        0x08004838       0x41 CMakeFiles/sensor-data-logger.dir/Core/Src/main.c.obj
 *(.rodata*)
 *fill*         0x08004879        0x3 
 .rodata.AHBPrescTable
                0x0800487c       0x10 cmake/stm32cubemx/CMakeFiles/STM32_Drivers.dir/__/__/Core/Src/system_stm32f4xx.c.obj
                0x0800487c                AHBPrescTable
 .rodata.APBPrescTable
                0x0800488c        0x8 cmake/stm32cubemx/CMakeFiles/STM32_Drivers.dir/__/__/Core/Src/system_stm32f4xx.c.obj
                0x0800488c                APBPrescTable
 .rodata.str1.4
                0x08004894       0x39 /usr/lib/gcc/arm-none-eabi/13.2.1/../../../arm-none-eabi/lib/thumb/v7e-m+fp/hard/libg_nano.a(libc_a-nano-svfprintf.o)
                                 0x13 (size before relaxing)
 .rodata.str1.4
                0x080048cd       0x25 /usr/lib/gcc/arm-none-eabi/13.2.1/../../../arm-none-eabi/lib/thumb/v7e-m+fp/hard/libg_nano.a(libc_a-nano-vfprintf_i.o)
                0x080048f4                        . = ALIGN (0x4)
 *fill*         0x080048cd        0x3 

.ARM.extab      0x080048d0        0x0
                0x080048d0                        . = ALIGN (0x4)
 *(.ARM.extab* .gnu.linkonce.armextab.*)
                0x080048d0                        . = ALIGN (0x4)

.ARM            0x080048d0        0x8
                0x080048d0                        . = ALIGN (0x4)
                0x080048d0                        __exidx_start = .
 *(.ARM.exidx*)
 .ARM.exidx     0x080048d0        0x8 /usr/lib/gcc/arm-none-eabi/13.2.1/thumb/v7e-m+fp/hard/libgcc.a(_udivmoddi4.o)
 .ARM.exidx     0x080048d8        0x0 /usr/lib/gcc/arm-none-eabi/13.2.1/../../../arm-none-eabi/lib/thumb/v7e-m+fp/hard/libg_nano.a(libc_a-strlen.o)
                                  0x8 (size before relaxing)
 .ARM.exidx     0x080048d8        0x0 /usr/lib/gcc/arm-none-eabi/13.2.1/../../../arm-none-eabi/lib/thumb/v7e-m+fp/hard/libg_nano.a(libc_a-memchr.o)
                                  0x8 (size before relaxing)
 .ARM.exidx     0x080048d8        0x0 /usr/lib/gcc/arm-none-eabi/13.2.1/../../../arm-none-eabi/lib/thumb/v7e-m+fp/hard/libg_nano.a(libc_a-memcpy.o)
                                  0x8 (size before relaxing)
                0x080048d8                        __exidx_end = .
                0x080048d8                        . = ALIGN (0x4)

.preinit_array  0x080048d8        0x0
                0x080048d8                        . = ALIGN (0x4)
                0x080048d8                        PROVIDE (__preinit_array_start = .)
 *(.preinit_array*)
                0x080048d8                        PROVIDE (__preinit_array_end = .)
                0x080048d8                        . = ALIGN (0x4)

.init_array     0x080048d8        0x4
                0x080048d8                        . = ALIGN (0x4)
                0x080048d8                        PROVIDE (__init_array_start = .)
 *(SORT_BY_NAME(.init_array.*))
 *(.init_array*)
 .init_array    0x080048d8        0x4 /usr/lib/gcc/arm-none-eabi/13.2.1/thumb/v7e-m+fp/hard/crtbegin.o
                0x080048dc                        PROVIDE (__init_array_end = .)
                0x080048dc                        . = ALIGN (0x4)

.fini_array     0x080048dc        0x4
                0x080048dc                        . = ALIGN (0x4)
                0x080048dc                        PROVIDE (__fini_array_start = .)
 *(SORT_BY_NAME(.fini_array.*))
 *(.fini_array*)
 .fini_array    0x080048dc        0x4 /usr/lib/gcc/arm-none-eabi/13.2.1/thumb/v7e-m+fp/hard/crtbegin.o
                0x080048e0                        PROVIDE (__fini_array_end = .)
                0x080048e0                        . = ALIGN (0x4)
                0x080048e0                        _sidata = LOADADDR (.data)

.rel.dyn        0x080048e0        0x0
 .rel.iplt      0x080048e0        0x0 /usr/lib/gcc/arm-none-eabi/13.2.1/thumb/v7e-m+fp/hard/crtbegin.o

.data           0x20000000       0x7c load address 0x080048e0
                0x20000000                        . = ALIGN (0x4)
                0x20000000                        _sdata = .
 *(.data)
 .data          0x20000000       0x50 /usr/lib/gcc/arm-none-eabi/13.2.1/../../../arm-none-eabi/lib/thumb/v7e-m+fp/hard/libg_nano.a(libc_a-impure.o)
                0x20000000                _impure_ptr
                0x20000004                _impure_data
 *(.data*)
 .data.SystemCoreClock
                0x20000050        0x4 cmake/stm32cubemx/CMakeFiles/STM32_Drivers.dir/__/__/Core/Src/system_stm32f4xx.c.obj
                0x20000050                SystemCoreClock
 .data.uwTickPrio
                0x20000054        0x4 cmake/stm32cubemx/CMakeFiles/STM32_Drivers.dir/__/__/Drivers/STM32F4xx_HAL_Driver/Src/stm32f4xx_hal.c.obj
                0x20000054                uwTickPrio
 .data.uwTickFreq
                0x20000058        0x1 cmake/stm32cubemx/CMakeFiles/STM32_Drivers.dir/__/__/Drivers/STM32F4xx_HAL_Driver/Src/stm32f4xx_hal.c.obj
                0x20000058                uwTickFreq
 *fill*         0x20000059        0x3 
 .data.GPIO_PORT
                0x2000005c        0x4 cmake/stm32cubemx/CMakeFiles/STM32_Drivers.dir/__/__/Drivers/BSP/STM32F4xx-Nucleo/stm32f4xx_nucleo.c.obj
                0x2000005c                GPIO_PORT
 .data.BUTTON_PORT
                0x20000060        0x4 cmake/stm32cubemx/CMakeFiles/STM32_Drivers.dir/__/__/Drivers/BSP/STM32F4xx-Nucleo/stm32f4xx_nucleo.c.obj
                0x20000060                BUTTON_PORT
 .data.Stat     0x20000064        0x1 CMakeFiles/sensor-data-logger.dir/FATFS/Target/user_diskio.c.obj
 *fill*         0x20000065        0x3 
 .data.USER_Driver
                0x20000068       0x14 CMakeFiles/sensor-data-logger.dir/FATFS/Target/user_diskio.c.obj
                0x20000068                USER_Driver
 *(.RamFunc)
 *(.RamFunc*)
                0x2000007c                        . = ALIGN (0x4)

.tm_clone_table
                0x2000007c        0x0 load address 0x0800495c
 .tm_clone_table
                0x2000007c        0x0 /usr/lib/gcc/arm-none-eabi/13.2.1/thumb/v7e-m+fp/hard/crtbegin.o
 .tm_clone_table
                0x2000007c        0x0 /usr/lib/gcc/arm-none-eabi/13.2.1/thumb/v7e-m+fp/hard/crtend.o

.igot.plt       0x2000007c        0x0 load address 0x0800495c
 .igot.plt      0x2000007c        0x0 /usr/lib/gcc/arm-none-eabi/13.2.1/thumb/v7e-m+fp/hard/crtbegin.o

.tdata          0x2000007c        0x0 load address 0x0800495c
 *(.tdata .tdata.* .gnu.linkonce.td.*)
                0x2000007c                        . = ALIGN (0x4)
                0x2000007c                        _edata = .
                [!provide]                        PROVIDE (__data_end = .)
                [!provide]                        PROVIDE (__tdata_end = .)
                [!provide]                        PROVIDE (__tdata_start = ADDR (.tdata))
                [!provide]                        PROVIDE (__tdata_size = (__tdata_end - __tdata_start))
                [!provide]                        PROVIDE (__data_start = ADDR (.data))
                [!provide]                        PROVIDE (__data_size = (__data_end - __data_start))
                [!provide]                        PROVIDE (__tdata_source = LOADADDR (.tdata))
                [!provide]                        PROVIDE (__tdata_source_end = (LOADADDR (.tdata) + SIZEOF (.tdata)))
                [!provide]                        PROVIDE (__tdata_source_size = (__tdata_source_end - __tdata_source))
                [!provide]                        PROVIDE (__data_source = LOADADDR (.data))
                [!provide]                        PROVIDE (__data_source_end = __tdata_source_end)
                [!provide]                        PROVIDE (__data_source_size = (__data_source_end - __data_source))

.tbss           0x2000007c        0x0 load address 0x0800495c
                0x2000007c                        _sbss = .
                0x2000007c                        __bss_start__ = _sbss
 *(.tbss .tbss.*)
                0x2000007c                        . = ALIGN (0x4)
                [!provide]                        PROVIDE (__tbss_end = .)
                [!provide]                        PROVIDE (__tbss_start = ADDR (.tbss))
                [!provide]                        PROVIDE (__tbss_size = (__tbss_end - __tbss_start))
                [!provide]                        PROVIDE (__tbss_offset = (ADDR (.tbss) - ADDR (.tdata)))
                [!provide]                        PROVIDE (__tls_base = __tdata_start)
                [!provide]                        PROVIDE (__tls_end = __tbss_end)
                [!provide]                        PROVIDE (__tls_size = (__tls_end - __tls_base))
                [!provide]                        PROVIDE (__tls_align = MAX (ALIGNOF (.tdata), ALIGNOF (.tbss)))
                [!provide]                        PROVIDE (__tls_size_align = (((__tls_size + __tls_align) - 0x1) & ~ ((__tls_align - 0x1))))
                [!provide]                        PROVIDE (__arm32_tls_tcb_offset = MAX (0x8, __tls_align))
                [!provide]                        PROVIDE (__arm64_tls_tcb_offset = MAX (0x10, __tls_align))

.bss            0x2000007c      0x2bc load address 0x0800495c
 *(.bss)
 .bss           0x2000007c       0x1c /usr/lib/gcc/arm-none-eabi/13.2.1/thumb/v7e-m+fp/hard/crtbegin.o
 .bss           0x20000098      0x13c /usr/lib/gcc/arm-none-eabi/13.2.1/../../../arm-none-eabi/lib/thumb/v7e-m+fp/hard/libg_nano.a(libc_a-findfp.o)
                0x20000098                __sf
                0x200001d0                __stdio_exit_handler
 .bss           0x200001d4        0x8 /usr/lib/gcc/arm-none-eabi/13.2.1/../../../arm-none-eabi/lib/thumb/v7e-m+fp/hard/libg_nano.a(libc_a-mallocr.o)
                0x200001d4                __malloc_sbrk_start
                0x200001d8                __malloc_free_list
 .bss           0x200001dc        0x4 /usr/lib/gcc/arm-none-eabi/13.2.1/../../../arm-none-eabi/lib/thumb/v7e-m+fp/hard/libg_nano.a(libc_a-reent.o)
                0x200001dc                errno
 *(.bss*)
 .bss.uwTick    0x200001e0        0x4 cmake/stm32cubemx/CMakeFiles/STM32_Drivers.dir/__/__/Drivers/STM32F4xx_HAL_Driver/Src/stm32f4xx_hal.c.obj
                0x200001e0                uwTick
 .bss.disk      0x200001e4        0xc cmake/stm32cubemx/CMakeFiles/FatFs.dir/__/__/Middlewares/Third_Party/FatFs/src/ff_gen_drv.c.obj
                0x200001e4                disk
 .bss.retUSER   0x200001f0        0x1 CMakeFiles/sensor-data-logger.dir/FATFS/App/fatfs.c.obj
                0x200001f0                retUSER
 *fill*         0x200001f1        0x3 
 .bss.USERPath  0x200001f4        0x4 CMakeFiles/sensor-data-logger.dir/FATFS/App/fatfs.c.obj
                0x200001f4                USERPath
 .bss.hi2c1     0x200001f8       0x54 CMakeFiles/sensor-data-logger.dir/Core/Src/i2c.c.obj
                0x200001f8                hi2c1
 .bss.hspi2     0x2000024c       0x58 CMakeFiles/sensor-data-logger.dir/Core/Src/spi.c.obj
                0x2000024c                hspi2
 .bss.htim6     0x200002a4       0x48 CMakeFiles/sensor-data-logger.dir/Core/Src/tim.c.obj
                0x200002a4                htim6
 .bss.huart2    0x200002ec       0x48 CMakeFiles/sensor-data-logger.dir/Core/Src/usart.c.obj
                0x200002ec                huart2
 .bss.__sbrk_heap_end
                0x20000334        0x4 CMakeFiles/sensor-data-logger.dir/Core/Src/sysmem.c.obj
 *(COMMON)
                0x20000338                        . = ALIGN (0x4)
                0x20000338                        _ebss = .
                0x20000338                        __bss_end__ = _ebss
                [!provide]                        PROVIDE (__bss_end = .)
                [!provide]                        PROVIDE (__non_tls_bss_start = ADDR (.bss))
                [!provide]                        PROVIDE (__bss_start = __tbss_start)
                [!provide]                        PROVIDE (__bss_size = (__bss_end - __bss_start))

._user_heap_stack
                0x20000338      0x600 load address 0x0800495c
                0x20000338                        . = ALIGN (0x8)
                [!provide]                        PROVIDE (end = .)
                0x20000338                        PROVIDE (_end = .)
                0x20000538                        . = (. + _Min_Heap_Size)
 *fill*         0x20000338      0x200 
                0x20000938                        . = (. + _Min_Stack_Size)
 *fill*         0x20000538      0x400 
                0x20000938                        . = ALIGN (0x8)

/DISCARD/
 libc.a:*(*)
 libm.a:*(*)
 libgcc.a:*(*)
OUTPUT(sensor-data-logger.elf elf32-littlearm)
LOAD linker stubs

.ARM.attributes
                0x00000000       0x30
 .ARM.attributes
                0x00000000       0x22 /usr/lib/gcc/arm-none-eabi/13.2.1/thumb/v7e-m+fp/hard/crti.o
 .ARM.attributes
                0x00000022       0x34 /usr/lib/gcc/arm-none-eabi/13.2.1/thumb/v7e-m+fp/hard/crtbegin.o
 .ARM.attributes
                0x00000056       0x34 cmake/stm32cubemx/CMakeFiles/STM32_Drivers.dir/__/__/Core/Src/system_stm32f4xx.c.obj
 .ARM.attributes
                0x0000008a       0x34 cmake/stm32cubemx/CMakeFiles/STM32_Drivers.dir/__/__/Drivers/STM32F4xx_HAL_Driver/Src/stm32f4xx_hal_rcc.c.obj
 .ARM.attributes
                0x000000be       0x34 cmake/stm32cubemx/CMakeFiles/STM32_Drivers.dir/__/__/Drivers/STM32F4xx_HAL_Driver/Src/stm32f4xx_hal_rcc_ex.c.obj
 .ARM.attributes
                0x000000f2       0x34 cmake/stm32cubemx/CMakeFiles/STM32_Drivers.dir/__/__/Drivers/STM32F4xx_HAL_Driver/Src/stm32f4xx_hal_gpio.c.obj
 .ARM.attributes
                0x00000126       0x34 cmake/stm32cubemx/CMakeFiles/STM32_Drivers.dir/__/__/Drivers/STM32F4xx_HAL_Driver/Src/stm32f4xx_hal_cortex.c.obj
 .ARM.attributes
                0x0000015a       0x34 cmake/stm32cubemx/CMakeFiles/STM32_Drivers.dir/__/__/Drivers/STM32F4xx_HAL_Driver/Src/stm32f4xx_hal.c.obj
 .ARM.attributes
                0x0000018e       0x34 cmake/stm32cubemx/CMakeFiles/STM32_Drivers.dir/__/__/Drivers/STM32F4xx_HAL_Driver/Src/stm32f4xx_hal_i2c.c.obj
 .ARM.attributes
                0x000001c2       0x34 cmake/stm32cubemx/CMakeFiles/STM32_Drivers.dir/__/__/Drivers/STM32F4xx_HAL_Driver/Src/stm32f4xx_hal_spi.c.obj
 .ARM.attributes
                0x000001f6       0x34 cmake/stm32cubemx/CMakeFiles/STM32_Drivers.dir/__/__/Drivers/STM32F4xx_HAL_Driver/Src/stm32f4xx_hal_tim.c.obj
 .ARM.attributes
                0x0000022a       0x34 cmake/stm32cubemx/CMakeFiles/STM32_Drivers.dir/__/__/Drivers/STM32F4xx_HAL_Driver/Src/stm32f4xx_hal_tim_ex.c.obj
 .ARM.attributes
                0x0000025e       0x34 cmake/stm32cubemx/CMakeFiles/STM32_Drivers.dir/__/__/Drivers/STM32F4xx_HAL_Driver/Src/stm32f4xx_hal_uart.c.obj
 .ARM.attributes
                0x00000292       0x34 cmake/stm32cubemx/CMakeFiles/STM32_Drivers.dir/__/__/Drivers/BSP/STM32F4xx-Nucleo/stm32f4xx_nucleo.c.obj
 .ARM.attributes
                0x000002c6       0x34 cmake/stm32cubemx/CMakeFiles/FatFs.dir/__/__/Middlewares/Third_Party/FatFs/src/ff_gen_drv.c.obj
 .ARM.attributes
                0x000002fa       0x34 CMakeFiles/sensor-data-logger.dir/FATFS/Target/user_diskio.c.obj
 .ARM.attributes
                0x0000032e       0x34 CMakeFiles/sensor-data-logger.dir/FATFS/App/fatfs.c.obj
 .ARM.attributes
                0x00000362       0x34 CMakeFiles/sensor-data-logger.dir/Core/Src/main.c.obj
 .ARM.attributes
                0x00000396       0x34 CMakeFiles/sensor-data-logger.dir/Core/Src/gpio.c.obj
 .ARM.attributes
                0x000003ca       0x34 CMakeFiles/sensor-data-logger.dir/Core/Src/i2c.c.obj
 .ARM.attributes
                0x000003fe       0x34 CMakeFiles/sensor-data-logger.dir/Core/Src/spi.c.obj
 .ARM.attributes
                0x00000432       0x34 CMakeFiles/sensor-data-logger.dir/Core/Src/tim.c.obj
 .ARM.attributes
                0x00000466       0x34 CMakeFiles/sensor-data-logger.dir/Core/Src/usart.c.obj
 .ARM.attributes
                0x0000049a       0x34 CMakeFiles/sensor-data-logger.dir/Core/Src/stm32f4xx_it.c.obj
 .ARM.attributes
                0x000004ce       0x34 CMakeFiles/sensor-data-logger.dir/Core/Src/stm32f4xx_hal_msp.c.obj
 .ARM.attributes
                0x00000502       0x34 CMakeFiles/sensor-data-logger.dir/Core/Src/sysmem.c.obj
 .ARM.attributes
                0x00000536       0x21 CMakeFiles/sensor-data-logger.dir/startup_stm32f446xx.s.obj
 .ARM.attributes
                0x00000557       0x22 /usr/lib/gcc/arm-none-eabi/13.2.1/thumb/v7e-m+fp/hard/libgcc.a(_aeabi_uldivmod.o)
 .ARM.attributes
                0x00000579       0x34 /usr/lib/gcc/arm-none-eabi/13.2.1/thumb/v7e-m+fp/hard/libgcc.a(_udivmoddi4.o)
 .ARM.attributes
                0x000005ad       0x22 /usr/lib/gcc/arm-none-eabi/13.2.1/thumb/v7e-m+fp/hard/libgcc.a(_dvmd_tls.o)
 .ARM.attributes
                0x000005cf       0x34 /usr/lib/gcc/arm-none-eabi/13.2.1/../../../arm-none-eabi/lib/thumb/v7e-m+fp/hard/libg_nano.a(libc_a-init.o)
 .ARM.attributes
                0x00000603       0x1c /usr/lib/gcc/arm-none-eabi/13.2.1/../../../arm-none-eabi/lib/thumb/v7e-m+fp/hard/libg_nano.a(libc_a-strlen.o)
 .ARM.attributes
                0x0000061f       0x34 /usr/lib/gcc/arm-none-eabi/13.2.1/../../../arm-none-eabi/lib/thumb/v7e-m+fp/hard/libg_nano.a(libc_a-memset.o)
 .ARM.attributes
                0x00000653       0x34 /usr/lib/gcc/arm-none-eabi/13.2.1/../../../arm-none-eabi/lib/thumb/v7e-m+fp/hard/libg_nano.a(libc_a-errno.o)
 .ARM.attributes
                0x00000687       0x34 /usr/lib/gcc/arm-none-eabi/13.2.1/../../../arm-none-eabi/lib/thumb/v7e-m+fp/hard/libg_nano.a(libc_a-snprintf.o)
 .ARM.attributes
                0x000006bb       0x34 /usr/lib/gcc/arm-none-eabi/13.2.1/../../../arm-none-eabi/lib/thumb/v7e-m+fp/hard/libg_nano.a(libc_a-impure.o)
 .ARM.attributes
                0x000006ef       0x34 /usr/lib/gcc/arm-none-eabi/13.2.1/../../../arm-none-eabi/lib/thumb/v7e-m+fp/hard/libg_nano.a(libc_a-nano-svfprintf.o)
 .ARM.attributes
                0x00000723       0x34 /usr/lib/gcc/arm-none-eabi/13.2.1/../../../arm-none-eabi/lib/thumb/v7e-m+fp/hard/libg_nano.a(libc_a-findfp.o)
 .ARM.attributes
                0x00000757       0x34 /usr/lib/gcc/arm-none-eabi/13.2.1/../../../arm-none-eabi/lib/thumb/v7e-m+fp/hard/libg_nano.a(libc_a-mallocr.o)
 .ARM.attributes
                0x0000078b       0x34 /usr/lib/gcc/arm-none-eabi/13.2.1/../../../arm-none-eabi/lib/thumb/v7e-m+fp/hard/libg_nano.a(libc_a-freer.o)
 .ARM.attributes
                0x000007bf       0x34 /usr/lib/gcc/arm-none-eabi/13.2.1/../../../arm-none-eabi/lib/thumb/v7e-m+fp/hard/libg_nano.a(libc_a-memmove.o)
 .ARM.attributes
                0x000007f3       0x1c /usr/lib/gcc/arm-none-eabi/13.2.1/../../../arm-none-eabi/lib/thumb/v7e-m+fp/hard/libg_nano.a(libc_a-memchr.o)
 .ARM.attributes
                0x0000080f       0x20 /usr/lib/gcc/arm-none-eabi/13.2.1/../../../arm-none-eabi/lib/thumb/v7e-m+fp/hard/libg_nano.a(libc_a-memcpy.o)
 .ARM.attributes
                0x0000082f       0x34 /usr/lib/gcc/arm-none-eabi/13.2.1/../../../arm-none-eabi/lib/thumb/v7e-m+fp/hard/libg_nano.a(libc_a-reallocr.o)
 .ARM.attributes
                0x00000863       0x34 /usr/lib/gcc/arm-none-eabi/13.2.1/../../../arm-none-eabi/lib/thumb/v7e-m+fp/hard/libg_nano.a(libc_a-nano-vfprintf_i.o)
 .ARM.attributes
                0x00000897       0x34 /usr/lib/gcc/arm-none-eabi/13.2.1/../../../arm-none-eabi/lib/thumb/v7e-m+fp/hard/libg_nano.a(libc_a-mlock.o)
 .ARM.attributes
                0x000008cb       0x34 /usr/lib/gcc/arm-none-eabi/13.2.1/../../../arm-none-eabi/lib/thumb/v7e-m+fp/hard/libg_nano.a(libc_a-sbrkr.o)
 .ARM.attributes
                0x000008ff       0x34 /usr/lib/gcc/arm-none-eabi/13.2.1/../../../arm-none-eabi/lib/thumb/v7e-m+fp/hard/libg_nano.a(libc_a-msizer.o)
 .ARM.attributes
                0x00000933       0x34 /usr/lib/gcc/arm-none-eabi/13.2.1/../../../arm-none-eabi/lib/thumb/v7e-m+fp/hard/libg_nano.a(libc_a-reent.o)
 .ARM.attributes
                0x00000967       0x34 /usr/lib/gcc/arm-none-eabi/13.2.1/thumb/v7e-m+fp/hard/crtend.o
 .ARM.attributes
                0x0000099b       0x22 /usr/lib/gcc/arm-none-eabi/13.2.1/thumb/v7e-m+fp/hard/crtn.o

.comment        0x00000000       0x26
 .comment       0x00000000       0x26 /usr/lib/gcc/arm-none-eabi/13.2.1/thumb/v7e-m+fp/hard/crtbegin.o
                                 0x27 (size before relaxing)
 .comment       0x00000026       0x27 cmake/stm32cubemx/CMakeFiles/STM32_Drivers.dir/__/__/Core/Src/system_stm32f4xx.c.obj
 .comment       0x00000026       0x27 cmake/stm32cubemx/CMakeFiles/STM32_Drivers.dir/__/__/Drivers/STM32F4xx_HAL_Driver/Src/stm32f4xx_hal_rcc.c.obj
 .comment       0x00000026       0x27 cmake/stm32cubemx/CMakeFiles/STM32_Drivers.dir/__/__/Drivers/STM32F4xx_HAL_Driver/Src/stm32f4xx_hal_rcc_ex.c.obj
 .comment       0x00000026       0x27 cmake/stm32cubemx/CMakeFiles/STM32_Drivers.dir/__/__/Drivers/STM32F4xx_HAL_Driver/Src/stm32f4xx_hal_gpio.c.obj
 .comment       0x00000026       0x27 cmake/stm32cubemx/CMakeFiles/STM32_Drivers.dir/__/__/Drivers/STM32F4xx_HAL_Driver/Src/stm32f4xx_hal_cortex.c.obj
 .comment       0x00000026       0x27 cmake/stm32cubemx/CMakeFiles/STM32_Drivers.dir/__/__/Drivers/STM32F4xx_HAL_Driver/Src/stm32f4xx_hal.c.obj
 .comment       0x00000026       0x27 cmake/stm32cubemx/CMakeFiles/STM32_Drivers.dir/__/__/Drivers/STM32F4xx_HAL_Driver/Src/stm32f4xx_hal_i2c.c.obj
 .comment       0x00000026       0x27 cmake/stm32cubemx/CMakeFiles/STM32_Drivers.dir/__/__/Drivers/STM32F4xx_HAL_Driver/Src/stm32f4xx_hal_spi.c.obj
 .comment       0x00000026       0x27 cmake/stm32cubemx/CMakeFiles/STM32_Drivers.dir/__/__/Drivers/STM32F4xx_HAL_Driver/Src/stm32f4xx_hal_tim.c.obj
 .comment       0x00000026       0x27 cmake/stm32cubemx/CMakeFiles/STM32_Drivers.dir/__/__/Drivers/STM32F4xx_HAL_Driver/Src/stm32f4xx_hal_tim_ex.c.obj
 .comment       0x00000026       0x27 cmake/stm32cubemx/CMakeFiles/STM32_Drivers.dir/__/__/Drivers/STM32F4xx_HAL_Driver/Src/stm32f4xx_hal_uart.c.obj
 .comment       0x00000026       0x27 cmake/stm32cubemx/CMakeFiles/STM32_Drivers.dir/__/__/Drivers/BSP/STM32F4xx-Nucleo/stm32f4xx_nucleo.c.obj
 .comment       0x00000026       0x27 cmake/stm32cubemx/CMakeFiles/FatFs.dir/__/__/Middlewares/Third_Party/FatFs/src/ff_gen_drv.c.obj
 .comment       0x00000026       0x27 CMakeFiles/sensor-data-logger.dir/FATFS/Target/user_diskio.c.obj
 .comment       0x00000026       0x27 CMakeFiles/sensor-data-logger.dir/FATFS/App/fatfs.c.obj
 .comment       0x00000026       0x27 CMakeFiles/sensor-data-logger.dir/Core/Src/main.c.obj
 .comment       0x00000026       0x27 CMakeFiles/sensor-data-logger.dir/Core/Src/gpio.c.obj
 .comment       0x00000026       0x27 CMakeFiles/sensor-data-logger.dir/Core/Src/i2c.c.obj
 .comment       0x00000026       0x27 CMakeFiles/sensor-data-logger.dir/Core/Src/spi.c.obj
 .comment       0x00000026       0x27 CMakeFiles/sensor-data-logger.dir/Core/Src/tim.c.obj
 .comment       0x00000026       0x27 CMakeFiles/sensor-data-logger.dir/Core/Src/usart.c.obj
 .comment       0x00000026       0x27 CMakeFiles/sensor-data-logger.dir/Core/Src/stm32f4xx_it.c.obj
 .comment       0x00000026       0x27 CMakeFiles/sensor-data-logger.dir/Core/Src/stm32f4xx_hal_msp.c.obj
 .comment       0x00000026       0x27 CMakeFiles/sensor-data-logger.dir/Core/Src/sysmem.c.obj
 .comment       0x00000026       0x27 /usr/lib/gcc/arm-none-eabi/13.2.1/thumb/v7e-m+fp/hard/libgcc.a(_udivmoddi4.o)
 .comment       0x00000026       0x27 /usr/lib/gcc/arm-none-eabi/13.2.1/../../../arm-none-eabi/lib/thumb/v7e-m+fp/hard/libg_nano.a(libc_a-init.o)
 .comment       0x00000026       0x27 /usr/lib/gcc/arm-none-eabi/13.2.1/../../../arm-none-eabi/lib/thumb/v7e-m+fp/hard/libg_nano.a(libc_a-memset.o)
 .comment       0x00000026       0x27 /usr/lib/gcc/arm-none-eabi/13.2.1/../../../arm-none-eabi/lib/thumb/v7e-m+fp/hard/libg_nano.a(libc_a-errno.o)
 .comment       0x00000026       0x27 /usr/lib/gcc/arm-none-eabi/13.2.1/../../../arm-none-eabi/lib/thumb/v7e-m+fp/hard/libg_nano.a(libc_a-snprintf.o)
 .comment       0x00000026       0x27 /usr/lib/gcc/arm-none-eabi/13.2.1/../../../arm-none-eabi/lib/thumb/v7e-m+fp/hard/libg_nano.a(libc_a-impure.o)
 .comment       0x00000026       0x27 /usr/lib/gcc/arm-none-eabi/13.2.1/../../../arm-none-eabi/lib/thumb/v7e-m+fp/hard/libg_nano.a(libc_a-nano-svfprintf.o)
 .comment       0x00000026       0x27 /usr/lib/gcc/arm-none-eabi/13.2.1/../../../arm-none-eabi/lib/thumb/v7e-m+fp/hard/libg_nano.a(libc_a-findfp.o)
 .comment       0x00000026       0x27 /usr/lib/gcc/arm-none-eabi/13.2.1/../../../arm-none-eabi/lib/thumb/v7e-m+fp/hard/libg_nano.a(libc_a-mallocr.o)
 .comment       0x00000026       0x27 /usr/lib/gcc/arm-none-eabi/13.2.1/../../../arm-none-eabi/lib/thumb/v7e-m+fp/hard/libg_nano.a(libc_a-freer.o)
 .comment       0x00000026       0x27 /usr/lib/gcc/arm-none-eabi/13.2.1/../../../arm-none-eabi/lib/thumb/v7e-m+fp/hard/libg_nano.a(libc_a-memmove.o)
 .comment       0x00000026       0x27 /usr/lib/gcc/arm-none-eabi/13.2.1/../../../arm-none-eabi/lib/thumb/v7e-m+fp/hard/libg_nano.a(libc_a-reallocr.o)
 .comment       0x00000026       0x27 /usr/lib/gcc/arm-none-eabi/13.2.1/../../../arm-none-eabi/lib/thumb/v7e-m+fp/hard/libg_nano.a(libc_a-nano-vfprintf_i.o)
 .comment       0x00000026       0x27 /usr/lib/gcc/arm-none-eabi/13.2.1/../../../arm-none-eabi/lib/thumb/v7e-m+fp/hard/libg_nano.a(libc_a-mlock.o)
 .comment       0x00000026       0x27 /usr/lib/gcc/arm-none-eabi/13.2.1/../../../arm-none-eabi/lib/thumb/v7e-m+fp/hard/libg_nano.a(libc_a-sbrkr.o)
 .comment       0x00000026       0x27 /usr/lib/gcc/arm-none-eabi/13.2.1/../../../arm-none-eabi/lib/thumb/v7e-m+fp/hard/libg_nano.a(libc_a-msizer.o)
 .comment       0x00000026       0x27 /usr/lib/gcc/arm-none-eabi/13.2.1/../../../arm-none-eabi/lib/thumb/v7e-m+fp/hard/libg_nano.a(libc_a-reent.o)
 .comment       0x00000026       0x27 /usr/lib/gcc/arm-none-eabi/13.2.1/thumb/v7e-m+fp/hard/crtend.o

.debug_info     0x00000000    0x1c7dc
 .debug_info    0x00000000      0x530 cmake/stm32cubemx/CMakeFiles/STM32_Drivers.dir/__/__/Core/Src/system_stm32f4xx.c.obj
 .debug_info    0x00000530      0x8cf cmake/stm32cubemx/CMakeFiles/STM32_Drivers.dir/__/__/Drivers/STM32F4xx_HAL_Driver/Src/stm32f4xx_hal_rcc.c.obj
 .debug_info    0x00000dff      0x93c cmake/stm32cubemx/CMakeFiles/STM32_Drivers.dir/__/__/Drivers/STM32F4xx_HAL_Driver/Src/stm32f4xx_hal_rcc_ex.c.obj
 .debug_info    0x0000173b      0x6e7 cmake/stm32cubemx/CMakeFiles/STM32_Drivers.dir/__/__/Drivers/STM32F4xx_HAL_Driver/Src/stm32f4xx_hal_gpio.c.obj
 .debug_info    0x00001e22      0xd86 cmake/stm32cubemx/CMakeFiles/STM32_Drivers.dir/__/__/Drivers/STM32F4xx_HAL_Driver/Src/stm32f4xx_hal_cortex.c.obj
 .debug_info    0x00002ba8      0x98e cmake/stm32cubemx/CMakeFiles/STM32_Drivers.dir/__/__/Drivers/STM32F4xx_HAL_Driver/Src/stm32f4xx_hal.c.obj
 .debug_info    0x00003536     0x23fd cmake/stm32cubemx/CMakeFiles/STM32_Drivers.dir/__/__/Drivers/STM32F4xx_HAL_Driver/Src/stm32f4xx_hal_i2c.c.obj
 .debug_info    0x00005933     0x1501 cmake/stm32cubemx/CMakeFiles/STM32_Drivers.dir/__/__/Drivers/STM32F4xx_HAL_Driver/Src/stm32f4xx_hal_spi.c.obj
 .debug_info    0x00006e34     0x2985 cmake/stm32cubemx/CMakeFiles/STM32_Drivers.dir/__/__/Drivers/STM32F4xx_HAL_Driver/Src/stm32f4xx_hal_tim.c.obj
 .debug_info    0x000097b9     0x14c3 cmake/stm32cubemx/CMakeFiles/STM32_Drivers.dir/__/__/Drivers/STM32F4xx_HAL_Driver/Src/stm32f4xx_hal_tim_ex.c.obj
 .debug_info    0x0000ac7c     0x2f1f cmake/stm32cubemx/CMakeFiles/STM32_Drivers.dir/__/__/Drivers/STM32F4xx_HAL_Driver/Src/stm32f4xx_hal_uart.c.obj
 .debug_info    0x0000db9b     0x1245 cmake/stm32cubemx/CMakeFiles/STM32_Drivers.dir/__/__/Drivers/BSP/STM32F4xx-Nucleo/stm32f4xx_nucleo.c.obj
 .debug_info    0x0000ede0      0x373 cmake/stm32cubemx/CMakeFiles/FatFs.dir/__/__/Middlewares/Third_Party/FatFs/src/ff_gen_drv.c.obj
 .debug_info    0x0000f153      0x328 CMakeFiles/sensor-data-logger.dir/FATFS/Target/user_diskio.c.obj
 .debug_info    0x0000f47b      0x4cd CMakeFiles/sensor-data-logger.dir/FATFS/App/fatfs.c.obj
 .debug_info    0x0000f948      0xe4a CMakeFiles/sensor-data-logger.dir/Core/Src/main.c.obj
 .debug_info    0x00010792      0x421 CMakeFiles/sensor-data-logger.dir/Core/Src/gpio.c.obj
 .debug_info    0x00010bb3      0x980 CMakeFiles/sensor-data-logger.dir/Core/Src/i2c.c.obj
 .debug_info    0x00011533      0x975 CMakeFiles/sensor-data-logger.dir/Core/Src/spi.c.obj
 .debug_info    0x00011ea8      0xbd1 CMakeFiles/sensor-data-logger.dir/Core/Src/tim.c.obj
 .debug_info    0x00012a79      0x929 CMakeFiles/sensor-data-logger.dir/Core/Src/usart.c.obj
 .debug_info    0x000133a2      0x703 CMakeFiles/sensor-data-logger.dir/Core/Src/stm32f4xx_it.c.obj
 .debug_info    0x00013aa5      0x2a0 CMakeFiles/sensor-data-logger.dir/Core/Src/stm32f4xx_hal_msp.c.obj
 .debug_info    0x00013d45      0x150 CMakeFiles/sensor-data-logger.dir/Core/Src/sysmem.c.obj
 .debug_info    0x00013e95       0x30 CMakeFiles/sensor-data-logger.dir/startup_stm32f446xx.s.obj
 .debug_info    0x00013ec5       0x24 /usr/lib/gcc/arm-none-eabi/13.2.1/thumb/v7e-m+fp/hard/libgcc.a(_aeabi_uldivmod.o)
 .debug_info    0x00013ee9      0x6f5 /usr/lib/gcc/arm-none-eabi/13.2.1/thumb/v7e-m+fp/hard/libgcc.a(_udivmoddi4.o)
 .debug_info    0x000145de       0x3c /usr/lib/gcc/arm-none-eabi/13.2.1/thumb/v7e-m+fp/hard/libgcc.a(_dvmd_tls.o)
 .debug_info    0x0001461a      0x10b /usr/lib/gcc/arm-none-eabi/13.2.1/../../../arm-none-eabi/lib/thumb/v7e-m+fp/hard/libg_nano.a(libc_a-init.o)
 .debug_info    0x00014725       0x33 /usr/lib/gcc/arm-none-eabi/13.2.1/../../../arm-none-eabi/lib/thumb/v7e-m+fp/hard/libg_nano.a(libc_a-strlen.o)
 .debug_info    0x00014758      0x135 /usr/lib/gcc/arm-none-eabi/13.2.1/../../../arm-none-eabi/lib/thumb/v7e-m+fp/hard/libg_nano.a(libc_a-memset.o)
 .debug_info    0x0001488d      0x6f1 /usr/lib/gcc/arm-none-eabi/13.2.1/../../../arm-none-eabi/lib/thumb/v7e-m+fp/hard/libg_nano.a(libc_a-errno.o)
 .debug_info    0x00014f7e      0x8ff /usr/lib/gcc/arm-none-eabi/13.2.1/../../../arm-none-eabi/lib/thumb/v7e-m+fp/hard/libg_nano.a(libc_a-snprintf.o)
 .debug_info    0x0001587d      0x70b /usr/lib/gcc/arm-none-eabi/13.2.1/../../../arm-none-eabi/lib/thumb/v7e-m+fp/hard/libg_nano.a(libc_a-impure.o)
 .debug_info    0x00015f88     0x1092 /usr/lib/gcc/arm-none-eabi/13.2.1/../../../arm-none-eabi/lib/thumb/v7e-m+fp/hard/libg_nano.a(libc_a-nano-svfprintf.o)
 .debug_info    0x0001701a      0xe8c /usr/lib/gcc/arm-none-eabi/13.2.1/../../../arm-none-eabi/lib/thumb/v7e-m+fp/hard/libg_nano.a(libc_a-findfp.o)
 .debug_info    0x00017ea6      0x9b6 /usr/lib/gcc/arm-none-eabi/13.2.1/../../../arm-none-eabi/lib/thumb/v7e-m+fp/hard/libg_nano.a(libc_a-mallocr.o)
 .debug_info    0x0001885c      0x87f /usr/lib/gcc/arm-none-eabi/13.2.1/../../../arm-none-eabi/lib/thumb/v7e-m+fp/hard/libg_nano.a(libc_a-freer.o)
 .debug_info    0x000190db      0x148 /usr/lib/gcc/arm-none-eabi/13.2.1/../../../arm-none-eabi/lib/thumb/v7e-m+fp/hard/libg_nano.a(libc_a-memmove.o)
 .debug_info    0x00019223       0x25 /usr/lib/gcc/arm-none-eabi/13.2.1/../../../arm-none-eabi/lib/thumb/v7e-m+fp/hard/libg_nano.a(libc_a-memchr.o)
 .debug_info    0x00019248       0x33 /usr/lib/gcc/arm-none-eabi/13.2.1/../../../arm-none-eabi/lib/thumb/v7e-m+fp/hard/libg_nano.a(libc_a-memcpy.o)
 .debug_info    0x0001927b      0x8cd /usr/lib/gcc/arm-none-eabi/13.2.1/../../../arm-none-eabi/lib/thumb/v7e-m+fp/hard/libg_nano.a(libc_a-reallocr.o)
 .debug_info    0x00019b48      0xdd7 /usr/lib/gcc/arm-none-eabi/13.2.1/../../../arm-none-eabi/lib/thumb/v7e-m+fp/hard/libg_nano.a(libc_a-nano-vfprintf_i.o)
 .debug_info    0x0001a91f      0x71c /usr/lib/gcc/arm-none-eabi/13.2.1/../../../arm-none-eabi/lib/thumb/v7e-m+fp/hard/libg_nano.a(libc_a-mlock.o)
 .debug_info    0x0001b03b      0x778 /usr/lib/gcc/arm-none-eabi/13.2.1/../../../arm-none-eabi/lib/thumb/v7e-m+fp/hard/libg_nano.a(libc_a-sbrkr.o)
 .debug_info    0x0001b7b3      0x78a /usr/lib/gcc/arm-none-eabi/13.2.1/../../../arm-none-eabi/lib/thumb/v7e-m+fp/hard/libg_nano.a(libc_a-msizer.o)
 .debug_info    0x0001bf3d      0x89f /usr/lib/gcc/arm-none-eabi/13.2.1/../../../arm-none-eabi/lib/thumb/v7e-m+fp/hard/libg_nano.a(libc_a-reent.o)

.debug_abbrev   0x00000000     0x50aa
 .debug_abbrev  0x00000000      0x11b cmake/stm32cubemx/CMakeFiles/STM32_Drivers.dir/__/__/Core/Src/system_stm32f4xx.c.obj
 .debug_abbrev  0x0000011b      0x2b7 cmake/stm32cubemx/CMakeFiles/STM32_Drivers.dir/__/__/Drivers/STM32F4xx_HAL_Driver/Src/stm32f4xx_hal_rcc.c.obj
 .debug_abbrev  0x000003d2      0x211 cmake/stm32cubemx/CMakeFiles/STM32_Drivers.dir/__/__/Drivers/STM32F4xx_HAL_Driver/Src/stm32f4xx_hal_rcc_ex.c.obj
 .debug_abbrev  0x000005e3      0x1d4 cmake/stm32cubemx/CMakeFiles/STM32_Drivers.dir/__/__/Drivers/STM32F4xx_HAL_Driver/Src/stm32f4xx_hal_gpio.c.obj
 .debug_abbrev  0x000007b7      0x31d cmake/stm32cubemx/CMakeFiles/STM32_Drivers.dir/__/__/Drivers/STM32F4xx_HAL_Driver/Src/stm32f4xx_hal_cortex.c.obj
 .debug_abbrev  0x00000ad4      0x214 cmake/stm32cubemx/CMakeFiles/STM32_Drivers.dir/__/__/Drivers/STM32F4xx_HAL_Driver/Src/stm32f4xx_hal.c.obj
 .debug_abbrev  0x00000ce8      0x2ad cmake/stm32cubemx/CMakeFiles/STM32_Drivers.dir/__/__/Drivers/STM32F4xx_HAL_Driver/Src/stm32f4xx_hal_i2c.c.obj
 .debug_abbrev  0x00000f95      0x27a cmake/stm32cubemx/CMakeFiles/STM32_Drivers.dir/__/__/Drivers/STM32F4xx_HAL_Driver/Src/stm32f4xx_hal_spi.c.obj
 .debug_abbrev  0x0000120f      0x278 cmake/stm32cubemx/CMakeFiles/STM32_Drivers.dir/__/__/Drivers/STM32F4xx_HAL_Driver/Src/stm32f4xx_hal_tim.c.obj
 .debug_abbrev  0x00001487      0x283 cmake/stm32cubemx/CMakeFiles/STM32_Drivers.dir/__/__/Drivers/STM32F4xx_HAL_Driver/Src/stm32f4xx_hal_tim_ex.c.obj
 .debug_abbrev  0x0000170a      0x30e cmake/stm32cubemx/CMakeFiles/STM32_Drivers.dir/__/__/Drivers/STM32F4xx_HAL_Driver/Src/stm32f4xx_hal_uart.c.obj
 .debug_abbrev  0x00001a18      0x2df cmake/stm32cubemx/CMakeFiles/STM32_Drivers.dir/__/__/Drivers/BSP/STM32F4xx-Nucleo/stm32f4xx_nucleo.c.obj
 .debug_abbrev  0x00001cf7      0x19f cmake/stm32cubemx/CMakeFiles/FatFs.dir/__/__/Middlewares/Third_Party/FatFs/src/ff_gen_drv.c.obj
 .debug_abbrev  0x00001e96      0x13c CMakeFiles/sensor-data-logger.dir/FATFS/Target/user_diskio.c.obj
 .debug_abbrev  0x00001fd2      0x160 CMakeFiles/sensor-data-logger.dir/FATFS/App/fatfs.c.obj
 .debug_abbrev  0x00002132      0x258 CMakeFiles/sensor-data-logger.dir/Core/Src/main.c.obj
 .debug_abbrev  0x0000238a      0x152 CMakeFiles/sensor-data-logger.dir/Core/Src/gpio.c.obj
 .debug_abbrev  0x000024dc      0x1f1 CMakeFiles/sensor-data-logger.dir/Core/Src/i2c.c.obj
 .debug_abbrev  0x000026cd      0x1fa CMakeFiles/sensor-data-logger.dir/Core/Src/spi.c.obj
 .debug_abbrev  0x000028c7      0x1f7 CMakeFiles/sensor-data-logger.dir/Core/Src/tim.c.obj
 .debug_abbrev  0x00002abe      0x1f9 CMakeFiles/sensor-data-logger.dir/Core/Src/usart.c.obj
 .debug_abbrev  0x00002cb7      0x1a7 CMakeFiles/sensor-data-logger.dir/Core/Src/stm32f4xx_it.c.obj
 .debug_abbrev  0x00002e5e       0xf4 CMakeFiles/sensor-data-logger.dir/Core/Src/stm32f4xx_hal_msp.c.obj
 .debug_abbrev  0x00002f52       0xbc CMakeFiles/sensor-data-logger.dir/Core/Src/sysmem.c.obj
 .debug_abbrev  0x0000300e       0x24 CMakeFiles/sensor-data-logger.dir/startup_stm32f446xx.s.obj
 .debug_abbrev  0x00003032       0x14 /usr/lib/gcc/arm-none-eabi/13.2.1/thumb/v7e-m+fp/hard/libgcc.a(_aeabi_uldivmod.o)
 .debug_abbrev  0x00003046      0x16a /usr/lib/gcc/arm-none-eabi/13.2.1/thumb/v7e-m+fp/hard/libgcc.a(_udivmoddi4.o)
 .debug_abbrev  0x000031b0       0x26 /usr/lib/gcc/arm-none-eabi/13.2.1/thumb/v7e-m+fp/hard/libgcc.a(_dvmd_tls.o)
 .debug_abbrev  0x000031d6       0xc9 /usr/lib/gcc/arm-none-eabi/13.2.1/../../../arm-none-eabi/lib/thumb/v7e-m+fp/hard/libg_nano.a(libc_a-init.o)
 .debug_abbrev  0x0000329f       0x28 /usr/lib/gcc/arm-none-eabi/13.2.1/../../../arm-none-eabi/lib/thumb/v7e-m+fp/hard/libg_nano.a(libc_a-strlen.o)
 .debug_abbrev  0x000032c7       0xb7 /usr/lib/gcc/arm-none-eabi/13.2.1/../../../arm-none-eabi/lib/thumb/v7e-m+fp/hard/libg_nano.a(libc_a-memset.o)
 .debug_abbrev  0x0000337e      0x15e /usr/lib/gcc/arm-none-eabi/13.2.1/../../../arm-none-eabi/lib/thumb/v7e-m+fp/hard/libg_nano.a(libc_a-errno.o)
 .debug_abbrev  0x000034dc      0x23c /usr/lib/gcc/arm-none-eabi/13.2.1/../../../arm-none-eabi/lib/thumb/v7e-m+fp/hard/libg_nano.a(libc_a-snprintf.o)
 .debug_abbrev  0x00003718      0x149 /usr/lib/gcc/arm-none-eabi/13.2.1/../../../arm-none-eabi/lib/thumb/v7e-m+fp/hard/libg_nano.a(libc_a-impure.o)
 .debug_abbrev  0x00003861      0x32f /usr/lib/gcc/arm-none-eabi/13.2.1/../../../arm-none-eabi/lib/thumb/v7e-m+fp/hard/libg_nano.a(libc_a-nano-svfprintf.o)
 .debug_abbrev  0x00003b90      0x408 /usr/lib/gcc/arm-none-eabi/13.2.1/../../../arm-none-eabi/lib/thumb/v7e-m+fp/hard/libg_nano.a(libc_a-findfp.o)
 .debug_abbrev  0x00003f98      0x24a /usr/lib/gcc/arm-none-eabi/13.2.1/../../../arm-none-eabi/lib/thumb/v7e-m+fp/hard/libg_nano.a(libc_a-mallocr.o)
 .debug_abbrev  0x000041e2      0x249 /usr/lib/gcc/arm-none-eabi/13.2.1/../../../arm-none-eabi/lib/thumb/v7e-m+fp/hard/libg_nano.a(libc_a-freer.o)
 .debug_abbrev  0x0000442b       0xc3 /usr/lib/gcc/arm-none-eabi/13.2.1/../../../arm-none-eabi/lib/thumb/v7e-m+fp/hard/libg_nano.a(libc_a-memmove.o)
 .debug_abbrev  0x000044ee       0x14 /usr/lib/gcc/arm-none-eabi/13.2.1/../../../arm-none-eabi/lib/thumb/v7e-m+fp/hard/libg_nano.a(libc_a-memchr.o)
 .debug_abbrev  0x00004502       0x28 /usr/lib/gcc/arm-none-eabi/13.2.1/../../../arm-none-eabi/lib/thumb/v7e-m+fp/hard/libg_nano.a(libc_a-memcpy.o)
 .debug_abbrev  0x0000452a      0x20c /usr/lib/gcc/arm-none-eabi/13.2.1/../../../arm-none-eabi/lib/thumb/v7e-m+fp/hard/libg_nano.a(libc_a-reallocr.o)
 .debug_abbrev  0x00004736      0x284 /usr/lib/gcc/arm-none-eabi/13.2.1/../../../arm-none-eabi/lib/thumb/v7e-m+fp/hard/libg_nano.a(libc_a-nano-vfprintf_i.o)
 .debug_abbrev  0x000049ba      0x192 /usr/lib/gcc/arm-none-eabi/13.2.1/../../../arm-none-eabi/lib/thumb/v7e-m+fp/hard/libg_nano.a(libc_a-mlock.o)
 .debug_abbrev  0x00004b4c      0x1da /usr/lib/gcc/arm-none-eabi/13.2.1/../../../arm-none-eabi/lib/thumb/v7e-m+fp/hard/libg_nano.a(libc_a-sbrkr.o)
 .debug_abbrev  0x00004d26      0x196 /usr/lib/gcc/arm-none-eabi/13.2.1/../../../arm-none-eabi/lib/thumb/v7e-m+fp/hard/libg_nano.a(libc_a-msizer.o)
 .debug_abbrev  0x00004ebc      0x1ee /usr/lib/gcc/arm-none-eabi/13.2.1/../../../arm-none-eabi/lib/thumb/v7e-m+fp/hard/libg_nano.a(libc_a-reent.o)

.debug_aranges  0x00000000     0x1570
 .debug_aranges
                0x00000000       0x28 cmake/stm32cubemx/CMakeFiles/STM32_Drivers.dir/__/__/Core/Src/system_stm32f4xx.c.obj
 .debug_aranges
                0x00000028       0x88 cmake/stm32cubemx/CMakeFiles/STM32_Drivers.dir/__/__/Drivers/STM32F4xx_HAL_Driver/Src/stm32f4xx_hal_rcc.c.obj
 .debug_aranges
                0x000000b0       0x78 cmake/stm32cubemx/CMakeFiles/STM32_Drivers.dir/__/__/Drivers/STM32F4xx_HAL_Driver/Src/stm32f4xx_hal_rcc_ex.c.obj
 .debug_aranges
                0x00000128       0x58 cmake/stm32cubemx/CMakeFiles/STM32_Drivers.dir/__/__/Drivers/STM32F4xx_HAL_Driver/Src/stm32f4xx_hal_gpio.c.obj
 .debug_aranges
                0x00000180      0x130 cmake/stm32cubemx/CMakeFiles/STM32_Drivers.dir/__/__/Drivers/STM32F4xx_HAL_Driver/Src/stm32f4xx_hal_cortex.c.obj
 .debug_aranges
                0x000002b0       0xf0 cmake/stm32cubemx/CMakeFiles/STM32_Drivers.dir/__/__/Drivers/STM32F4xx_HAL_Driver/Src/stm32f4xx_hal.c.obj
 .debug_aranges
                0x000003a0      0x2a8 cmake/stm32cubemx/CMakeFiles/STM32_Drivers.dir/__/__/Drivers/STM32F4xx_HAL_Driver/Src/stm32f4xx_hal_i2c.c.obj
 .debug_aranges
                0x00000648      0x1d0 cmake/stm32cubemx/CMakeFiles/STM32_Drivers.dir/__/__/Drivers/STM32F4xx_HAL_Driver/Src/stm32f4xx_hal_spi.c.obj
 .debug_aranges
                0x00000818      0x3d0 cmake/stm32cubemx/CMakeFiles/STM32_Drivers.dir/__/__/Drivers/STM32F4xx_HAL_Driver/Src/stm32f4xx_hal_tim.c.obj
 .debug_aranges
                0x00000be8      0x168 cmake/stm32cubemx/CMakeFiles/STM32_Drivers.dir/__/__/Drivers/STM32F4xx_HAL_Driver/Src/stm32f4xx_hal_tim_ex.c.obj
 .debug_aranges
                0x00000d50      0x208 cmake/stm32cubemx/CMakeFiles/STM32_Drivers.dir/__/__/Drivers/STM32F4xx_HAL_Driver/Src/stm32f4xx_hal_uart.c.obj
 .debug_aranges
                0x00000f58       0xd0 cmake/stm32cubemx/CMakeFiles/STM32_Drivers.dir/__/__/Drivers/BSP/STM32F4xx-Nucleo/stm32f4xx_nucleo.c.obj
 .debug_aranges
                0x00001028       0x40 cmake/stm32cubemx/CMakeFiles/FatFs.dir/__/__/Middlewares/Third_Party/FatFs/src/ff_gen_drv.c.obj
 .debug_aranges
                0x00001068       0x40 CMakeFiles/sensor-data-logger.dir/FATFS/Target/user_diskio.c.obj
 .debug_aranges
                0x000010a8       0x28 CMakeFiles/sensor-data-logger.dir/FATFS/App/fatfs.c.obj
 .debug_aranges
                0x000010d0       0x30 CMakeFiles/sensor-data-logger.dir/Core/Src/main.c.obj
 .debug_aranges
                0x00001100       0x20 CMakeFiles/sensor-data-logger.dir/Core/Src/gpio.c.obj
 .debug_aranges
                0x00001120       0x30 CMakeFiles/sensor-data-logger.dir/Core/Src/i2c.c.obj
 .debug_aranges
                0x00001150       0x30 CMakeFiles/sensor-data-logger.dir/Core/Src/spi.c.obj
 .debug_aranges
                0x00001180       0x30 CMakeFiles/sensor-data-logger.dir/Core/Src/tim.c.obj
 .debug_aranges
                0x000011b0       0x30 CMakeFiles/sensor-data-logger.dir/Core/Src/usart.c.obj
 .debug_aranges
                0x000011e0       0x70 CMakeFiles/sensor-data-logger.dir/Core/Src/stm32f4xx_it.c.obj
 .debug_aranges
                0x00001250       0x20 CMakeFiles/sensor-data-logger.dir/Core/Src/stm32f4xx_hal_msp.c.obj
 .debug_aranges
                0x00001270       0x20 CMakeFiles/sensor-data-logger.dir/Core/Src/sysmem.c.obj
 .debug_aranges
                0x00001290       0x28 CMakeFiles/sensor-data-logger.dir/startup_stm32f446xx.s.obj
 .debug_aranges
                0x000012b8       0x20 /usr/lib/gcc/arm-none-eabi/13.2.1/thumb/v7e-m+fp/hard/libgcc.a(_aeabi_uldivmod.o)
 .debug_aranges
                0x000012d8       0x20 /usr/lib/gcc/arm-none-eabi/13.2.1/thumb/v7e-m+fp/hard/libgcc.a(_udivmoddi4.o)
 .debug_aranges
                0x000012f8       0x20 /usr/lib/gcc/arm-none-eabi/13.2.1/thumb/v7e-m+fp/hard/libgcc.a(_dvmd_tls.o)
 .debug_aranges
                0x00001318       0x20 /usr/lib/gcc/arm-none-eabi/13.2.1/../../../arm-none-eabi/lib/thumb/v7e-m+fp/hard/libg_nano.a(libc_a-init.o)
 .debug_aranges
                0x00001338       0x20 /usr/lib/gcc/arm-none-eabi/13.2.1/../../../arm-none-eabi/lib/thumb/v7e-m+fp/hard/libg_nano.a(libc_a-strlen.o)
 .debug_aranges
                0x00001358       0x20 /usr/lib/gcc/arm-none-eabi/13.2.1/../../../arm-none-eabi/lib/thumb/v7e-m+fp/hard/libg_nano.a(libc_a-memset.o)
 .debug_aranges
                0x00001378       0x20 /usr/lib/gcc/arm-none-eabi/13.2.1/../../../arm-none-eabi/lib/thumb/v7e-m+fp/hard/libg_nano.a(libc_a-errno.o)
 .debug_aranges
                0x00001398       0x20 /usr/lib/gcc/arm-none-eabi/13.2.1/../../../arm-none-eabi/lib/thumb/v7e-m+fp/hard/libg_nano.a(libc_a-snprintf.o)
 .debug_aranges
                0x000013b8       0x18 /usr/lib/gcc/arm-none-eabi/13.2.1/../../../arm-none-eabi/lib/thumb/v7e-m+fp/hard/libg_nano.a(libc_a-impure.o)
 .debug_aranges
                0x000013d0       0x20 /usr/lib/gcc/arm-none-eabi/13.2.1/../../../arm-none-eabi/lib/thumb/v7e-m+fp/hard/libg_nano.a(libc_a-nano-svfprintf.o)
 .debug_aranges
                0x000013f0       0x20 /usr/lib/gcc/arm-none-eabi/13.2.1/../../../arm-none-eabi/lib/thumb/v7e-m+fp/hard/libg_nano.a(libc_a-findfp.o)
 .debug_aranges
                0x00001410       0x20 /usr/lib/gcc/arm-none-eabi/13.2.1/../../../arm-none-eabi/lib/thumb/v7e-m+fp/hard/libg_nano.a(libc_a-mallocr.o)
 .debug_aranges
                0x00001430       0x20 /usr/lib/gcc/arm-none-eabi/13.2.1/../../../arm-none-eabi/lib/thumb/v7e-m+fp/hard/libg_nano.a(libc_a-freer.o)
 .debug_aranges
                0x00001450       0x20 /usr/lib/gcc/arm-none-eabi/13.2.1/../../../arm-none-eabi/lib/thumb/v7e-m+fp/hard/libg_nano.a(libc_a-memmove.o)
 .debug_aranges
                0x00001470       0x20 /usr/lib/gcc/arm-none-eabi/13.2.1/../../../arm-none-eabi/lib/thumb/v7e-m+fp/hard/libg_nano.a(libc_a-memchr.o)
 .debug_aranges
                0x00001490       0x20 /usr/lib/gcc/arm-none-eabi/13.2.1/../../../arm-none-eabi/lib/thumb/v7e-m+fp/hard/libg_nano.a(libc_a-memcpy.o)
 .debug_aranges
                0x000014b0       0x20 /usr/lib/gcc/arm-none-eabi/13.2.1/../../../arm-none-eabi/lib/thumb/v7e-m+fp/hard/libg_nano.a(libc_a-reallocr.o)
 .debug_aranges
                0x000014d0       0x20 /usr/lib/gcc/arm-none-eabi/13.2.1/../../../arm-none-eabi/lib/thumb/v7e-m+fp/hard/libg_nano.a(libc_a-nano-vfprintf_i.o)
 .debug_aranges
                0x000014f0       0x20 /usr/lib/gcc/arm-none-eabi/13.2.1/../../../arm-none-eabi/lib/thumb/v7e-m+fp/hard/libg_nano.a(libc_a-mlock.o)
 .debug_aranges
                0x00001510       0x20 /usr/lib/gcc/arm-none-eabi/13.2.1/../../../arm-none-eabi/lib/thumb/v7e-m+fp/hard/libg_nano.a(libc_a-sbrkr.o)
 .debug_aranges
                0x00001530       0x20 /usr/lib/gcc/arm-none-eabi/13.2.1/../../../arm-none-eabi/lib/thumb/v7e-m+fp/hard/libg_nano.a(libc_a-msizer.o)
 .debug_aranges
                0x00001550       0x20 /usr/lib/gcc/arm-none-eabi/13.2.1/../../../arm-none-eabi/lib/thumb/v7e-m+fp/hard/libg_nano.a(libc_a-reent.o)

.debug_rnglists
                0x00000000     0x1073
 .debug_rnglists
                0x00000000       0x1a cmake/stm32cubemx/CMakeFiles/STM32_Drivers.dir/__/__/Core/Src/system_stm32f4xx.c.obj
 .debug_rnglists
                0x0000001a       0x66 cmake/stm32cubemx/CMakeFiles/STM32_Drivers.dir/__/__/Drivers/STM32F4xx_HAL_Driver/Src/stm32f4xx_hal_rcc.c.obj
 .debug_rnglists
                0x00000080       0x5e cmake/stm32cubemx/CMakeFiles/STM32_Drivers.dir/__/__/Drivers/STM32F4xx_HAL_Driver/Src/stm32f4xx_hal_rcc_ex.c.obj
 .debug_rnglists
                0x000000de       0x3f cmake/stm32cubemx/CMakeFiles/STM32_Drivers.dir/__/__/Drivers/STM32F4xx_HAL_Driver/Src/stm32f4xx_hal_gpio.c.obj
 .debug_rnglists
                0x0000011d       0xe0 cmake/stm32cubemx/CMakeFiles/STM32_Drivers.dir/__/__/Drivers/STM32F4xx_HAL_Driver/Src/stm32f4xx_hal_cortex.c.obj
 .debug_rnglists
                0x000001fd       0xaf cmake/stm32cubemx/CMakeFiles/STM32_Drivers.dir/__/__/Drivers/STM32F4xx_HAL_Driver/Src/stm32f4xx_hal.c.obj
 .debug_rnglists
                0x000002ac      0x23c cmake/stm32cubemx/CMakeFiles/STM32_Drivers.dir/__/__/Drivers/STM32F4xx_HAL_Driver/Src/stm32f4xx_hal_i2c.c.obj
 .debug_rnglists
                0x000004e8      0x16f cmake/stm32cubemx/CMakeFiles/STM32_Drivers.dir/__/__/Drivers/STM32F4xx_HAL_Driver/Src/stm32f4xx_hal_spi.c.obj
 .debug_rnglists
                0x00000657      0x31a cmake/stm32cubemx/CMakeFiles/STM32_Drivers.dir/__/__/Drivers/STM32F4xx_HAL_Driver/Src/stm32f4xx_hal_tim.c.obj
 .debug_rnglists
                0x00000971      0x125 cmake/stm32cubemx/CMakeFiles/STM32_Drivers.dir/__/__/Drivers/STM32F4xx_HAL_Driver/Src/stm32f4xx_hal_tim_ex.c.obj
 .debug_rnglists
                0x00000a96      0x1bc cmake/stm32cubemx/CMakeFiles/STM32_Drivers.dir/__/__/Drivers/STM32F4xx_HAL_Driver/Src/stm32f4xx_hal_uart.c.obj
 .debug_rnglists
                0x00000c52       0x9b cmake/stm32cubemx/CMakeFiles/STM32_Drivers.dir/__/__/Drivers/BSP/STM32F4xx-Nucleo/stm32f4xx_nucleo.c.obj
 .debug_rnglists
                0x00000ced       0x2c cmake/stm32cubemx/CMakeFiles/FatFs.dir/__/__/Middlewares/Third_Party/FatFs/src/ff_gen_drv.c.obj
 .debug_rnglists
                0x00000d19       0x2b CMakeFiles/sensor-data-logger.dir/FATFS/Target/user_diskio.c.obj
 .debug_rnglists
                0x00000d44       0x19 CMakeFiles/sensor-data-logger.dir/FATFS/App/fatfs.c.obj
 .debug_rnglists
                0x00000d5d       0x21 CMakeFiles/sensor-data-logger.dir/Core/Src/main.c.obj
 .debug_rnglists
                0x00000d7e       0x14 CMakeFiles/sensor-data-logger.dir/Core/Src/gpio.c.obj
 .debug_rnglists
                0x00000d92       0x20 CMakeFiles/sensor-data-logger.dir/Core/Src/i2c.c.obj
 .debug_rnglists
                0x00000db2       0x20 CMakeFiles/sensor-data-logger.dir/Core/Src/spi.c.obj
 .debug_rnglists
                0x00000dd2       0x1f CMakeFiles/sensor-data-logger.dir/Core/Src/tim.c.obj
 .debug_rnglists
                0x00000df1       0x20 CMakeFiles/sensor-data-logger.dir/Core/Src/usart.c.obj
 .debug_rnglists
                0x00000e11       0x4f CMakeFiles/sensor-data-logger.dir/Core/Src/stm32f4xx_it.c.obj
 .debug_rnglists
                0x00000e60       0x13 CMakeFiles/sensor-data-logger.dir/Core/Src/stm32f4xx_hal_msp.c.obj
 .debug_rnglists
                0x00000e73       0x13 CMakeFiles/sensor-data-logger.dir/Core/Src/sysmem.c.obj
 .debug_rnglists
                0x00000e86       0x19 CMakeFiles/sensor-data-logger.dir/startup_stm32f446xx.s.obj
 .debug_rnglists
                0x00000e9f       0x84 /usr/lib/gcc/arm-none-eabi/13.2.1/thumb/v7e-m+fp/hard/libgcc.a(_udivmoddi4.o)
 .debug_rnglists
                0x00000f23       0x42 /usr/lib/gcc/arm-none-eabi/13.2.1/../../../arm-none-eabi/lib/thumb/v7e-m+fp/hard/libg_nano.a(libc_a-nano-svfprintf.o)
 .debug_rnglists
                0x00000f65       0x77 /usr/lib/gcc/arm-none-eabi/13.2.1/../../../arm-none-eabi/lib/thumb/v7e-m+fp/hard/libg_nano.a(libc_a-findfp.o)
 .debug_rnglists
                0x00000fdc       0x1e /usr/lib/gcc/arm-none-eabi/13.2.1/../../../arm-none-eabi/lib/thumb/v7e-m+fp/hard/libg_nano.a(libc_a-mallocr.o)
 .debug_rnglists
                0x00000ffa       0x13 /usr/lib/gcc/arm-none-eabi/13.2.1/../../../arm-none-eabi/lib/thumb/v7e-m+fp/hard/libg_nano.a(libc_a-freer.o)
 .debug_rnglists
                0x0000100d       0x66 /usr/lib/gcc/arm-none-eabi/13.2.1/../../../arm-none-eabi/lib/thumb/v7e-m+fp/hard/libg_nano.a(libc_a-nano-vfprintf_i.o)

.debug_macro    0x00000000    0x23294
 .debug_macro   0x00000000      0x1a8 cmake/stm32cubemx/CMakeFiles/STM32_Drivers.dir/__/__/Core/Src/system_stm32f4xx.c.obj
 .debug_macro   0x000001a8      0xade cmake/stm32cubemx/CMakeFiles/STM32_Drivers.dir/__/__/Core/Src/system_stm32f4xx.c.obj
 .debug_macro   0x00000c86       0x2e cmake/stm32cubemx/CMakeFiles/STM32_Drivers.dir/__/__/Core/Src/system_stm32f4xx.c.obj
 .debug_macro   0x00000cb4       0x28 cmake/stm32cubemx/CMakeFiles/STM32_Drivers.dir/__/__/Core/Src/system_stm32f4xx.c.obj
 .debug_macro   0x00000cdc      0x34e cmake/stm32cubemx/CMakeFiles/STM32_Drivers.dir/__/__/Core/Src/system_stm32f4xx.c.obj
 .debug_macro   0x0000102a       0x1c cmake/stm32cubemx/CMakeFiles/STM32_Drivers.dir/__/__/Core/Src/system_stm32f4xx.c.obj
 .debug_macro   0x00001046       0x22 cmake/stm32cubemx/CMakeFiles/STM32_Drivers.dir/__/__/Core/Src/system_stm32f4xx.c.obj
 .debug_macro   0x00001068       0xfb cmake/stm32cubemx/CMakeFiles/STM32_Drivers.dir/__/__/Core/Src/system_stm32f4xx.c.obj
 .debug_macro   0x00001163     0x1011 cmake/stm32cubemx/CMakeFiles/STM32_Drivers.dir/__/__/Core/Src/system_stm32f4xx.c.obj
 .debug_macro   0x00002174      0x11f cmake/stm32cubemx/CMakeFiles/STM32_Drivers.dir/__/__/Core/Src/system_stm32f4xx.c.obj
 .debug_macro   0x00002293    0x1675e cmake/stm32cubemx/CMakeFiles/STM32_Drivers.dir/__/__/Core/Src/system_stm32f4xx.c.obj
 .debug_macro   0x000189f1       0x6d cmake/stm32cubemx/CMakeFiles/STM32_Drivers.dir/__/__/Core/Src/system_stm32f4xx.c.obj
 .debug_macro   0x00018a5e      0x2a7 cmake/stm32cubemx/CMakeFiles/STM32_Drivers.dir/__/__/Core/Src/system_stm32f4xx.c.obj
 .debug_macro   0x00018d05     0x3693 cmake/stm32cubemx/CMakeFiles/STM32_Drivers.dir/__/__/Core/Src/system_stm32f4xx.c.obj
 .debug_macro   0x0001c398      0x190 cmake/stm32cubemx/CMakeFiles/STM32_Drivers.dir/__/__/Core/Src/system_stm32f4xx.c.obj
 .debug_macro   0x0001c528       0x5c cmake/stm32cubemx/CMakeFiles/STM32_Drivers.dir/__/__/Core/Src/system_stm32f4xx.c.obj
 .debug_macro   0x0001c584      0xca5 cmake/stm32cubemx/CMakeFiles/STM32_Drivers.dir/__/__/Core/Src/system_stm32f4xx.c.obj
 .debug_macro   0x0001d229      0x9e9 cmake/stm32cubemx/CMakeFiles/STM32_Drivers.dir/__/__/Core/Src/system_stm32f4xx.c.obj
 .debug_macro   0x0001dc12      0x115 cmake/stm32cubemx/CMakeFiles/STM32_Drivers.dir/__/__/Core/Src/system_stm32f4xx.c.obj
 .debug_macro   0x0001dd27      0x1a0 cmake/stm32cubemx/CMakeFiles/STM32_Drivers.dir/__/__/Core/Src/system_stm32f4xx.c.obj
 .debug_macro   0x0001dec7       0xa5 cmake/stm32cubemx/CMakeFiles/STM32_Drivers.dir/__/__/Core/Src/system_stm32f4xx.c.obj
 .debug_macro   0x0001df6c      0x16d cmake/stm32cubemx/CMakeFiles/STM32_Drivers.dir/__/__/Core/Src/system_stm32f4xx.c.obj
 .debug_macro   0x0001e0d9      0x287 cmake/stm32cubemx/CMakeFiles/STM32_Drivers.dir/__/__/Core/Src/system_stm32f4xx.c.obj
 .debug_macro   0x0001e360       0x5f cmake/stm32cubemx/CMakeFiles/STM32_Drivers.dir/__/__/Core/Src/system_stm32f4xx.c.obj
 .debug_macro   0x0001e3bf      0x236 cmake/stm32cubemx/CMakeFiles/STM32_Drivers.dir/__/__/Core/Src/system_stm32f4xx.c.obj
 .debug_macro   0x0001e5f5      0x132 cmake/stm32cubemx/CMakeFiles/STM32_Drivers.dir/__/__/Core/Src/system_stm32f4xx.c.obj
 .debug_macro   0x0001e727      0x29c cmake/stm32cubemx/CMakeFiles/STM32_Drivers.dir/__/__/Core/Src/system_stm32f4xx.c.obj
 .debug_macro   0x0001e9c3       0x2e cmake/stm32cubemx/CMakeFiles/STM32_Drivers.dir/__/__/Core/Src/system_stm32f4xx.c.obj
 .debug_macro   0x0001e9f1      0x1b5 cmake/stm32cubemx/CMakeFiles/STM32_Drivers.dir/__/__/Core/Src/system_stm32f4xx.c.obj
 .debug_macro   0x0001eba6       0x22 cmake/stm32cubemx/CMakeFiles/STM32_Drivers.dir/__/__/Core/Src/system_stm32f4xx.c.obj
 .debug_macro   0x0001ebc8       0xd6 cmake/stm32cubemx/CMakeFiles/STM32_Drivers.dir/__/__/Core/Src/system_stm32f4xx.c.obj
 .debug_macro   0x0001ec9e      0x127 cmake/stm32cubemx/CMakeFiles/STM32_Drivers.dir/__/__/Core/Src/system_stm32f4xx.c.obj
 .debug_macro   0x0001edc5       0xe8 cmake/stm32cubemx/CMakeFiles/STM32_Drivers.dir/__/__/Core/Src/system_stm32f4xx.c.obj
 .debug_macro   0x0001eead       0x89 cmake/stm32cubemx/CMakeFiles/STM32_Drivers.dir/__/__/Core/Src/system_stm32f4xx.c.obj
 .debug_macro   0x0001ef36      0x225 cmake/stm32cubemx/CMakeFiles/STM32_Drivers.dir/__/__/Core/Src/system_stm32f4xx.c.obj
 .debug_macro   0x0001f15b      0x8ed cmake/stm32cubemx/CMakeFiles/STM32_Drivers.dir/__/__/Core/Src/system_stm32f4xx.c.obj
 .debug_macro   0x0001fa48       0x53 cmake/stm32cubemx/CMakeFiles/STM32_Drivers.dir/__/__/Core/Src/system_stm32f4xx.c.obj
 .debug_macro   0x0001fa9b      0x2aa cmake/stm32cubemx/CMakeFiles/STM32_Drivers.dir/__/__/Core/Src/system_stm32f4xx.c.obj
 .debug_macro   0x0001fd45      0x126 cmake/stm32cubemx/CMakeFiles/STM32_Drivers.dir/__/__/Core/Src/system_stm32f4xx.c.obj
 .debug_macro   0x0001fe6b      0x1cc cmake/stm32cubemx/CMakeFiles/STM32_Drivers.dir/__/__/Drivers/STM32F4xx_HAL_Driver/Src/stm32f4xx_hal_rcc.c.obj
 .debug_macro   0x00020037      0x1a8 cmake/stm32cubemx/CMakeFiles/STM32_Drivers.dir/__/__/Drivers/STM32F4xx_HAL_Driver/Src/stm32f4xx_hal_rcc_ex.c.obj
 .debug_macro   0x000201df      0x1ae cmake/stm32cubemx/CMakeFiles/STM32_Drivers.dir/__/__/Drivers/STM32F4xx_HAL_Driver/Src/stm32f4xx_hal_gpio.c.obj
 .debug_macro   0x0002038d      0x1a8 cmake/stm32cubemx/CMakeFiles/STM32_Drivers.dir/__/__/Drivers/STM32F4xx_HAL_Driver/Src/stm32f4xx_hal_cortex.c.obj
 .debug_macro   0x00020535      0x208 cmake/stm32cubemx/CMakeFiles/STM32_Drivers.dir/__/__/Drivers/STM32F4xx_HAL_Driver/Src/stm32f4xx_hal.c.obj
 .debug_macro   0x0002073d      0x1f6 cmake/stm32cubemx/CMakeFiles/STM32_Drivers.dir/__/__/Drivers/STM32F4xx_HAL_Driver/Src/stm32f4xx_hal_i2c.c.obj
 .debug_macro   0x00020933      0x1b7 cmake/stm32cubemx/CMakeFiles/STM32_Drivers.dir/__/__/Drivers/STM32F4xx_HAL_Driver/Src/stm32f4xx_hal_spi.c.obj
 .debug_macro   0x00020aea      0x1a9 cmake/stm32cubemx/CMakeFiles/STM32_Drivers.dir/__/__/Drivers/STM32F4xx_HAL_Driver/Src/stm32f4xx_hal_tim.c.obj
 .debug_macro   0x00020c93      0x1a8 cmake/stm32cubemx/CMakeFiles/STM32_Drivers.dir/__/__/Drivers/STM32F4xx_HAL_Driver/Src/stm32f4xx_hal_tim_ex.c.obj
 .debug_macro   0x00020e3b      0x1a9 cmake/stm32cubemx/CMakeFiles/STM32_Drivers.dir/__/__/Drivers/STM32F4xx_HAL_Driver/Src/stm32f4xx_hal_uart.c.obj
 .debug_macro   0x00020fe4      0x1e1 cmake/stm32cubemx/CMakeFiles/STM32_Drivers.dir/__/__/Drivers/BSP/STM32F4xx-Nucleo/stm32f4xx_nucleo.c.obj
 .debug_macro   0x000211c5      0x17b cmake/stm32cubemx/CMakeFiles/STM32_Drivers.dir/__/__/Drivers/BSP/STM32F4xx-Nucleo/stm32f4xx_nucleo.c.obj
 .debug_macro   0x00021340      0x2e4 cmake/stm32cubemx/CMakeFiles/FatFs.dir/__/__/Middlewares/Third_Party/FatFs/src/ff_gen_drv.c.obj
 .debug_macro   0x00021624      0x315 CMakeFiles/sensor-data-logger.dir/FATFS/Target/user_diskio.c.obj
 .debug_macro   0x00021939       0x10 CMakeFiles/sensor-data-logger.dir/FATFS/Target/user_diskio.c.obj
 .debug_macro   0x00021949       0x56 CMakeFiles/sensor-data-logger.dir/FATFS/Target/user_diskio.c.obj
 .debug_macro   0x0002199f      0x2f7 CMakeFiles/sensor-data-logger.dir/FATFS/App/fatfs.c.obj
 .debug_macro   0x00021c96      0x386 CMakeFiles/sensor-data-logger.dir/Core/Src/main.c.obj
 .debug_macro   0x0002201c       0xeb CMakeFiles/sensor-data-logger.dir/Core/Src/main.c.obj
 .debug_macro   0x00022107       0x1c CMakeFiles/sensor-data-logger.dir/Core/Src/main.c.obj
 .debug_macro   0x00022123       0x10 CMakeFiles/sensor-data-logger.dir/Core/Src/main.c.obj
 .debug_macro   0x00022133       0x1c CMakeFiles/sensor-data-logger.dir/Core/Src/main.c.obj
 .debug_macro   0x0002214f       0x16 CMakeFiles/sensor-data-logger.dir/Core/Src/main.c.obj
 .debug_macro   0x00022165      0x170 CMakeFiles/sensor-data-logger.dir/Core/Src/main.c.obj
 .debug_macro   0x000222d5       0x16 CMakeFiles/sensor-data-logger.dir/Core/Src/main.c.obj
 .debug_macro   0x000222eb      0x1ca CMakeFiles/sensor-data-logger.dir/Core/Src/gpio.c.obj
 .debug_macro   0x000224b5      0x1ca CMakeFiles/sensor-data-logger.dir/Core/Src/i2c.c.obj
 .debug_macro   0x0002267f      0x1ca CMakeFiles/sensor-data-logger.dir/Core/Src/spi.c.obj
 .debug_macro   0x00022849      0x1ca CMakeFiles/sensor-data-logger.dir/Core/Src/tim.c.obj
 .debug_macro   0x00022a13      0x1ca CMakeFiles/sensor-data-logger.dir/Core/Src/usart.c.obj
 .debug_macro   0x00022bdd      0x1ca CMakeFiles/sensor-data-logger.dir/Core/Src/stm32f4xx_it.c.obj
 .debug_macro   0x00022da7      0x1c0 CMakeFiles/sensor-data-logger.dir/Core/Src/stm32f4xx_hal_msp.c.obj
 .debug_macro   0x00022f67       0xe1 CMakeFiles/sensor-data-logger.dir/Core/Src/sysmem.c.obj
 .debug_macro   0x00023048       0x10 CMakeFiles/sensor-data-logger.dir/Core/Src/sysmem.c.obj
 .debug_macro   0x00023058      0x23c CMakeFiles/sensor-data-logger.dir/Core/Src/sysmem.c.obj

.debug_line     0x00000000    0x195f9
 .debug_line    0x00000000      0x5cb cmake/stm32cubemx/CMakeFiles/STM32_Drivers.dir/__/__/Core/Src/system_stm32f4xx.c.obj
 .debug_line    0x000005cb      0xc62 cmake/stm32cubemx/CMakeFiles/STM32_Drivers.dir/__/__/Drivers/STM32F4xx_HAL_Driver/Src/stm32f4xx_hal_rcc.c.obj
 .debug_line    0x0000122d     0x130a cmake/stm32cubemx/CMakeFiles/STM32_Drivers.dir/__/__/Drivers/STM32F4xx_HAL_Driver/Src/stm32f4xx_hal_rcc_ex.c.obj
 .debug_line    0x00002537      0x98b cmake/stm32cubemx/CMakeFiles/STM32_Drivers.dir/__/__/Drivers/STM32F4xx_HAL_Driver/Src/stm32f4xx_hal_gpio.c.obj
 .debug_line    0x00002ec2      0xb17 cmake/stm32cubemx/CMakeFiles/STM32_Drivers.dir/__/__/Drivers/STM32F4xx_HAL_Driver/Src/stm32f4xx_hal_cortex.c.obj
 .debug_line    0x000039d9      0x847 cmake/stm32cubemx/CMakeFiles/STM32_Drivers.dir/__/__/Drivers/STM32F4xx_HAL_Driver/Src/stm32f4xx_hal.c.obj
 .debug_line    0x00004220     0x38f4 cmake/stm32cubemx/CMakeFiles/STM32_Drivers.dir/__/__/Drivers/STM32F4xx_HAL_Driver/Src/stm32f4xx_hal_i2c.c.obj
 .debug_line    0x00007b14     0x1ae2 cmake/stm32cubemx/CMakeFiles/STM32_Drivers.dir/__/__/Drivers/STM32F4xx_HAL_Driver/Src/stm32f4xx_hal_spi.c.obj
 .debug_line    0x000095f6     0x35bc cmake/stm32cubemx/CMakeFiles/STM32_Drivers.dir/__/__/Drivers/STM32F4xx_HAL_Driver/Src/stm32f4xx_hal_tim.c.obj
 .debug_line    0x0000cbb2     0x17a7 cmake/stm32cubemx/CMakeFiles/STM32_Drivers.dir/__/__/Drivers/STM32F4xx_HAL_Driver/Src/stm32f4xx_hal_tim_ex.c.obj
 .debug_line    0x0000e359     0x238f cmake/stm32cubemx/CMakeFiles/STM32_Drivers.dir/__/__/Drivers/STM32F4xx_HAL_Driver/Src/stm32f4xx_hal_uart.c.obj
 .debug_line    0x000106e8      0x954 cmake/stm32cubemx/CMakeFiles/STM32_Drivers.dir/__/__/Drivers/BSP/STM32F4xx-Nucleo/stm32f4xx_nucleo.c.obj