Archive member included to satisfy reference by file (symbol)

/usr/lib/gcc/arm-none-eabi/13.2.1/thumb/v7e-m+fp/hard/libgcc.a(_aeabi_uldivmod.o)
                              cmake/stm32cubemx/CMakeFiles/STM32_Drivers.dir/__/__/Drivers/STM32F4xx_HAL_Driver/Src/stm32f4xx_hal_rcc.c.obj (__aeabi_uldivmod)
/usr/lib/gcc/arm-none-eabi/13.2.1/thumb/v7e-m+fp/hard/libgcc.a(_udivmoddi4.o)
                              /usr/lib/gcc/arm-none-eabi/13.2.1/thumb/v7e-m+fp/hard/libgcc.a(_aeabi_uldivmod.o) (__udivmoddi4)
/usr/lib/gcc/arm-none-eabi/13.2.1/thumb/v7e-m+fp/hard/libgcc.a(_dvmd_tls.o)
                              /usr/lib/gcc/arm-none-eabi/13.2.1/thumb/v7e-m+fp/hard/libgcc.a(_aeabi_uldivmod.o) (__aeabi_ldiv0)
/usr/lib/gcc/arm-none-eabi/13.2.1/../../../arm-none-eabi/lib/thumb/v7e-m+fp/hard/libg_nano.a(libc_a-init.o)
                              /usr/lib/gcc/arm-none-eabi/13.2.1/../../../arm-none-eabi/lib/thumb/v7e-m+fp/hard/crt0.o (__libc_init_array)
/usr/lib/gcc/arm-none-eabi/13.2.1/../../../arm-none-eabi/lib/thumb/v7e-m+fp/hard/libg_nano.a(libc_a-memset.o)
                              /usr/lib/gcc/arm-none-eabi/13.2.1/../../../arm-none-eabi/lib/thumb/v7e-m+fp/hard/crt0.o (memset)
/usr/lib/gcc/arm-none-eabi/13.2.1/../../../arm-none-eabi/lib/thumb/v7e-m+fp/hard/libg_nano.a(libc_a-errno.o)
                              CMakeFiles/sensor-data-logger.dir/Core/Src/sysmem.c.obj (__errno)
/usr/lib/gcc/arm-none-eabi/13.2.1/../../../arm-none-eabi/lib/thumb/v7e-m+fp/hard/libg_nano.a(libc_a-exit.o)
                              /usr/lib/gcc/arm-none-eabi/13.2.1/../../../arm-none-eabi/lib/thumb/v7e-m+fp/hard/crt0.o (exit)
/usr/lib/gcc/arm-none-eabi/13.2.1/../../../arm-none-eabi/lib/thumb/v7e-m+fp/hard/libg_nano.a(libc_a-atexit.o)
                              /usr/lib/gcc/arm-none-eabi/13.2.1/../../../arm-none-eabi/lib/thumb/v7e-m+fp/hard/crt0.o (atexit)
/usr/lib/gcc/arm-none-eabi/13.2.1/../../../arm-none-eabi/lib/thumb/v7e-m+fp/hard/libg_nano.a(libc_a-fini.o)
                              /usr/lib/gcc/arm-none-eabi/13.2.1/../../../arm-none-eabi/lib/thumb/v7e-m+fp/hard/crt0.o (__libc_fini_array)
/usr/lib/gcc/arm-none-eabi/13.2.1/../../../arm-none-eabi/lib/thumb/v7e-m+fp/hard/libg_nano.a(libc_a-impure.o)
                              /usr/lib/gcc/arm-none-eabi/13.2.1/../../../arm-none-eabi/lib/thumb/v7e-m+fp/hard/libg_nano.a(libc_a-errno.o) (_impure_ptr)
/usr/lib/gcc/arm-none-eabi/13.2.1/../../../arm-none-eabi/lib/thumb/v7e-m+fp/hard/libg_nano.a(libc_a-findfp.o)
                              /usr/lib/gcc/arm-none-eabi/13.2.1/../../../arm-none-eabi/lib/thumb/v7e-m+fp/hard/libg_nano.a(libc_a-exit.o) (__stdio_exit_handler)
/usr/lib/gcc/arm-none-eabi/13.2.1/../../../arm-none-eabi/lib/thumb/v7e-m+fp/hard/libg_nano.a(libc_a-fflush.o)
                              /usr/lib/gcc/arm-none-eabi/13.2.1/../../../arm-none-eabi/lib/thumb/v7e-m+fp/hard/libg_nano.a(libc_a-findfp.o) (_fflush_r)
/usr/lib/gcc/arm-none-eabi/13.2.1/../../../arm-none-eabi/lib/thumb/v7e-m+fp/hard/libg_nano.a(libc_a-mallocr.o)
                              /usr/lib/gcc/arm-none-eabi/13.2.1/../../../arm-none-eabi/lib/thumb/v7e-m+fp/hard/libg_nano.a(libc_a-findfp.o) (_malloc_r)
/usr/lib/gcc/arm-none-eabi/13.2.1/../../../arm-none-eabi/lib/thumb/v7e-m+fp/hard/libg_nano.a(libc_a-freer.o)
                              /usr/lib/gcc/arm-none-eabi/13.2.1/../../../arm-none-eabi/lib/thumb/v7e-m+fp/hard/libg_nano.a(libc_a-fflush.o) (_free_r)
/usr/lib/gcc/arm-none-eabi/13.2.1/../../../arm-none-eabi/lib/thumb/v7e-m+fp/hard/libg_nano.a(libc_a-fwalk.o)
                              /usr/lib/gcc/arm-none-eabi/13.2.1/../../../arm-none-eabi/lib/thumb/v7e-m+fp/hard/libg_nano.a(libc_a-findfp.o) (_fwalk_sglue)
/usr/lib/gcc/arm-none-eabi/13.2.1/../../../arm-none-eabi/lib/thumb/v7e-m+fp/hard/libg_nano.a(libc_a-__atexit.o)
                              /usr/lib/gcc/arm-none-eabi/13.2.1/../../../arm-none-eabi/lib/thumb/v7e-m+fp/hard/libg_nano.a(libc_a-atexit.o) (__register_exitproc)
/usr/lib/gcc/arm-none-eabi/13.2.1/../../../arm-none-eabi/lib/thumb/v7e-m+fp/hard/libg_nano.a(libc_a-mlock.o)
                              /usr/lib/gcc/arm-none-eabi/13.2.1/../../../arm-none-eabi/lib/thumb/v7e-m+fp/hard/libg_nano.a(libc_a-mallocr.o) (__malloc_lock)
/usr/lib/gcc/arm-none-eabi/13.2.1/../../../arm-none-eabi/lib/thumb/v7e-m+fp/hard/libg_nano.a(libc_a-sbrkr.o)
                              /usr/lib/gcc/arm-none-eabi/13.2.1/../../../arm-none-eabi/lib/thumb/v7e-m+fp/hard/libg_nano.a(libc_a-mallocr.o) (_sbrk_r)
/usr/lib/gcc/arm-none-eabi/13.2.1/../../../arm-none-eabi/lib/thumb/v7e-m+fp/hard/libg_nano.a(libc_a-stdio.o)
                              /usr/lib/gcc/arm-none-eabi/13.2.1/../../../arm-none-eabi/lib/thumb/v7e-m+fp/hard/libg_nano.a(libc_a-findfp.o) (__sread)
/usr/lib/gcc/arm-none-eabi/13.2.1/../../../arm-none-eabi/lib/thumb/v7e-m+fp/hard/libg_nano.a(libc_a-closer.o)
[...]
Memory Configuration

Name             Origin             Length             Attributes
RAM              0x20000000         0x00020000         xrw
FLASH            0x08000000         0x00080000         xr
*default*        0x00000000         0xffffffff

Linker script and memory map

LOAD /usr/lib/gcc/arm-none-eabi/13.2.1/thumb/v7e-m+fp/hard/crti.o
LOAD /usr/lib/gcc/arm-none-eabi/13.2.1/thumb/v7e-m+fp/hard/crtbegin.o
LOAD /usr/lib/gcc/arm-none-eabi/13.2.1/../../../arm-none-eabi/lib/thumb/v7e-m+fp/hard/crt0.o
LOAD cmake/stm32cubemx/CMakeFiles/STM32_Drivers.dir/__/__/Core/Src/system_stm32f4xx.c.obj
LOAD cmake/stm32cubemx/CMakeFiles/STM32_Drivers.dir/__/__/Drivers/STM32F4xx_HAL_Driver/Src/stm32f4xx_hal_rcc.c.obj
LOAD cmake/stm32cubemx/CMakeFiles/STM32_Drivers.dir/__/__/Drivers/STM32F4xx_HAL_Driver/Src/stm32f4xx_hal_rcc_ex.c.obj
LOAD cmake/stm32cubemx/CMakeFiles/STM32_Drivers.dir/__/__/Drivers/STM32F4xx_HAL_Driver/Src/stm32f4xx_hal_flash.c.obj
LOAD cmake/stm32cubemx/CMakeFiles/STM32_Drivers.dir/__/__/Drivers/STM32F4xx_HAL_Driver/Src/stm32f4xx_hal_flash_ex.c.obj
LOAD cmake/stm32cubemx/CMakeFiles/STM32_Drivers.dir/__/__/Drivers/STM32F4xx_HAL_Driver/Src/stm32f4xx_hal_flash_ramfunc.c.obj
LOAD cmake/stm32cubemx/CMakeFiles/STM32_Drivers.dir/__/__/Drivers/STM32F4xx_HAL_Driver/Src/stm32f4xx_hal_gpio.c.obj
LOAD cmake/stm32cubemx/CMakeFiles/STM32_Drivers.dir/__/__/Drivers/STM32F4xx_HAL_Driver/Src/stm32f4xx_hal_dma_ex.c.obj
LOAD cmake/stm32cubemx/CMakeFiles/STM32_Drivers.dir/__/__/Drivers/STM32F4xx_HAL_Driver/Src/stm32f4xx_hal_dma.c.obj
LOAD cmake/stm32cubemx/CMakeFiles/STM32_Drivers.dir/__/__/Drivers/STM32F4xx_HAL_Driver/Src/stm32f4xx_hal_pwr.c.obj
LOAD cmake/stm32cubemx/CMakeFiles/STM32_Drivers.dir/__/__/Drivers/STM32F4xx_HAL_Driver/Src/stm32f4xx_hal_pwr_ex.c.obj
LOAD cmake/stm32cubemx/CMakeFiles/STM32_Drivers.dir/__/__/Drivers/STM32F4xx_HAL_Driver/Src/stm32f4xx_hal_cortex.c.obj
LOAD cmake/stm32cubemx/CMakeFiles/STM32_Drivers.dir/__/__/Drivers/STM32F4xx_HAL_Driver/Src/stm32f4xx_hal.c.obj
LOAD cmake/stm32cubemx/CMakeFiles/STM32_Drivers.dir/__/__/Drivers/STM32F4xx_HAL_Driver/Src/stm32f4xx_hal_exti.c.obj
LOAD cmake/stm32cubemx/CMakeFiles/STM32_Drivers.dir/__/__/Drivers/STM32F4xx_HAL_Driver/Src/stm32f4xx_hal_i2c.c.obj
LOAD cmake/stm32cubemx/CMakeFiles/STM32_Drivers.dir/__/__/Drivers/STM32F4xx_HAL_Driver/Src/stm32f4xx_hal_i2c_ex.c.obj
LOAD cmake/stm32cubemx/CMakeFiles/STM32_Drivers.dir/__/__/Drivers/STM32F4xx_HAL_Driver/Src/stm32f4xx_hal_spi.c.obj
LOAD cmake/stm32cubemx/CMakeFiles/STM32_Drivers.dir/__/__/Drivers/STM32F4xx_HAL_Driver/Src/stm32f4xx_hal_tim.c.obj
LOAD cmake/stm32cubemx/CMakeFiles/STM32_Drivers.dir/__/__/Drivers/STM32F4xx_HAL_Driver/Src/stm32f4xx_hal_tim_ex.c.obj
LOAD cmake/stm32cubemx/CMakeFiles/STM32_Drivers.dir/__/__/Drivers/STM32F4xx_HAL_Driver/Src/stm32f4xx_hal_uart.c.obj
LOAD cmake/stm32cubemx/CMakeFiles/STM32_Drivers.dir/__/__/Drivers/BSP/STM32F4xx-Nucleo/stm32f4xx_nucleo.c.obj
LOAD cmake/stm32cubemx/CMakeFiles/FatFs.dir/__/__/Middlewares/Third_Party/FatFs/src/diskio.c.obj
LOAD cmake/stm32cubemx/CMakeFiles/FatFs.dir/__/__/Middlewares/Third_Party/FatFs/src/ff.c.obj
LOAD cmake/stm32cubemx/CMakeFiles/FatFs.dir/__/__/Middlewares/Third_Party/FatFs/src/ff_gen_drv.c.obj
LOAD cmake/stm32cubemx/CMakeFiles/FatFs.dir/__/__/Middlewares/Third_Party/FatFs/src/option/syscall.c.obj
LOAD CMakeFiles/sensor-data-logger.dir/FATFS/Target/user_diskio.c.obj
LOAD CMakeFiles/sensor-data-logger.dir/FATFS/App/fatfs.c.obj
LOAD CMakeFiles/sensor-data-logger.dir/Core/Src/main.c.obj
LOAD CMakeFiles/sensor-data-logger.dir/Core/Src/gpio.c.obj
LOAD CMakeFiles/sensor-data-logger.dir/Core/Src/i2c.c.obj
LOAD CMakeFiles/sensor-data-logger.dir/Core/Src/spi.c.obj
LOAD CMakeFiles/sensor-data-logger.dir/Core/Src/tim.c.obj
LOAD CMakeFiles/sensor-data-logger.dir/Core/Src/usart.c.obj
LOAD CMakeFiles/sensor-data-logger.dir/Core/Src/stm32f4xx_it.c.obj
LOAD CMakeFiles/sensor-data-logger.dir/Core/Src/stm32f4xx_hal_msp.c.obj
LOAD CMakeFiles/sensor-data-logger.dir/Core/Src/sysmem.c.obj
LOAD CMakeFiles/sensor-data-logger.dir/Core/Src/syscalls.c.obj
LOAD CMakeFiles/sensor-data-logger.dir/startup_stm32f446xx.s.obj
LOAD /usr/lib/gcc/arm-none-eabi/13.2.1/../../../arm-none-eabi/lib/thumb/v7e-m+fp/hard/libm.a
START GROUP
LOAD /usr/lib/gcc/arm-none-eabi/13.2.1/thumb/v7e-m+fp/hard/libgcc.a
LOAD /usr/lib/gcc/arm-none-eabi/13.2.1/../../../arm-none-eabi/lib/thumb/v7e-m+fp/hard/libg_nano.a
LOAD /usr/lib/gcc/arm-none-eabi/13.2.1/../../../arm-none-eabi/lib/thumb/v7e-m+fp/hard/libc_nano.a
END GROUP
START GROUP
LOAD /usr/lib/gcc/arm-none-eabi/13.2.1/thumb/v7e-m+fp/hard/libgcc.a
LOAD /usr/lib/gcc/arm-none-eabi/13.2.1/../../../arm-none-eabi/lib/thumb/v7e-m+fp/hard/libc_nano.a
END GROUP
LOAD /usr/lib/gcc/arm-none-eabi/13.2.1/thumb/v7e-m+fp/hard/crtend.o
LOAD /usr/lib/gcc/arm-none-eabi/13.2.1/thumb/v7e-m+fp/hard/crtn.o
                0x20020000                        _estack = (ORIGIN (RAM) + LENGTH (RAM))
                0x2001fc00                        _sstack = (_estack - _Min_Stack_Size)
                0x00000200                        _Min_Heap_Size = 0x200
                0x00000400                        _Min_Stack_Size = 0x400

.isr_vector     0x08000000      0x1c4
                0x08000000                        . = ALIGN (0x4)
 *(.isr_vector)
 .isr_vector    0x08000000      0x1c4 CMakeFiles/sensor-data-logger.dir/startup_stm32f446xx.s.obj
                0x08000000                g_pfnVectors
                0x080001c4                        . = ALIGN (0x4)

.text           0x080001c4     0x2f28
                0x080001c4                        . = ALIGN (0x4)
 *(.text)
 .text          0x080001c4       0x88 /usr/lib/gcc/arm-none-eabi/13.2.1/thumb/v7e-m+fp/hard/crtbegin.o
 .text          0x0800024c       0x30 /usr/lib/gcc/arm-none-eabi/13.2.1/thumb/v7e-m+fp/hard/libgcc.a(_aeabi_uldivmod.o)
                0x0800024c                __aeabi_uldivmod
 .text          0x0800027c      0x2bc /usr/lib/gcc/arm-none-eabi/13.2.1/thumb/v7e-m+fp/hard/libgcc.a(_udivmoddi4.o)
                0x0800027c                __udivmoddi4
 .text          0x08000538        0x4 /usr/lib/gcc/arm-none-eabi/13.2.1/thumb/v7e-m+fp/hard/libgcc.a(_dvmd_tls.o)
                0x08000538                __aeabi_ldiv0
                0x08000538                __aeabi_idiv0
 .text          0x0800053c       0x50 /usr/lib/gcc/arm-none-eabi/13.2.1/../../../arm-none-eabi/lib/thumb/v7e-m+fp/hard/libg_nano.a(libc_a-init.o)
                0x0800053c                __libc_init_array
 .text          0x0800058c       0xa4 /usr/lib/gcc/arm-none-eabi/13.2.1/../../../arm-none-eabi/lib/thumb/v7e-m+fp/hard/libg_nano.a(libc_a-memset.o)
                0x0800058c                memset
 *(.text*)
 .text.SystemInit
                0x08000630       0x24 cmake/stm32cubemx/CMakeFiles/STM32_Drivers.dir/__/__/Core/Src/system_stm32f4xx.c.obj
                0x08000630                SystemInit
 .text.HAL_RCC_ClockConfig
                0x08000654      0x1cc cmake/stm32cubemx/CMakeFiles/STM32_Drivers.dir/__/__/Drivers/STM32F4xx_HAL_Driver/Src/stm32f4xx_hal_rcc.c.obj
                0x08000654                HAL_RCC_ClockConfig
 .text.HAL_RCC_GetHCLKFreq
                0x08000820       0x18 cmake/stm32cubemx/CMakeFiles/STM32_Drivers.dir/__/__/Drivers/STM32F4xx_HAL_Driver/Src/stm32f4xx_hal_rcc.c.obj
                0x08000820                HAL_RCC_GetHCLKFreq
 .text.HAL_RCC_GetPCLK1Freq
                0x08000838       0x28 cmake/stm32cubemx/CMakeFiles/STM32_Drivers.dir/__/__/Drivers/STM32F4xx_HAL_Driver/Src/stm32f4xx_hal_rcc.c.obj
                0x08000838                HAL_RCC_GetPCLK1Freq
 .text.HAL_RCC_GetPCLK2Freq
                0x08000860       0x28 cmake/stm32cubemx/CMakeFiles/STM32_Drivers.dir/__/__/Drivers/STM32F4xx_HAL_Driver/Src/stm32f4xx_hal_rcc.c.obj
                0x08000860                HAL_RCC_GetPCLK2Freq
 .text.HAL_RCC_GetSysClockFreq
                0x08000888      0x460 cmake/stm32cubemx/CMakeFiles/STM32_Drivers.dir/__/__/Drivers/STM32F4xx_HAL_Driver/Src/stm32f4xx_hal_rcc_ex.c.obj
                0x08000888                HAL_RCC_GetSysClockFreq
 .text.HAL_RCC_OscConfig
                0x08000ce8      0x53c cmake/stm32cubemx/CMakeFiles/STM32_Drivers.dir/__/__/Drivers/STM32F4xx_HAL_Driver/Src/stm32f4xx_hal_rcc_ex.c.obj
                0x08000ce8                HAL_RCC_OscConfig
 .text.HAL_GPIO_Init
                0x08001224      0x328 cmake/stm32cubemx/CMakeFiles/STM32_Drivers.dir/__/__/Drivers/STM32F4xx_HAL_Driver/Src/stm32f4xx_hal_gpio.c.obj
                0x08001224                HAL_GPIO_Init
 .text.HAL_GPIO_WritePin
                0x0800154c       0x32 cmake/stm32cubemx/CMakeFiles/STM32_Drivers.dir/__/__/Drivers/STM32F4xx_HAL_Driver/Src/stm32f4xx_hal_gpio.c.obj
                0x0800154c                HAL_GPIO_WritePin
 *fill*         0x0800157e        0x2 
 .text.HAL_GPIO_EXTI_IRQHandler
                0x08001580       0x30 cmake/stm32cubemx/CMakeFiles/STM32_Drivers.dir/__/__/Drivers/STM32F4xx_HAL_Driver/Src/stm32f4xx_hal_gpio.c.obj
                0x08001580                HAL_GPIO_EXTI_IRQHandler
 .text.HAL_GPIO_EXTI_Callback
                0x080015b0       0x16 cmake/stm32cubemx/CMakeFiles/STM32_Drivers.dir/__/__/Drivers/STM32F4xx_HAL_Driver/Src/stm32f4xx_hal_gpio.c.obj
                0x080015b0                HAL_GPIO_EXTI_Callback
 *fill*         0x080015c6        0x2 
 .text.__NVIC_SetPriorityGrouping
                0x080015c8       0x48 cmake/stm32cubemx/CMakeFiles/STM32_Drivers.dir/__/__/Drivers/STM32F4xx_HAL_Driver/Src/stm32f4xx_hal_cortex.c.obj
 .text.__NVIC_GetPriorityGrouping
                0x08001610       0x1c cmake/stm32cubemx/CMakeFiles/STM32_Drivers.dir/__/__/Drivers/STM32F4xx_HAL_Driver/Src/stm32f4xx_hal_cortex.c.obj
 .text.__NVIC_EnableIRQ
                0x0800162c       0x3c cmake/stm32cubemx/CMakeFiles/STM32_Drivers.dir/__/__/Drivers/STM32F4xx_HAL_Driver/Src/stm32f4xx_hal_cortex.c.obj
 .text.__NVIC_SetPriority
                0x08001668       0x54 cmake/stm32cubemx/CMakeFiles/STM32_Drivers.dir/__/__/Drivers/STM32F4xx_HAL_Driver/Src/stm32f4xx_hal_cortex.c.obj
 .text.NVIC_EncodePriority
                0x080016bc       0x66 cmake/stm32cubemx/CMakeFiles/STM32_Drivers.dir/__/__/Drivers/STM32F4xx_HAL_Driver/Src/stm32f4xx_hal_cortex.c.obj
 *fill*         0x08001722        0x2 
 .text.SysTick_Config
                0x08001724       0x44 cmake/stm32cubemx/CMakeFiles/STM32_Drivers.dir/__/__/Drivers/STM32F4xx_HAL_Driver/Src/stm32f4xx_hal_cortex.c.obj
 .text.HAL_NVIC_SetPriorityGrouping
                0x08001768       0x16 cmake/stm32cubemx/CMakeFiles/STM32_Drivers.dir/__/__/Drivers/STM32F4xx_HAL_Driver/Src/stm32f4xx_hal_cortex.c.obj
                0x08001768                HAL_NVIC_SetPriorityGrouping
 .text.HAL_NVIC_SetPriority
                0x0800177e       0x38 cmake/stm32cubemx/CMakeFiles/STM32_Drivers.dir/__/__/Drivers/STM32F4xx_HAL_Driver/Src/stm32f4xx_hal_cortex.c.obj
                0x0800177e                HAL_NVIC_SetPriority
 .text.HAL_NVIC_EnableIRQ
                0x080017b6       0x1c cmake/stm32cubemx/CMakeFiles/STM32_Drivers.dir/__/__/Drivers/STM32F4xx_HAL_Driver/Src/stm32f4xx_hal_cortex.c.obj
                0x080017b6                HAL_NVIC_EnableIRQ
 .text.HAL_SYSTICK_Config
                0x080017d2       0x18 cmake/stm32cubemx/CMakeFiles/STM32_Drivers.dir/__/__/Drivers/STM32F4xx_HAL_Driver/Src/stm32f4xx_hal_cortex.c.obj
                0x080017d2                HAL_SYSTICK_Config
 *fill*         0x080017ea        0x2 
 .text.HAL_Init
                0x080017ec       0x44 cmake/stm32cubemx/CMakeFiles/STM32_Drivers.dir/__/__/Drivers/STM32F4xx_HAL_Driver/Src/stm32f4xx_hal.c.obj
                0x080017ec                HAL_Init
 .text.HAL_InitTick
                0x08001830       0x60 cmake/stm32cubemx/CMakeFiles/STM32_Drivers.dir/__/__/Drivers/STM32F4xx_HAL_Driver/Src/stm32f4xx_hal.c.obj
                0x08001830                HAL_InitTick
 .text.HAL_IncTick
                0x08001890       0x28 cmake/stm32cubemx/CMakeFiles/STM32_Drivers.dir/__/__/Drivers/STM32F4xx_HAL_Driver/Src/stm32f4xx_hal.c.obj
                0x08001890                HAL_IncTick
 .text.HAL_GetTick
                0x080018b8       0x18 cmake/stm32cubemx/CMakeFiles/STM32_Drivers.dir/__/__/Drivers/STM32F4xx_HAL_Driver/Src/stm32f4xx_hal.c.obj
                0x080018b8                HAL_GetTick
 .text.HAL_I2C_Init
                0x080018d0      0x288 cmake/stm32cubemx/CMakeFiles/STM32_Drivers.dir/__/__/Drivers/STM32F4xx_HAL_Driver/Src/stm32f4xx_hal_i2c.c.obj
                0x080018d0                HAL_I2C_Init
 .text.HAL_SPI_Init
                0x08001b58      0x112 cmake/stm32cubemx/CMakeFiles/STM32_Drivers.dir/__/__/Drivers/STM32F4xx_HAL_Driver/Src/stm32f4xx_hal_spi.c.obj
                0x08001b58                HAL_SPI_Init
 .text.HAL_TIM_Base_Init
                0x08001c6a       0x9e cmake/stm32cubemx/CMakeFiles/STM32_Drivers.dir/__/__/Drivers/STM32F4xx_HAL_Driver/Src/stm32f4xx_hal_tim.c.obj
                0x08001c6a                HAL_TIM_Base_Init
 .text.HAL_TIM_IRQHandler
                0x08001d08      0x1e0 cmake/stm32cubemx/CMakeFiles/STM32_Drivers.dir/__/__/Drivers/STM32F4xx_HAL_Driver/Src/stm32f4xx_hal_tim.c.obj
                0x08001d08                HAL_TIM_IRQHandler
 .text.HAL_TIM_PeriodElapsedCallback
                0x08001ee8       0x14 cmake/stm32cubemx/CMakeFiles/STM32_Drivers.dir/__/__/Drivers/STM32F4xx_HAL_Driver/Src/stm32f4xx_hal_tim.c.obj
                0x08001ee8                HAL_TIM_PeriodElapsedCallback
 .text.HAL_TIM_OC_DelayElapsedCallback
                0x08001efc       0x14 cmake/stm32cubemx/CMakeFiles/STM32_Drivers.dir/__/__/Drivers/STM32F4xx_HAL_Driver/Src/stm32f4xx_hal_tim.c.obj
                0x08001efc                HAL_TIM_OC_DelayElapsedCallback
 .text.HAL_TIM_IC_CaptureCallback
                0x08001f10       0x14 cmake/stm32cubemx/CMakeFiles/STM32_Drivers.dir/__/__/Drivers/STM32F4xx_HAL_Driver/Src/stm32f4xx_hal_tim.c.obj
                0x08001f10                HAL_TIM_IC_CaptureCallback
 .text.HAL_TIM_PWM_PulseFinishedCallback
                0x08001f24       0x14 cmake/stm32cubemx/CMakeFiles/STM32_Drivers.dir/__/__/Drivers/STM32F4xx_HAL_Driver/Src/stm32f4xx_hal_tim.c.obj
                0x08001f24                HAL_TIM_PWM_PulseFinishedCallback
 .text.HAL_TIM_TriggerCallback
                0x08001f38       0x14 cmake/stm32cubemx/CMakeFiles/STM32_Drivers.dir/__/__/Drivers/STM32F4xx_HAL_Driver/Src/stm32f4xx_hal_tim.c.obj
                0x08001f38                HAL_TIM_TriggerCallback
 .text.TIM_Base_SetConfig
                0x08001f4c      0x14c cmake/stm32cubemx/CMakeFiles/STM32_Drivers.dir/__/__/Drivers/STM32F4xx_HAL_Driver/Src/stm32f4xx_hal_tim.c.obj
                0x08001f4c                TIM_Base_SetConfig
 .text.HAL_TIMEx_MasterConfigSynchronization
                0x08002098       0xf8 cmake/stm32cubemx/CMakeFiles/STM32_Drivers.dir/__/__/Drivers/STM32F4xx_HAL_Driver/Src/stm32f4xx_hal_tim_ex.c.obj
                0x08002098                HAL_TIMEx_MasterConfigSynchronization
 .text.HAL_TIMEx_CommutCallback
                0x08002190       0x14 cmake/stm32cubemx/CMakeFiles/STM32_Drivers.dir/__/__/Drivers/STM32F4xx_HAL_Driver/Src/stm32f4xx_hal_tim_ex.c.obj
                0x08002190                HAL_TIMEx_CommutCallback
 .text.HAL_TIMEx_BreakCallback
                0x080021a4       0x14 cmake/stm32cubemx/CMakeFiles/STM32_Drivers.dir/__/__/Drivers/STM32F4xx_HAL_Driver/Src/stm32f4xx_hal_tim_ex.c.obj
                0x080021a4                HAL_TIMEx_BreakCallback
 .text.HAL_UART_Init
                0x080021b8       0xa0 cmake/stm32cubemx/CMakeFiles/STM32_Drivers.dir/__/__/Drivers/STM32F4xx_HAL_Driver/Src/stm32f4xx_hal_uart.c.obj
                0x080021b8                HAL_UART_Init
 .text.UART_SetConfig
                0x08002258      0x4e8 cmake/stm32cubemx/CMakeFiles/STM32_Drivers.dir/__/__/Drivers/STM32F4xx_HAL_Driver/Src/stm32f4xx_hal_uart.c.obj
 .text.BSP_LED_Init
                0x08002740       0x6c cmake/stm32cubemx/CMakeFiles/STM32_Drivers.dir/__/__/Drivers/BSP/STM32F4xx-Nucleo/stm32f4xx_nucleo.c.obj
                0x08002740                BSP_LED_Init
 .text.BSP_PB_Init
                0x080027ac       0xac cmake/stm32cubemx/CMakeFiles/STM32_Drivers.dir/__/__/Drivers/BSP/STM32F4xx-Nucleo/stm32f4xx_nucleo.c.obj
                0x080027ac                BSP_PB_Init
 .text.FATFS_LinkDriverEx
                0x08002858       0x98 cmake/stm32cubemx/CMakeFiles/FatFs.dir/__/__/Middlewares/Third_Party/FatFs/src/ff_gen_drv.c.obj
                0x08002858                FATFS_LinkDriverEx
 .text.FATFS_LinkDriver
                0x080028f0       0x1e cmake/stm32cubemx/CMakeFiles/FatFs.dir/__/__/Middlewares/Third_Party/FatFs/src/ff_gen_drv.c.obj
                0x080028f0                FATFS_LinkDriver
 *fill*         0x0800290e        0x2 
 .text.USER_initialize
                0x08002910       0x28 CMakeFiles/sensor-data-logger.dir/FATFS/Target/user_diskio.c.obj
                0x08002910                USER_initialize
 .text.USER_status
                0x08002938       0x28 CMakeFiles/sensor-data-logger.dir/FATFS/Target/user_diskio.c.obj
                0x08002938                USER_status
 .text.USER_read
                0x08002960       0x1e CMakeFiles/sensor-data-logger.dir/FATFS/Target/user_diskio.c.obj
                0x08002960                USER_read
 .text.USER_write
                0x0800297e       0x1e CMakeFiles/sensor-data-logger.dir/FATFS/Target/user_diskio.c.obj
                0x0800297e                USER_write
 .text.USER_ioctl
                0x0800299c       0x22 CMakeFiles/sensor-data-logger.dir/FATFS/Target/user_diskio.c.obj
                0x0800299c                USER_ioctl
 *fill*         0x080029be        0x2 
 .text.MX_FATFS_Init
                0x080029c0       0x24 CMakeFiles/sensor-data-logger.dir/FATFS/App/fatfs.c.obj
                0x080029c0                MX_FATFS_Init
 .text.main     0x080029e4       0x36 CMakeFiles/sensor-data-logger.dir/Core/Src/main.c.obj
                0x080029e4                main
 *fill*         0x08002a1a        0x2 
 .text.SystemClock_Config
                0x08002a1c       0xdc CMakeFiles/sensor-data-logger.dir/Core/Src/main.c.obj
                0x08002a1c                SystemClock_Config
 .text.Error_Handler
                0x08002af8        0xc CMakeFiles/sensor-data-logger.dir/Core/Src/main.c.obj
                0x08002af8                Error_Handler
 .text.MX_GPIO_Init
                0x08002b04       0xc0 CMakeFiles/sensor-data-logger.dir/Core/Src/gpio.c.obj
                0x08002b04                MX_GPIO_Init
 .text.MX_I2C1_Init
                0x08002bc4       0x5c CMakeFiles/sensor-data-logger.dir/Core/Src/i2c.c.obj
                0x08002bc4                MX_I2C1_Init
 .text.HAL_I2C_MspInit
                0x08002c20       0x90 CMakeFiles/sensor-data-logger.dir/Core/Src/i2c.c.obj
                0x08002c20                HAL_I2C_MspInit
 .text.MX_SPI2_Init
                0x08002cb0       0x6c CMakeFiles/sensor-data-logger.dir/Core/Src/spi.c.obj
                0x08002cb0                MX_SPI2_Init
 .text.HAL_SPI_MspInit
                0x08002d1c       0xf0 CMakeFiles/sensor-data-logger.dir/Core/Src/spi.c.obj
                0x08002d1c                HAL_SPI_MspInit
 .text.MX_TIM6_Init
                0x08002e0c       0x6c CMakeFiles/sensor-data-logger.dir/Core/Src/tim.c.obj
                0x08002e0c                MX_TIM6_Init
 .text.HAL_TIM_Base_MspInit
                0x08002e78       0x50 CMakeFiles/sensor-data-logger.dir/Core/Src/tim.c.obj
                0x08002e78                HAL_TIM_Base_MspInit
 .text.MX_USART2_UART_Init
                0x08002ec8       0x54 CMakeFiles/sensor-data-logger.dir/Core/Src/usart.c.obj
                0x08002ec8                MX_USART2_UART_Init
 .text.HAL_UART_MspInit
                0x08002f1c       0x90 CMakeFiles/sensor-data-logger.dir/Core/Src/usart.c.obj
                0x08002f1c                HAL_UART_MspInit
 .text.NMI_Handler
                0x08002fac        0x8 CMakeFiles/sensor-data-logger.dir/Core/Src/stm32f4xx_it.c.obj
                0x08002fac                NMI_Handler
 .text.HardFault_Handler
                0x08002fb4        0x8 CMakeFiles/sensor-data-logger.dir/Core/Src/stm32f4xx_it.c.obj
                0x08002fb4                HardFault_Handler
 .text.MemManage_Handler
                0x08002fbc        0x8 CMakeFiles/sensor-data-logger.dir/Core/Src/stm32f4xx_it.c.obj
                0x08002fbc                MemManage_Handler
 .text.BusFault_Handler
                0x08002fc4        0x8 CMakeFiles/sensor-data-logger.dir/Core/Src/stm32f4xx_it.c.obj
                0x08002fc4                BusFault_Handler
 .text.UsageFault_Handler
                0x08002fcc        0x8 CMakeFiles/sensor-data-logger.dir/Core/Src/stm32f4xx_it.c.obj
                0x08002fcc                UsageFault_Handler
 .text.SVC_Handler
                0x08002fd4        0xe CMakeFiles/sensor-data-logger.dir/Core/Src/stm32f4xx_it.c.obj
                0x08002fd4                SVC_Handler
 .text.DebugMon_Handler
                0x08002fe2        0xe CMakeFiles/sensor-data-logger.dir/Core/Src/stm32f4xx_it.c.obj
                0x08002fe2                DebugMon_Handler
 .text.PendSV_Handler
                0x08002ff0        0xe CMakeFiles/sensor-data-logger.dir/Core/Src/stm32f4xx_it.c.obj
                0x08002ff0                PendSV_Handler
 .text.SysTick_Handler
                0x08002ffe        0xc CMakeFiles/sensor-data-logger.dir/Core/Src/stm32f4xx_it.c.obj
                0x08002ffe                SysTick_Handler
 .text.EXTI15_10_IRQHandler
                0x0800300a       0x10 CMakeFiles/sensor-data-logger.dir/Core/Src/stm32f4xx_it.c.obj
                0x0800300a                EXTI15_10_IRQHandler
 *fill*         0x0800301a        0x2 
 .text.TIM6_DAC_IRQHandler
                0x0800301c       0x14 CMakeFiles/sensor-data-logger.dir/Core/Src/stm32f4xx_it.c.obj
                0x0800301c                TIM6_DAC_IRQHandler
 .text.HAL_MspInit
                0x08003030       0x50 CMakeFiles/sensor-data-logger.dir/Core/Src/stm32f4xx_hal_msp.c.obj
                0x08003030                HAL_MspInit
 .text.Reset_Handler
                0x08003080       0x50 CMakeFiles/sensor-data-logger.dir/startup_stm32f446xx.s.obj
                0x08003080                Reset_Handler
 .text.Default_Handler
                0x080030d0        0x2 CMakeFiles/sensor-data-logger.dir/startup_stm32f446xx.s.obj
                0x080030d0                RTC_Alarm_IRQHandler
                0x080030d0                EXTI2_IRQHandler
                0x080030d0                TIM8_CC_IRQHandler
                0x080030d0                FMPI2C1_EV_IRQHandler
                0x080030d0                SPI4_IRQHandler
                0x080030d0                TIM1_CC_IRQHandler
                0x080030d0                DMA2_Stream5_IRQHandler
                0x080030d0                DMA1_Stream5_IRQHandler
                0x080030d0                PVD_IRQHandler
                0x080030d0                SDIO_IRQHandler
                0x080030d0                TAMP_STAMP_IRQHandler
                0x080030d0                CAN2_RX1_IRQHandler
                0x080030d0                EXTI3_IRQHandler
                0x080030d0                TIM8_TRG_COM_TIM14_IRQHandler
                0x080030d0                TIM1_UP_TIM10_IRQHandler
                0x080030d0                TIM8_UP_TIM13_IRQHandler
                0x080030d0                I2C3_ER_IRQHandler
                0x080030d0                EXTI0_IRQHandler
                0x080030d0                I2C2_EV_IRQHandler
                0x080030d0                DMA1_Stream2_IRQHandler
                0x080030d0                CAN1_RX0_IRQHandler
                0x080030d0                FPU_IRQHandler
                0x080030d0                OTG_HS_WKUP_IRQHandler
                0x080030d0                CAN2_SCE_IRQHandler
                0x080030d0                DMA2_Stream2_IRQHandler
                0x080030d0                SPI1_IRQHandler
                0x080030d0                TIM1_BRK_TIM9_IRQHandler
                0x080030d0                DCMI_IRQHandler
                0x080030d0                CAN2_RX0_IRQHandler
                0x080030d0                DMA2_Stream3_IRQHandler
                0x080030d0                SAI2_IRQHandler
                0x080030d0                USART6_IRQHandler
                0x080030d0                USART3_IRQHandler
                0x080030d0                CAN1_RX1_IRQHandler
                0x080030d0                UART5_IRQHandler
                0x080030d0                DMA2_Stream0_IRQHandler
                0x080030d0                TIM4_IRQHandler
                0x080030d0                QUADSPI_IRQHandler
                0x080030d0                I2C1_EV_IRQHandler
                0x080030d0                DMA1_Stream6_IRQHandler
                0x080030d0                DMA1_Stream1_IRQHandler
                0x080030d0                UART4_IRQHandler
                0x080030d0                TIM3_IRQHandler
                0x080030d0                RCC_IRQHandler
                0x080030d0                TIM8_BRK_TIM12_IRQHandler
                0x080030d0                Default_Handler
                0x080030d0                CEC_IRQHandler
                0x080030d0                ADC_IRQHandler
                0x080030d0                DMA1_Stream7_IRQHandler
                0x080030d0                TIM7_IRQHandler
                0x080030d0                CAN2_TX_IRQHandler
                0x080030d0                TIM5_IRQHandler
                0x080030d0                DMA2_Stream7_IRQHandler
                0x080030d0                I2C3_EV_IRQHandler
                0x080030d0                EXTI9_5_IRQHandler
                0x080030d0                RTC_WKUP_IRQHandler
                0x080030d0                SPDIF_RX_IRQHandler
                0x080030d0                SPI2_IRQHandler
                0x080030d0                OTG_HS_EP1_IN_IRQHandler
                0x080030d0                DMA1_Stream0_IRQHandler
                0x080030d0                CAN1_TX_IRQHandler
                0x080030d0                FMPI2C1_ER_IRQHandler
                0x080030d0                EXTI4_IRQHandler
                0x080030d0                OTG_HS_EP1_OUT_IRQHandler
                0x080030d0                WWDG_IRQHandler
                0x080030d0                TIM2_IRQHandler
                0x080030d0                OTG_FS_WKUP_IRQHandler
                0x080030d0                TIM1_TRG_COM_TIM11_IRQHandler
                0x080030d0                OTG_HS_IRQHandler
                0x080030d0                EXTI1_IRQHandler
                0x080030d0                USART2_IRQHandler
                0x080030d0                I2C2_ER_IRQHandler
                0x080030d0                DMA2_Stream1_IRQHandler
                0x080030d0                CAN1_SCE_IRQHandler
                0x080030d0                FLASH_IRQHandler
                0x080030d0                DMA2_Stream4_IRQHandler
                0x080030d0                USART1_IRQHandler
                0x080030d0                OTG_FS_IRQHandler
                0x080030d0                SPI3_IRQHandler
                0x080030d0                DMA1_Stream4_IRQHandler
                0x080030d0                I2C1_ER_IRQHandler
                0x080030d0                FMC_IRQHandler
                0x080030d0                DMA2_Stream6_IRQHandler
                0x080030d0                SAI1_IRQHandler
                0x080030d0                DMA1_Stream3_IRQHandler
 *(.glue_7)
 .glue_7        0x080030d2        0x0 linker stubs
 *(.glue_7t)
 .glue_7t       0x080030d2        0x0 linker stubs
 *(.eh_frame)
 *fill*         0x080030d2        0x2 
 .eh_frame      0x080030d4        0x0 /usr/lib/gcc/arm-none-eabi/13.2.1/thumb/v7e-m+fp/hard/crtbegin.o
 *(.init)
 .init          0x080030d4        0x4 /usr/lib/gcc/arm-none-eabi/13.2.1/thumb/v7e-m+fp/hard/crti.o
                0x080030d4                _init
 .init          0x080030d8        0x8 /usr/lib/gcc/arm-none-eabi/13.2.1/thumb/v7e-m+fp/hard/crtn.o
 *(.fini)
 .fini          0x080030e0        0x4 /usr/lib/gcc/arm-none-eabi/13.2.1/thumb/v7e-m+fp/hard/crti.o
                0x080030e0                _fini
 .fini          0x080030e4        0x8 /usr/lib/gcc/arm-none-eabi/13.2.1/thumb/v7e-m+fp/hard/crtn.o
                0x080030ec                        . = ALIGN (0x4)
                0x080030ec                        _etext = .

.vfp11_veneer   0x080030ec        0x0
 .vfp11_veneer  0x080030ec        0x0 linker stubs

.v4_bx          0x080030ec        0x0
 .v4_bx         0x080030ec        0x0 linker stubs

.iplt           0x080030ec        0x0
 .iplt          0x080030ec        0x0 /usr/lib/gcc/arm-none-eabi/13.2.1/thumb/v7e-m+fp/hard/crtbegin.o

.rodata         0x080030ec       0x18
                0x080030ec                        . = ALIGN (0x4)
 *(.rodata)
 *(.rodata*)
 .rodata.AHBPrescTable
                0x080030ec       0x10 cmake/stm32cubemx/CMakeFiles/STM32_Drivers.dir/__/__/Core/Src/system_stm32f4xx.c.obj
                0x080030ec                AHBPrescTable
 .rodata.APBPrescTable
                0x080030fc        0x8 cmake/stm32cubemx/CMakeFiles/STM32_Drivers.dir/__/__/Core/Src/system_stm32f4xx.c.obj
                0x080030fc                APBPrescTable
                0x08003104                        . = ALIGN (0x4)

.ARM.extab      0x08003104        0x0
                0x08003104                        . = ALIGN (0x4)
 *(.ARM.extab* .gnu.linkonce.armextab.*)
                0x08003104                        . = ALIGN (0x4)

.ARM            0x08003104        0x8
                0x08003104                        . = ALIGN (0x4)
                0x08003104                        __exidx_start = .
 *(.ARM.exidx*)
 .ARM.exidx     0x08003104        0x8 /usr/lib/gcc/arm-none-eabi/13.2.1/thumb/v7e-m+fp/hard/libgcc.a(_udivmoddi4.o)
                0x0800310c                        __exidx_end = .
                0x0800310c                        . = ALIGN (0x4)

.preinit_array  0x0800310c        0x0
                0x0800310c                        . = ALIGN (0x4)
                0x0800310c                        PROVIDE (__preinit_array_start = .)
 *(.preinit_array*)
                0x0800310c                        PROVIDE (__preinit_array_end = .)
                0x0800310c                        . = ALIGN (0x4)

.init_array     0x0800310c        0x4
                0x0800310c                        . = ALIGN (0x4)
                0x0800310c                        PROVIDE (__init_array_start = .)
 *(SORT_BY_NAME(.init_array.*))
 *(.init_array*)
 .init_array    0x0800310c        0x4 /usr/lib/gcc/arm-none-eabi/13.2.1/thumb/v7e-m+fp/hard/crtbegin.o
                0x08003110                        PROVIDE (__init_array_end = .)
                0x08003110                        . = ALIGN (0x4)

.fini_array     0x08003110        0x4
                0x08003110                        . = ALIGN (0x4)
                0x08003110                        PROVIDE (__fini_array_start = .)
 *(SORT_BY_NAME(.fini_array.*))
 *(.fini_array*)
 .fini_array    0x08003110        0x4 /usr/lib/gcc/arm-none-eabi/13.2.1/thumb/v7e-m+fp/hard/crtbegin.o
                0x08003114                        PROVIDE (__fini_array_end = .)
                0x08003114                        . = ALIGN (0x4)
                0x08003114                        _sidata = LOADADDR (.data)

.rel.dyn        0x08003114        0x0
 .rel.iplt      0x08003114        0x0 /usr/lib/gcc/arm-none-eabi/13.2.1/thumb/v7e-m+fp/hard/crtbegin.o

.data           0x20000000       0x2c load address 0x08003114
                0x20000000                        . = ALIGN (0x4)
                0x20000000                        _sdata = .
 *(.data)
 *(.data*)
 .data.SystemCoreClock
                0x20000000        0x4 cmake/stm32cubemx/CMakeFiles/STM32_Drivers.dir/__/__/Core/Src/system_stm32f4xx.c.obj
                0x20000000                SystemCoreClock
 .data.uwTickPrio
                0x20000004        0x4 cmake/stm32cubemx/CMakeFiles/STM32_Drivers.dir/__/__/Drivers/STM32F4xx_HAL_Driver/Src/stm32f4xx_hal.c.obj
                0x20000004                uwTickPrio
 .data.uwTickFreq
                0x20000008        0x1 cmake/stm32cubemx/CMakeFiles/STM32_Drivers.dir/__/__/Drivers/STM32F4xx_HAL_Driver/Src/stm32f4xx_hal.c.obj
                0x20000008                uwTickFreq
 *fill*         0x20000009        0x3 
 .data.GPIO_PORT
                0x2000000c        0x4 cmake/stm32cubemx/CMakeFiles/STM32_Drivers.dir/__/__/Drivers/BSP/STM32F4xx-Nucleo/stm32f4xx_nucleo.c.obj
                0x2000000c                GPIO_PORT
 .data.BUTTON_PORT
                0x20000010        0x4 cmake/stm32cubemx/CMakeFiles/STM32_Drivers.dir/__/__/Drivers/BSP/STM32F4xx-Nucleo/stm32f4xx_nucleo.c.obj
                0x20000010                BUTTON_PORT
 .data.Stat     0x20000014        0x1 CMakeFiles/sensor-data-logger.dir/FATFS/Target/user_diskio.c.obj
 *fill*         0x20000015        0x3 
 .data.USER_Driver
                0x20000018       0x14 CMakeFiles/sensor-data-logger.dir/FATFS/Target/user_diskio.c.obj
                0x20000018                USER_Driver
 *(.RamFunc)
 *(.RamFunc*)
                0x2000002c                        . = ALIGN (0x4)

.tm_clone_table
                0x2000002c        0x0 load address 0x08003140
 .tm_clone_table
                0x2000002c        0x0 /usr/lib/gcc/arm-none-eabi/13.2.1/thumb/v7e-m+fp/hard/crtbegin.o
 .tm_clone_table
                0x2000002c        0x0 /usr/lib/gcc/arm-none-eabi/13.2.1/thumb/v7e-m+fp/hard/crtend.o

.igot.plt       0x2000002c        0x0 load address 0x08003140
 .igot.plt      0x2000002c        0x0 /usr/lib/gcc/arm-none-eabi/13.2.1/thumb/v7e-m+fp/hard/crtbegin.o

.tdata          0x2000002c        0x0 load address 0x08003140
 *(.tdata .tdata.* .gnu.linkonce.td.*)
                0x2000002c                        . = ALIGN (0x4)
                0x2000002c                        _edata = .
                [!provide]                        PROVIDE (__data_end = .)
                [!provide]                        PROVIDE (__tdata_end = .)
                [!provide]                        PROVIDE (__tdata_start = ADDR (.tdata))
                [!provide]                        PROVIDE (__tdata_size = (__tdata_end - __tdata_start))
                [!provide]                        PROVIDE (__data_start = ADDR (.data))
                [!provide]                        PROVIDE (__data_size = (__data_end - __data_start))
                [!provide]                        PROVIDE (__tdata_source = LOADADDR (.tdata))
                [!provide]                        PROVIDE (__tdata_source_end = (LOADADDR (.tdata) + SIZEOF (.tdata)))
                [!provide]                        PROVIDE (__tdata_source_size = (__tdata_source_end - __tdata_source))
                [!provide]                        PROVIDE (__data_source = LOADADDR (.data))
                [!provide]                        PROVIDE (__data_source_end = __tdata_source_end)
                [!provide]                        PROVIDE (__data_source_size = (__data_source_end - __data_source))

.tbss           0x2000002c        0x0 load address 0x08003140
                0x2000002c                        _sbss = .
                0x2000002c                        __bss_start__ = _sbss
 *(.tbss .tbss.*)
                0x2000002c                        . = ALIGN (0x4)
                [!provide]                        PROVIDE (__tbss_end = .)
                [!provide]                        PROVIDE (__tbss_start = ADDR (.tbss))
                [!provide]                        PROVIDE (__tbss_size = (__tbss_end - __tbss_start))
                [!provide]                        PROVIDE (__tbss_offset = (ADDR (.tbss) - ADDR (.tdata)))
                [!provide]                        PROVIDE (__tls_base = __tdata_start)
                [!provide]                        PROVIDE (__tls_end = __tbss_end)
                [!provide]                        PROVIDE (__tls_size = (__tls_end - __tls_base))
                [!provide]                        PROVIDE (__tls_align = MAX (ALIGNOF (.tdata), ALIGNOF (.tbss)))
                [!provide]                        PROVIDE (__tls_size_align = (((__tls_size + __tls_align) - 0x1) & ~ ((__tls_align - 0x1))))
                [!provide]                        PROVIDE (__arm32_tls_tcb_offset = MAX (0x8, __tls_align))
                [!provide]                        PROVIDE (__arm64_tls_tcb_offset = MAX (0x10, __tls_align))

.bss            0x2000002c      0x170 load address 0x08003140
 *(.bss)
 .bss           0x2000002c       0x1c /usr/lib/gcc/arm-none-eabi/13.2.1/thumb/v7e-m+fp/hard/crtbegin.o
 *(.bss*)
 .bss.uwTick    0x20000048        0x4 cmake/stm32cubemx/CMakeFiles/STM32_Drivers.dir/__/__/Drivers/STM32F4xx_HAL_Driver/Src/stm32f4xx_hal.c.obj
                0x20000048                uwTick
 .bss.disk      0x2000004c        0xc cmake/stm32cubemx/CMakeFiles/FatFs.dir/__/__/Middlewares/Third_Party/FatFs/src/ff_gen_drv.c.obj
                0x2000004c                disk
 .bss.retUSER   0x20000058        0x1 CMakeFiles/sensor-data-logger.dir/FATFS/App/fatfs.c.obj
                0x20000058                retUSER
 *fill*         0x20000059        0x3 
 .bss.USERPath  0x2000005c        0x4 CMakeFiles/sensor-data-logger.dir/FATFS/App/fatfs.c.obj
                0x2000005c                USERPath
 .bss.hi2c1     0x20000060       0x54 CMakeFiles/sensor-data-logger.dir/Core/Src/i2c.c.obj
                0x20000060                hi2c1
 .bss.hspi2     0x200000b4       0x58 CMakeFiles/sensor-data-logger.dir/Core/Src/spi.c.obj
                0x200000b4                hspi2
 .bss.htim6     0x2000010c       0x48 CMakeFiles/sensor-data-logger.dir/Core/Src/tim.c.obj
                0x2000010c                htim6
 .bss.huart2    0x20000154       0x48 CMakeFiles/sensor-data-logger.dir/Core/Src/usart.c.obj
                0x20000154                huart2
 *(COMMON)
                0x2000019c                        . = ALIGN (0x4)
                0x2000019c                        _ebss = .
                0x2000019c                        __bss_end__ = _ebss
                [!provide]                        PROVIDE (__bss_end = .)
                [!provide]                        PROVIDE (__non_tls_bss_start = ADDR (.bss))
                [!provide]                        PROVIDE (__bss_start = __tbss_start)
                [!provide]                        PROVIDE (__bss_size = (__bss_end - __bss_start))

._user_heap_stack
                0x2000019c      0x604 load address 0x08003140
                0x200001a0                        . = ALIGN (0x8)
 *fill*         0x2000019c        0x4 
                [!provide]                        PROVIDE (end = .)
                0x200001a0                        PROVIDE (_end = .)
                0x200003a0                        . = (. + _Min_Heap_Size)
 *fill*         0x200001a0      0x200 
                0x200007a0                        . = (. + _Min_Stack_Size)
 *fill*         0x200003a0      0x400 
                0x200007a0                        . = ALIGN (0x8)

/DISCARD/
 libc.a:*(*)
 libm.a:*(*)
 libgcc.a:*(*)
OUTPUT(sensor-data-logger.elf elf32-littlearm)
LOAD linker stubs

.ARM.attributes
                0x00000000       0x30
 .ARM.attributes
                0x00000000       0x22 /usr/lib/gcc/arm-none-eabi/13.2.1/thumb/v7e-m+fp/hard/crti.o
 .ARM.attributes
                0x00000022       0x34 /usr/lib/gcc/arm-none-eabi/13.2.1/thumb/v7e-m+fp/hard/crtbegin.o
 .ARM.attributes
                0x00000056       0x34 cmake/stm32cubemx/CMakeFiles/STM32_Drivers.dir/__/__/Core/Src/system_stm32f4xx.c.obj
 .ARM.attributes
                0x0000008a       0x34 cmake/stm32cubemx/CMakeFiles/STM32_Drivers.dir/__/__/Drivers/STM32F4xx_HAL_Driver/Src/stm32f4xx_hal_rcc.c.obj
 .ARM.attributes
                0x000000be       0x34 cmake/stm32cubemx/CMakeFiles/STM32_Drivers.dir/__/__/Drivers/STM32F4xx_HAL_Driver/Src/stm32f4xx_hal_rcc_ex.c.obj
 .ARM.attributes
                0x000000f2       0x34 cmake/stm32cubemx/CMakeFiles/STM32_Drivers.dir/__/__/Drivers/STM32F4xx_HAL_Driver/Src/stm32f4xx_hal_gpio.c.obj
 .ARM.attributes
                0x00000126       0x34 cmake/stm32cubemx/CMakeFiles/STM32_Drivers.dir/__/__/Drivers/STM32F4xx_HAL_Driver/Src/stm32f4xx_hal_cortex.c.obj
 .ARM.attributes
                0x0000015a       0x34 cmake/stm32cubemx/CMakeFiles/STM32_Drivers.dir/__/__/Drivers/STM32F4xx_HAL_Driver/Src/stm32f4xx_hal.c.obj
 .ARM.attributes
                0x0000018e       0x34 cmake/stm32cubemx/CMakeFiles/STM32_Drivers.dir/__/__/Drivers/STM32F4xx_HAL_Driver/Src/stm32f4xx_hal_i2c.c.obj
 .ARM.attributes
                0x000001c2       0x34 cmake/stm32cubemx/CMakeFiles/STM32_Drivers.dir/__/__/Drivers/STM32F4xx_HAL_Driver/Src/stm32f4xx_hal_spi.c.obj
 .ARM.attributes
                0x000001f6       0x34 cmake/stm32cubemx/CMakeFiles/STM32_Drivers.dir/__/__/Drivers/STM32F4xx_HAL_Driver/Src/stm32f4xx_hal_tim.c.obj
 .ARM.attributes
                0x0000022a       0x34 cmake/stm32cubemx/CMakeFiles/STM32_Drivers.dir/__/__/Drivers/STM32F4xx_HAL_Driver/Src/stm32f4xx_hal_tim_ex.c.obj
 .ARM.attributes
                0x0000025e       0x34 cmake/stm32cubemx/CMakeFiles/STM32_Drivers.dir/__/__/Drivers/STM32F4xx_HAL_Driver/Src/stm32f4xx_hal_uart.c.obj
 .ARM.attributes
                0x00000292       0x34 cmake/stm32cubemx/CMakeFiles/STM32_Drivers.dir/__/__/Drivers/BSP/STM32F4xx-Nucleo/stm32f4xx_nucleo.c.obj
 .ARM.attributes
                0x000002c6       0x34 cmake/stm32cubemx/CMakeFiles/FatFs.dir/__/__/Middlewares/Third_Party/FatFs/src/ff_gen_drv.c.obj
 .ARM.attributes
                0x000002fa       0x34 CMakeFiles/sensor-data-logger.dir/FATFS/Target/user_diskio.c.obj
 .ARM.attributes
                0x0000032e       0x34 CMakeFiles/sensor-data-logger.dir/FATFS/App/fatfs.c.obj
 .ARM.attributes
                0x00000362       0x34 CMakeFiles/sensor-data-logger.dir/Core/Src/main.c.obj
 .ARM.attributes
                0x00000396       0x34 CMakeFiles/sensor-data-logger.dir/Core/Src/gpio.c.obj
 .ARM.attributes
                0x000003ca       0x34 CMakeFiles/sensor-data-logger.dir/Core/Src/i2c.c.obj
 .ARM.attributes
                0x000003fe       0x34 CMakeFiles/sensor-data-logger.dir/Core/Src/spi.c.obj
 .ARM.attributes
                0x00000432       0x34 CMakeFiles/sensor-data-logger.dir/Core/Src/tim.c.obj
 .ARM.attributes
                0x00000466       0x34 CMakeFiles/sensor-data-logger.dir/Core/Src/usart.c.obj
 .ARM.attributes
                0x0000049a       0x34 CMakeFiles/sensor-data-logger.dir/Core/Src/stm32f4xx_it.c.obj
 .ARM.attributes
                0x000004ce       0x34 CMakeFiles/sensor-data-logger.dir/Core/Src/stm32f4xx_hal_msp.c.obj
 .ARM.attributes
                0x00000502       0x21 CMakeFiles/sensor-data-logger.dir/startup_stm32f446xx.s.obj
 .ARM.attributes
                0x00000523       0x22 /usr/lib/gcc/arm-none-eabi/13.2.1/thumb/v7e-m+fp/hard/libgcc.a(_aeabi_uldivmod.o)
 .ARM.attributes
                0x00000545       0x34 /usr/lib/gcc/arm-none-eabi/13.2.1/thumb/v7e-m+fp/hard/libgcc.a(_udivmoddi4.o)
 .ARM.attributes
                0x00000579       0x22 /usr/lib/gcc/arm-none-eabi/13.2.1/thumb/v7e-m+fp/hard/libgcc.a(_dvmd_tls.o)
 .ARM.attributes
                0x0000059b       0x34 /usr/lib/gcc/arm-none-eabi/13.2.1/../../../arm-none-eabi/lib/thumb/v7e-m+fp/hard/libg_nano.a(libc_a-init.o)
 .ARM.attributes
                0x000005cf       0x34 /usr/lib/gcc/arm-none-eabi/13.2.1/../../../arm-none-eabi/lib/thumb/v7e-m+fp/hard/libg_nano.a(libc_a-memset.o)
 .ARM.attributes
                0x00000603       0x34 /usr/lib/gcc/arm-none-eabi/13.2.1/thumb/v7e-m+fp/hard/crtend.o
 .ARM.attributes
                0x00000637       0x22 /usr/lib/gcc/arm-none-eabi/13.2.1/thumb/v7e-m+fp/hard/crtn.o

.comment        0x00000000       0x26
 .comment       0x00000000       0x26 /usr/lib/gcc/arm-none-eabi/13.2.1/thumb/v7e-m+fp/hard/crtbegin.o
                                 0x27 (size before relaxing)
 .comment       0x00000026       0x27 cmake/stm32cubemx/CMakeFiles/STM32_Drivers.dir/__/__/Core/Src/system_stm32f4xx.c.obj
 .comment       0x00000026       0x27 cmake/stm32cubemx/CMakeFiles/STM32_Drivers.dir/__/__/Drivers/STM32F4xx_HAL_Driver/Src/stm32f4xx_hal_rcc.c.obj
 .comment       0x00000026       0x27 cmake/stm32cubemx/CMakeFiles/STM32_Drivers.dir/__/__/Drivers/STM32F4xx_HAL_Driver/Src/stm32f4xx_hal_rcc_ex.c.obj
 .comment       0x00000026       0x27 cmake/stm32cubemx/CMakeFiles/STM32_Drivers.dir/__/__/Drivers/STM32F4xx_HAL_Driver/Src/stm32f4xx_hal_gpio.c.obj
 .comment       0x00000026       0x27 cmake/stm32cubemx/CMakeFiles/STM32_Drivers.dir/__/__/Drivers/STM32F4xx_HAL_Driver/Src/stm32f4xx_hal_cortex.c.obj
 .comment       0x00000026       0x27 cmake/stm32cubemx/CMakeFiles/STM32_Drivers.dir/__/__/Drivers/STM32F4xx_HAL_Driver/Src/stm32f4xx_hal.c.obj
 .comment       0x00000026       0x27 cmake/stm32cubemx/CMakeFiles/STM32_Drivers.dir/__/__/Drivers/STM32F4xx_HAL_Driver/Src/stm32f4xx_hal_i2c.c.obj
 .comment       0x00000026       0x27 cmake/stm32cubemx/CMakeFiles/STM32_Drivers.dir/__/__/Drivers/STM32F4xx_HAL_Driver/Src/stm32f4xx_hal_spi.c.obj
 .comment       0x00000026       0x27 cmake/stm32cubemx/CMakeFiles/STM32_Drivers.dir/__/__/Drivers/STM32F4xx_HAL_Driver/Src/stm32f4xx_hal_tim.c.obj
 .comment       0x00000026       0x27 cmake/stm32cubemx/CMakeFiles/STM32_Drivers.dir/__/__/Drivers/STM32F4xx_HAL_Driver/Src/stm32f4xx_hal_tim_ex.c.obj
 .comment       0x00000026       0x27 cmake/stm32cubemx/CMakeFiles/STM32_Drivers.dir/__/__/Drivers/STM32F4xx_HAL_Driver/Src/stm32f4xx_hal_uart.c.obj
 .comment       0x00000026       0x27 cmake/stm32cubemx/CMakeFiles/STM32_Drivers.dir/__/__/Drivers/BSP/STM32F4xx-Nucleo/stm32f4xx_nucleo.c.obj
 .comment       0x00000026       0x27 cmake/stm32cubemx/CMakeFiles/FatFs.dir/__/__/Middlewares/Third_Party/FatFs/src/ff_gen_drv.c.obj
 .comment       0x00000026       0x27 CMakeFiles/sensor-data-logger.dir/FATFS/Target/user_diskio.c.obj
 .comment       0x00000026       0x27 CMakeFiles/sensor-data-logger.dir/FATFS/App/fatfs.c.obj
 .comment       0x00000026       0x27 CMakeFiles/sensor-data-logger.dir/Core/Src/main.c.obj
 .comment       0x00000026       0x27 CMakeFiles/sensor-data-logger.dir/Core/Src/gpio.c.obj
 .comment       0x00000026       0x27 CMakeFiles/sensor-data-logger.dir/Core/Src/i2c.c.obj
 .comment       0x00000026       0x27 CMakeFiles/sensor-data-logger.dir/Core/Src/spi.c.obj
 .comment       0x00000026       0x27 CMakeFiles/sensor-data-logger.dir/Core/Src/tim.c.obj
 .comment       0x00000026       0x27 CMakeFiles/sensor-data-logger.dir/Core/Src/usart.c.obj
 .comment       0x00000026       0x27 CMakeFiles/sensor-data-logger.dir/Core/Src/stm32f4xx_it.c.obj
 .comment       0x00000026       0x27 CMakeFiles/sensor-data-logger.dir/Core/Src/stm32f4xx_hal_msp.c.obj
 .comment       0x00000026       0x27 /usr/lib/gcc/arm-none-eabi/13.2.1/thumb/v7e-m+fp/hard/libgcc.a(_udivmoddi4.o)
 .comment       0x00000026       0x27 /usr/lib/gcc/arm-none-eabi/13.2.1/../../../arm-none-eabi/lib/thumb/v7e-m+fp/hard/libg_nano.a(libc_a-init.o)
 .comment       0x00000026       0x27 /usr/lib/gcc/arm-none-eabi/13.2.1/../../../arm-none-eabi/lib/thumb/v7e-m+fp/hard/libg_nano.a(libc_a-memset.o)
 .comment       0x00000026       0x27 /usr/lib/gcc/arm-none-eabi/13.2.1/thumb/v7e-m+fp/hard/crtend.o

.debug_info     0x00000000    0x13e4b
 .debug_info    0x00000000      0x530 cmake/stm32cubemx/CMakeFiles/STM32_Drivers.dir/__/__/Core/Src/system_stm32f4xx.c.obj
 .debug_info    0x00000530      0x8cf cmake/stm32cubemx/CMakeFiles/STM32_Drivers.dir/__/__/Drivers/STM32F4xx_HAL_Driver/Src/stm32f4xx_hal_rcc.c.obj
 .debug_info    0x00000dff      0x93c cmake/stm32cubemx/CMakeFiles/STM32_Drivers.dir/__/__/Drivers/STM32F4xx_HAL_Driver/Src/stm32f4xx_hal_rcc_ex.c.obj
 .debug_info    0x0000173b      0x6e7 cmake/stm32cubemx/CMakeFiles/STM32_Drivers.dir/__/__/Drivers/STM32F4xx_HAL_Driver/Src/stm32f4xx_hal_gpio.c.obj
 .debug_info    0x00001e22      0xd86 cmake/stm32cubemx/CMakeFiles/STM32_Drivers.dir/__/__/Drivers/STM32F4xx_HAL_Driver/Src/stm32f4xx_hal_cortex.c.obj
 .debug_info    0x00002ba8      0x98e cmake/stm32cubemx/CMakeFiles/STM32_Drivers.dir/__/__/Drivers/STM32F4xx_HAL_Driver/Src/stm32f4xx_hal.c.obj
 .debug_info    0x00003536     0x23fd cmake/stm32cubemx/CMakeFiles/STM32_Drivers.dir/__/__/Drivers/STM32F4xx_HAL_Driver/Src/stm32f4xx_hal_i2c.c.obj
 .debug_info    0x00005933     0x1501 cmake/stm32cubemx/CMakeFiles/STM32_Drivers.dir/__/__/Drivers/STM32F4xx_HAL_Driver/Src/stm32f4xx_hal_spi.c.obj
 .debug_info    0x00006e34     0x2985 cmake/stm32cubemx/CMakeFiles/STM32_Drivers.dir/__/__/Drivers/STM32F4xx_HAL_Driver/Src/stm32f4xx_hal_tim.c.obj
 .debug_info    0x000097b9     0x14c3 cmake/stm32cubemx/CMakeFiles/STM32_Drivers.dir/__/__/Drivers/STM32F4xx_HAL_Driver/Src/stm32f4xx_hal_tim_ex.c.obj
 .debug_info    0x0000ac7c     0x2f1f cmake/stm32cubemx/CMakeFiles/STM32_Drivers.dir/__/__/Drivers/STM32F4xx_HAL_Driver/Src/stm32f4xx_hal_uart.c.obj
 .debug_info    0x0000db9b     0x1245 cmake/stm32cubemx/CMakeFiles/STM32_Drivers.dir/__/__/Drivers/BSP/STM32F4xx-Nucleo/stm32f4xx_nucleo.c.obj
 .debug_info    0x0000ede0      0x373 cmake/stm32cubemx/CMakeFiles/FatFs.dir/__/__/Middlewares/Third_Party/FatFs/src/ff_gen_drv.c.obj
 .debug_info    0x0000f153      0x328 CMakeFiles/sensor-data-logger.dir/FATFS/Target/user_diskio.c.obj
 .debug_info    0x0000f47b      0x4cd CMakeFiles/sensor-data-logger.dir/FATFS/App/fatfs.c.obj
 .debug_info    0x0000f948      0x58b CMakeFiles/sensor-data-logger.dir/Core/Src/main.c.obj
 .debug_info    0x0000fed3      0x421 CMakeFiles/sensor-data-logger.dir/Core/Src/gpio.c.obj
 .debug_info    0x000102f4      0x980 CMakeFiles/sensor-data-logger.dir/Core/Src/i2c.c.obj
 .debug_info    0x00010c74      0x975 CMakeFiles/sensor-data-logger.dir/Core/Src/spi.c.obj
 .debug_info    0x000115e9      0xbd1 CMakeFiles/sensor-data-logger.dir/Core/Src/tim.c.obj
 .debug_info    0x000121ba      0x929 CMakeFiles/sensor-data-logger.dir/Core/Src/usart.c.obj
 .debug_info    0x00012ae3      0x703 CMakeFiles/sensor-data-logger.dir/Core/Src/stm32f4xx_it.c.obj
 .debug_info    0x000131e6      0x2a0 CMakeFiles/sensor-data-logger.dir/Core/Src/stm32f4xx_hal_msp.c.obj
 .debug_info    0x00013486       0x30 CMakeFiles/sensor-data-logger.dir/startup_stm32f446xx.s.obj
 .debug_info    0x000134b6       0x24 /usr/lib/gcc/arm-none-eabi/13.2.1/thumb/v7e-m+fp/hard/libgcc.a(_aeabi_uldivmod.o)
 .debug_info    0x000134da      0x6f5 /usr/lib/gcc/arm-none-eabi/13.2.1/thumb/v7e-m+fp/hard/libgcc.a(_udivmoddi4.o)
 .debug_info    0x00013bcf       0x3c /usr/lib/gcc/arm-none-eabi/13.2.1/thumb/v7e-m+fp/hard/libgcc.a(_dvmd_tls.o)
 .debug_info    0x00013c0b      0x10b /usr/lib/gcc/arm-none-eabi/13.2.1/../../../arm-none-eabi/lib/thumb/v7e-m+fp/hard/libg_nano.a(libc_a-init.o)
 .debug_info    0x00013d16      0x135 /usr/lib/gcc/arm-none-eabi/13.2.1/../../../arm-none-eabi/lib/thumb/v7e-m+fp/hard/libg_nano.a(libc_a-memset.o)

.debug_abbrev   0x00000000     0x323a
 .debug_abbrev  0x00000000      0x11b cmake/stm32cubemx/CMakeFiles/STM32_Drivers.dir/__/__/Core/Src/system_stm32f4xx.c.obj
 .debug_abbrev  0x0000011b      0x2b7 cmake/stm32cubemx/CMakeFiles/STM32_Drivers.dir/__/__/Drivers/STM32F4xx_HAL_Driver/Src/stm32f4xx_hal_rcc.c.obj
 .debug_abbrev  0x000003d2      0x211 cmake/stm32cubemx/CMakeFiles/STM32_Drivers.dir/__/__/Drivers/STM32F4xx_HAL_Driver/Src/stm32f4xx_hal_rcc_ex.c.obj
 .debug_abbrev  0x000005e3      0x1d4 cmake/stm32cubemx/CMakeFiles/STM32_Drivers.dir/__/__/Drivers/STM32F4xx_HAL_Driver/Src/stm32f4xx_hal_gpio.c.obj
 .debug_abbrev  0x000007b7      0x31d cmake/stm32cubemx/CMakeFiles/STM32_Drivers.dir/__/__/Drivers/STM32F4xx_HAL_Driver/Src/stm32f4xx_hal_cortex.c.obj
 .debug_abbrev  0x00000ad4      0x214 cmake/stm32cubemx/CMakeFiles/STM32_Drivers.dir/__/__/Drivers/STM32F4xx_HAL_Driver/Src/stm32f4xx_hal.c.obj
 .debug_abbrev  0x00000ce8      0x2ad cmake/stm32cubemx/CMakeFiles/STM32_Drivers.dir/__/__/Drivers/STM32F4xx_HAL_Driver/Src/stm32f4xx_hal_i2c.c.obj
 .debug_abbrev  0x00000f95      0x27a cmake/stm32cubemx/CMakeFiles/STM32_Drivers.dir/__/__/Drivers/STM32F4xx_HAL_Driver/Src/stm32f4xx_hal_spi.c.obj
 .debug_abbrev  0x0000120f      0x278 cmake/stm32cubemx/CMakeFiles/STM32_Drivers.dir/__/__/Drivers/STM32F4xx_HAL_Driver/Src/stm32f4xx_hal_tim.c.obj
 .debug_abbrev  0x00001487      0x283 cmake/stm32cubemx/CMakeFiles/STM32_Drivers.dir/__/__/Drivers/STM32F4xx_HAL_Driver/Src/stm32f4xx_hal_tim_ex.c.obj
 .debug_abbrev  0x0000170a      0x30e cmake/stm32cubemx/CMakeFiles/STM32_Drivers.dir/__/__/Drivers/STM32F4xx_HAL_Driver/Src/stm32f4xx_hal_uart.c.obj
 .debug_abbrev  0x00001a18      0x2df cmake/stm32cubemx/CMakeFiles/STM32_Drivers.dir/__/__/Drivers/BSP/STM32F4xx-Nucleo/stm32f4xx_nucleo.c.obj
 .debug_abbrev  0x00001cf7      0x19f cmake/stm32cubemx/CMakeFiles/FatFs.dir/__/__/Middlewares/Third_Party/FatFs/src/ff_gen_drv.c.obj
 .debug_abbrev  0x00001e96      0x13c CMakeFiles/sensor-data-logger.dir/FATFS/Target/user_diskio.c.obj
 .debug_abbrev  0x00001fd2      0x160 CMakeFiles/sensor-data-logger.dir/FATFS/App/fatfs.c.obj
 .debug_abbrev  0x00002132      0x1f8 CMakeFiles/sensor-data-logger.dir/Core/Src/main.c.obj
 .debug_abbrev  0x0000232a      0x152 CMakeFiles/sensor-data-logger.dir/Core/Src/gpio.c.obj
 .debug_abbrev  0x0000247c      0x1f1 CMakeFiles/sensor-data-logger.dir/Core/Src/i2c.c.obj
 .debug_abbrev  0x0000266d      0x1fa CMakeFiles/sensor-data-logger.dir/Core/Src/spi.c.obj
 .debug_abbrev  0x00002867      0x1f7 CMakeFiles/sensor-data-logger.dir/Core/Src/tim.c.obj
 .debug_abbrev  0x00002a5e      0x1f9 CMakeFiles/sensor-data-logger.dir/Core/Src/usart.c.obj
 .debug_abbrev  0x00002c57      0x1a7 CMakeFiles/sensor-data-logger.dir/Core/Src/stm32f4xx_it.c.obj
 .debug_abbrev  0x00002dfe       0xf4 CMakeFiles/sensor-data-logger.dir/Core/Src/stm32f4xx_hal_msp.c.obj
 .debug_abbrev  0x00002ef2       0x24 CMakeFiles/sensor-data-logger.dir/startup_stm32f446xx.s.obj
 .debug_abbrev  0x00002f16       0x14 /usr/lib/gcc/arm-none-eabi/13.2.1/thumb/v7e-m+fp/hard/libgcc.a(_aeabi_uldivmod.o)
 .debug_abbrev  0x00002f2a      0x16a /usr/lib/gcc/arm-none-eabi/13.2.1/thumb/v7e-m+fp/hard/libgcc.a(_udivmoddi4.o)
 .debug_abbrev  0x00003094       0x26 /usr/lib/gcc/arm-none-eabi/13.2.1/thumb/v7e-m+fp/hard/libgcc.a(_dvmd_tls.o)
 .debug_abbrev  0x000030ba       0xc9 /usr/lib/gcc/arm-none-eabi/13.2.1/../../../arm-none-eabi/lib/thumb/v7e-m+fp/hard/libg_nano.a(libc_a-init.o)
 .debug_abbrev  0x00003183       0xb7 /usr/lib/gcc/arm-none-eabi/13.2.1/../../../arm-none-eabi/lib/thumb/v7e-m+fp/hard/libg_nano.a(libc_a-memset.o)

.debug_aranges  0x00000000     0x1338
 .debug_aranges
                0x00000000       0x28 cmake/stm32cubemx/CMakeFiles/STM32_Drivers.dir/__/__/Core/Src/system_stm32f4xx.c.obj
 .debug_aranges
                0x00000028       0x88 cmake/stm32cubemx/CMakeFiles/STM32_Drivers.dir/__/__/Drivers/STM32F4xx_HAL_Driver/Src/stm32f4xx_hal_rcc.c.obj
 .debug_aranges
                0x000000b0       0x78 cmake/stm32cubemx/CMakeFiles/STM32_Drivers.dir/__/__/Drivers/STM32F4xx_HAL_Driver/Src/stm32f4xx_hal_rcc_ex.c.obj
 .debug_aranges
                0x00000128       0x58 cmake/stm32cubemx/CMakeFiles/STM32_Drivers.dir/__/__/Drivers/STM32F4xx_HAL_Driver/Src/stm32f4xx_hal_gpio.c.obj
 .debug_aranges
                0x00000180      0x130 cmake/stm32cubemx/CMakeFiles/STM32_Drivers.dir/__/__/Drivers/STM32F4xx_HAL_Driver/Src/stm32f4xx_hal_cortex.c.obj
 .debug_aranges
                0x000002b0       0xf0 cmake/stm32cubemx/CMakeFiles/STM32_Drivers.dir/__/__/Drivers/STM32F4xx_HAL_Driver/Src/stm32f4xx_hal.c.obj
 .debug_aranges
                0x000003a0      0x2a8 cmake/stm32cubemx/CMakeFiles/STM32_Drivers.dir/__/__/Drivers/STM32F4xx_HAL_Driver/Src/stm32f4xx_hal_i2c.c.obj
 .debug_aranges
                0x00000648      0x1d0 cmake/stm32cubemx/CMakeFiles/STM32_Drivers.dir/__/__/Drivers/STM32F4xx_HAL_Driver/Src/stm32f4xx_hal_spi.c.obj
 .debug_aranges
                0x00000818      0x3d0 cmake/stm32cubemx/CMakeFiles/STM32_Drivers.dir/__/__/Drivers/STM32F4xx_HAL_Driver/Src/stm32f4xx_hal_tim.c.obj
 .debug_aranges
                0x00000be8      0x168 cmake/stm32cubemx/CMakeFiles/STM32_Drivers.dir/__/__/Drivers/STM32F4xx_HAL_Driver/Src/stm32f4xx_hal_tim_ex.c.obj
 .debug_aranges
                0x00000d50      0x208 cmake/stm32cubemx/CMakeFiles/STM32_Drivers.dir/__/__/Drivers/STM32F4xx_HAL_Driver/Src/stm32f4xx_hal_uart.c.obj
 .debug_aranges
                0x00000f58       0xd0 cmake/stm32cubemx/CMakeFiles/STM32_Drivers.dir/__/__/Drivers/BSP/STM32F4xx-Nucleo/stm32f4xx_nucleo.c.obj
 .debug_aranges
                0x00001028       0x40 cmake/stm32cubemx/CMakeFiles/FatFs.dir/__/__/Middlewares/Third_Party/FatFs/src/ff_gen_drv.c.obj
 .debug_aranges
                0x00001068       0x40 CMakeFiles/sensor-data-logger.dir/FATFS/Target/user_diskio.c.obj
 .debug_aranges
                0x000010a8       0x28 CMakeFiles/sensor-data-logger.dir/FATFS/App/fatfs.c.obj
 .debug_aranges
                0x000010d0       0x30 CMakeFiles/sensor-data-logger.dir/Core/Src/main.c.obj
 .debug_aranges
                0x00001100       0x20 CMakeFiles/sensor-data-logger.dir/Core/Src/gpio.c.obj
 .debug_aranges
                0x00001120       0x30 CMakeFiles/sensor-data-logger.dir/Core/Src/i2c.c.obj
 .debug_aranges
                0x00001150       0x30 CMakeFiles/sensor-data-logger.dir/Core/Src/spi.c.obj
 .debug_aranges
                0x00001180       0x30 CMakeFiles/sensor-data-logger.dir/Core/Src/tim.c.obj
 .debug_aranges
                0x000011b0       0x30 CMakeFiles/sensor-data-logger.dir/Core/Src/usart.c.obj
 .debug_aranges
                0x000011e0       0x70 CMakeFiles/sensor-data-logger.dir/Core/Src/stm32f4xx_it.c.obj
 .debug_aranges
                0x00001250       0x20 CMakeFiles/sensor-data-logger.dir/Core/Src/stm32f4xx_hal_msp.c.obj
 .debug_aranges
                0x00001270       0x28 CMakeFiles/sensor-data-logger.dir/startup_stm32f446xx.s.obj
 .debug_aranges
                0x00001298       0x20 /usr/lib/gcc/arm-none-eabi/13.2.1/thumb/v7e-m+fp/hard/libgcc.a(_aeabi_uldivmod.o)
 .debug_aranges
                0x000012b8       0x20 /usr/lib/gcc/arm-none-eabi/13.2.1/thumb/v7e-m+fp/hard/libgcc.a(_udivmoddi4.o)
 .debug_aranges
                0x000012d8       0x20 /usr/lib/gcc/arm-none-eabi/13.2.1/thumb/v7e-m+fp/hard/libgcc.a(_dvmd_tls.o)
 .debug_aranges
                0x000012f8       0x20 /usr/lib/gcc/arm-none-eabi/13.2.1/../../../arm-none-eabi/lib/thumb/v7e-m+fp/hard/libg_nano.a(libc_a-init.o)
 .debug_aranges
                0x00001318       0x20 /usr/lib/gcc/arm-none-eabi/13.2.1/../../../arm-none-eabi/lib/thumb/v7e-m+fp/hard/libg_nano.a(libc_a-memset.o)

.debug_rnglists
                0x00000000      0xf0f
 .debug_rnglists
                0x00000000       0x1a cmake/stm32cubemx/CMakeFiles/STM32_Drivers.dir/__/__/Core/Src/system_stm32f4xx.c.obj
 .debug_rnglists
                0x0000001a       0x66 cmake/stm32cubemx/CMakeFiles/STM32_Drivers.dir/__/__/Drivers/STM32F4xx_HAL_Driver/Src/stm32f4xx_hal_rcc.c.obj
 .debug_rnglists
                0x00000080       0x5e cmake/stm32cubemx/CMakeFiles/STM32_Drivers.dir/__/__/Drivers/STM32F4xx_HAL_Driver/Src/stm32f4xx_hal_rcc_ex.c.obj
 .debug_rnglists
                0x000000de       0x3f cmake/stm32cubemx/CMakeFiles/STM32_Drivers.dir/__/__/Drivers/STM32F4xx_HAL_Driver/Src/stm32f4xx_hal_gpio.c.obj
 .debug_rnglists
                0x0000011d       0xe0 cmake/stm32cubemx/CMakeFiles/STM32_Drivers.dir/__/__/Drivers/STM32F4xx_HAL_Driver/Src/stm32f4xx_hal_cortex.c.obj
 .debug_rnglists
                0x000001fd       0xaf cmake/stm32cubemx/CMakeFiles/STM32_Drivers.dir/__/__/Drivers/STM32F4xx_HAL_Driver/Src/stm32f4xx_hal.c.obj
 .debug_rnglists
                0x000002ac      0x23c cmake/stm32cubemx/CMakeFiles/STM32_Drivers.dir/__/__/Drivers/STM32F4xx_HAL_Driver/Src/stm32f4xx_hal_i2c.c.obj
 .debug_rnglists
                0x000004e8      0x16f cmake/stm32cubemx/CMakeFiles/STM32_Drivers.dir/__/__/Drivers/STM32F4xx_HAL_Driver/Src/stm32f4xx_hal_spi.c.obj
 .debug_rnglists
                0x00000657      0x31a cmake/stm32cubemx/CMakeFiles/STM32_Drivers.dir/__/__/Drivers/STM32F4xx_HAL_Driver/Src/stm32f4xx_hal_tim.c.obj
 .debug_rnglists
                0x00000971      0x125 cmake/stm32cubemx/CMakeFiles/STM32_Drivers.dir/__/__/Drivers/STM32F4xx_HAL_Driver/Src/stm32f4xx_hal_tim_ex.c.obj
 .debug_rnglists
                0x00000a96      0x1bc cmake/stm32cubemx/CMakeFiles/STM32_Drivers.dir/__/__/Drivers/STM32F4xx_HAL_Driver/Src/stm32f4xx_hal_uart.c.obj
 .debug_rnglists
                0x00000c52       0x9b cmake/stm32cubemx/CMakeFiles/STM32_Drivers.dir/__/__/Drivers/BSP/STM32F4xx-Nucleo/stm32f4xx_nucleo.c.obj
 .debug_rnglists
                0x00000ced       0x2c cmake/stm32cubemx/CMakeFiles/FatFs.dir/__/__/Middlewares/Third_Party/FatFs/src/ff_gen_drv.c.obj
 .debug_rnglists
                0x00000d19       0x2b CMakeFiles/sensor-data-logger.dir/FATFS/Target/user_diskio.c.obj
 .debug_rnglists
                0x00000d44       0x19 CMakeFiles/sensor-data-logger.dir/FATFS/App/fatfs.c.obj
 .debug_rnglists
                0x00000d5d       0x20 CMakeFiles/sensor-data-logger.dir/Core/Src/main.c.obj
 .debug_rnglists
                0x00000d7d       0x14 CMakeFiles/sensor-data-logger.dir/Core/Src/gpio.c.obj
 .debug_rnglists
                0x00000d91       0x20 CMakeFiles/sensor-data-logger.dir/Core/Src/i2c.c.obj
 .debug_rnglists
                0x00000db1       0x20 CMakeFiles/sensor-data-logger.dir/Core/Src/spi.c.obj
 .debug_rnglists
                0x00000dd1       0x1f CMakeFiles/sensor-data-logger.dir/Core/Src/tim.c.obj
 .debug_rnglists
                0x00000df0       0x20 CMakeFiles/sensor-data-logger.dir/Core/Src/usart.c.obj
 .debug_rnglists
                0x00000e10       0x4f CMakeFiles/sensor-data-logger.dir/Core/Src/stm32f4xx_it.c.obj
 .debug_rnglists
                0x00000e5f       0x13 CMakeFiles/sensor-data-logger.dir/Core/Src/stm32f4xx_hal_msp.c.obj
 .debug_rnglists
                0x00000e72       0x19 CMakeFiles/sensor-data-logger.dir/startup_stm32f446xx.s.obj
 .debug_rnglists
                0x00000e8b       0x84 /usr/lib/gcc/arm-none-eabi/13.2.1/thumb/v7e-m+fp/hard/libgcc.a(_udivmoddi4.o)

.debug_macro    0x00000000    0x22d24
 .debug_macro   0x00000000      0x1a8 cmake/stm32cubemx/CMakeFiles/STM32_Drivers.dir/__/__/Core/Src/system_stm32f4xx.c.obj
 .debug_macro   0x000001a8      0xade cmake/stm32cubemx/CMakeFiles/STM32_Drivers.dir/__/__/Core/Src/system_stm32f4xx.c.obj
 .debug_macro   0x00000c86       0x2e cmake/stm32cubemx/CMakeFiles/STM32_Drivers.dir/__/__/Core/Src/system_stm32f4xx.c.obj
 .debug_macro   0x00000cb4       0x28 cmake/stm32cubemx/CMakeFiles/STM32_Drivers.dir/__/__/Core/Src/system_stm32f4xx.c.obj
 .debug_macro   0x00000cdc      0x34e cmake/stm32cubemx/CMakeFiles/STM32_Drivers.dir/__/__/Core/Src/system_stm32f4xx.c.obj
 .debug_macro   0x0000102a       0x1c cmake/stm32cubemx/CMakeFiles/STM32_Drivers.dir/__/__/Core/Src/system_stm32f4xx.c.obj
 .debug_macro   0x00001046       0x22 cmake/stm32cubemx/CMakeFiles/STM32_Drivers.dir/__/__/Core/Src/system_stm32f4xx.c.obj
 .debug_macro   0x00001068       0xfb cmake/stm32cubemx/CMakeFiles/STM32_Drivers.dir/__/__/Core/Src/system_stm32f4xx.c.obj
 .debug_macro   0x00001163     0x1011 cmake/stm32cubemx/CMakeFiles/STM32_Drivers.dir/__/__/Core/Src/system_stm32f4xx.c.obj
 .debug_macro   0x00002174      0x11f cmake/stm32cubemx/CMakeFiles/STM32_Drivers.dir/__/__/Core/Src/system_stm32f4xx.c.obj
 .debug_macro   0x00002293    0x1675e cmake/stm32cubemx/CMakeFiles/STM32_Drivers.dir/__/__/Core/Src/system_stm32f4xx.c.obj
 .debug_macro   0x000189f1       0x6d cmake/stm32cubemx/CMakeFiles/STM32_Drivers.dir/__/__/Core/Src/system_stm32f4xx.c.obj
 .debug_macro   0x00018a5e      0x2a7 cmake/stm32cubemx/CMakeFiles/STM32_Drivers.dir/__/__/Core/Src/system_stm32f4xx.c.obj
 .debug_macro   0x00018d05     0x3693 cmake/stm32cubemx/CMakeFiles/STM32_Drivers.dir/__/__/Core/Src/system_stm32f4xx.c.obj
 .debug_macro   0x0001c398      0x190 cmake/stm32cubemx/CMakeFiles/STM32_Drivers.dir/__/__/Core/Src/system_stm32f4xx.c.obj
 .debug_macro   0x0001c528       0x5c cmake/stm32cubemx/CMakeFiles/STM32_Drivers.dir/__/__/Core/Src/system_stm32f4xx.c.obj
 .debug_macro   0x0001c584      0xca5 cmake/stm32cubemx/CMakeFiles/STM32_Drivers.dir/__/__/Core/Src/system_stm32f4xx.c.obj
 .debug_macro   0x0001d229      0x9e9 cmake/stm32cubemx/CMakeFiles/STM32_Drivers.dir/__/__/Core/Src/system_stm32f4xx.c.obj
 .debug_macro   0x0001dc12      0x115 cmake/stm32cubemx/CMakeFiles/STM32_Drivers.dir/__/__/Core/Src/system_stm32f4xx.c.obj
 .debug_macro   0x0001dd27      0x1a0 cmake/stm32cubemx/CMakeFiles/STM32_Drivers.dir/__/__/Core/Src/system_stm32f4xx.c.obj
 .debug_macro   0x0001dec7       0xa5 cmake/stm32cubemx/CMakeFiles/STM32_Drivers.dir/__/__/Core/Src/system_stm32f4xx.c.obj
 .debug_macro   0x0001df6c      0x16d cmake/stm32cubemx/CMakeFiles/STM32_Drivers.dir/__/__/Core/Src/system_stm32f4xx.c.obj
 .debug_macro   0x0001e0d9      0x287 cmake/stm32cubemx/CMakeFiles/STM32_Drivers.dir/__/__/Core/Src/system_stm32f4xx.c.obj
 .debug_macro   0x0001e360       0x5f cmake/stm32cubemx/CMakeFiles/STM32_Drivers.dir/__/__/Core/Src/system_stm32f4xx.c.obj
 .debug_macro   0x0001e3bf      0x236 cmake/stm32cubemx/CMakeFiles/STM32_Drivers.dir/__/__/Core/Src/system_stm32f4xx.c.obj
 .debug_macro   0x0001e5f5      0x132 cmake/stm32cubemx/CMakeFiles/STM32_Drivers.dir/__/__/Core/Src/system_stm32f4xx.c.obj
 .debug_macro   0x0001e727      0x29c cmake/stm32cubemx/CMakeFiles/STM32_Drivers.dir/__/__/Core/Src/system_stm32f4xx.c.obj
 .debug_macro   0x0001e9c3       0x2e cmake/stm32cubemx/CMakeFiles/STM32_Drivers.dir/__/__/Core/Src/system_stm32f4xx.c.obj
 .debug_macro   0x0001e9f1      0x1b5 cmake/stm32cubemx/CMakeFiles/STM32_Drivers.dir/__/__/Core/Src/system_stm32f4xx.c.obj
 .debug_macro   0x0001eba6       0x22 cmake/stm32cubemx/CMakeFiles/STM32_Drivers.dir/__/__/Core/Src/system_stm32f4xx.c.obj
 .debug_macro   0x0001ebc8       0xd6 cmake/stm32cubemx/CMakeFiles/STM32_Drivers.dir/__/__/Core/Src/system_stm32f4xx.c.obj
 .debug_macro   0x0001ec9e      0x127 cmake/stm32cubemx/CMakeFiles/STM32_Drivers.dir/__/__/Core/Src/system_stm32f4xx.c.obj
 .debug_macro   0x0001edc5       0xe8 cmake/stm32cubemx/CMakeFiles/STM32_Drivers.dir/__/__/Core/Src/system_stm32f4xx.c.obj
 .debug_macro   0x0001eead       0x89 cmake/stm32cubemx/CMakeFiles/STM32_Drivers.dir/__/__/Core/Src/system_stm32f4xx.c.obj
 .debug_macro   0x0001ef36      0x225 cmake/stm32cubemx/CMakeFiles/STM32_Drivers.dir/__/__/Core/Src/system_stm32f4xx.c.obj
 .debug_macro   0x0001f15b      0x8ed cmake/stm32cubemx/CMakeFiles/STM32_Drivers.dir/__/__/Core/Src/system_stm32f4xx.c.obj
 .debug_macro   0x0001fa48       0x53 cmake/stm32cubemx/CMakeFiles/STM32_Drivers.dir/__/__/Core/Src/system_stm32f4xx.c.obj
 .debug_macro   0x0001fa9b      0x2aa cmake/stm32cubemx/CMakeFiles/STM32_Drivers.dir/__/__/Core/Src/system_stm32f4xx.c.obj
 .debug_macro   0x0001fd45      0x126 cmake/stm32cubemx/CMakeFiles/STM32_Drivers.dir/__/__/Core/Src/system_stm32f4xx.c.obj
 .debug_macro   0x0001fe6b      0x1cc cmake/stm32cubemx/CMakeFiles/STM32_Drivers.dir/__/__/Drivers/STM32F4xx_HAL_Driver/Src/stm32f4xx_hal_rcc.c.obj
 .debug_macro   0x00020037      0x1a8 cmake/stm32cubemx/CMakeFiles/STM32_Drivers.dir/__/__/Drivers/STM32F4xx_HAL_Driver/Src/stm32f4xx_hal_rcc_ex.c.obj
 .debug_macro   0x000201df      0x1ae cmake/stm32cubemx/CMakeFiles/STM32_Drivers.dir/__/__/Drivers/STM32F4xx_HAL_Driver/Src/stm32f4xx_hal_gpio.c.obj
 .debug_macro   0x0002038d      0x1a8 cmake/stm32cubemx/CMakeFiles/STM32_Drivers.dir/__/__/Drivers/STM32F4xx_HAL_Driver/Src/stm32f4xx_hal_cortex.c.obj
 .debug_macro   0x00020535      0x208 cmake/stm32cubemx/CMakeFiles/STM32_Drivers.dir/__/__/Drivers/STM32F4xx_HAL_Driver/Src/stm32f4xx_hal.c.obj
 .debug_macro   0x0002073d      0x1f6 cmake/stm32cubemx/CMakeFiles/STM32_Drivers.dir/__/__/Drivers/STM32F4xx_HAL_Driver/Src/stm32f4xx_hal_i2c.c.obj
 .debug_macro   0x00020933      0x1b7 cmake/stm32cubemx/CMakeFiles/STM32_Drivers.dir/__/__/Drivers/STM32F4xx_HAL_Driver/Src/stm32f4xx_hal_spi.c.obj
 .debug_macro   0x00020aea      0x1a9 cmake/stm32cubemx/CMakeFiles/STM32_Drivers.dir/__/__/Drivers/STM32F4xx_HAL_Driver/Src/stm32f4xx_hal_tim.c.obj
 .debug_macro   0x00020c93      0x1a8 cmake/stm32cubemx/CMakeFiles/STM32_Drivers.dir/__/__/Drivers/STM32F4xx_HAL_Driver/Src/stm32f4xx_hal_tim_ex.c.obj
 .debug_macro   0x00020e3b      0x1a9 cmake/stm32cubemx/CMakeFiles/STM32_Drivers.dir/__/__/Drivers/STM32F4xx_HAL_Driver/Src/stm32f4xx_hal_uart.c.obj
 .debug_macro   0x00020fe4      0x1e1 cmake/stm32cubemx/CMakeFiles/STM32_Drivers.dir/__/__/Drivers/BSP/STM32F4xx-Nucleo/stm32f4xx_nucleo.c.obj
 .debug_macro   0x000211c5      0x17b cmake/stm32cubemx/CMakeFiles/STM32_Drivers.dir/__/__/Drivers/BSP/STM32F4xx-Nucleo/stm32f4xx_nucleo.c.obj
 .debug_macro   0x00021340      0x2e4 cmake/stm32cubemx/CMakeFiles/FatFs.dir/__/__/Middlewares/Third_Party/FatFs/src/ff_gen_drv.c.obj
 .debug_macro   0x00021624      0x315 CMakeFiles/sensor-data-logger.dir/FATFS/Target/user_diskio.c.obj
 .debug_macro   0x00021939       0x10 CMakeFiles/sensor-data-logger.dir/FATFS/Target/user_diskio.c.obj
 .debug_macro   0x00021949       0x56 CMakeFiles/sensor-data-logger.dir/FATFS/Target/user_diskio.c.obj
 .debug_macro   0x0002199f      0x2f7 CMakeFiles/sensor-data-logger.dir/FATFS/App/fatfs.c.obj
 .debug_macro   0x00021c96      0x327 CMakeFiles/sensor-data-logger.dir/Core/Src/main.c.obj
 .debug_macro   0x00021fbd       0xeb CMakeFiles/sensor-data-logger.dir/Core/Src/main.c.obj
 .debug_macro   0x000220a8      0x1ca CMakeFiles/sensor-data-logger.dir/Core/Src/gpio.c.obj
 .debug_macro   0x00022272      0x1ca CMakeFiles/sensor-data-logger.dir/Core/Src/i2c.c.obj
 .debug_macro   0x0002243c      0x1ca CMakeFiles/sensor-data-logger.dir/Core/Src/spi.c.obj
 .debug_macro   0x00022606      0x1ca CMakeFiles/sensor-data-logger.dir/Core/Src/tim.c.obj
 .debug_macro   0x000227d0      0x1ca CMakeFiles/sensor-data-logger.dir/Core/Src/usart.c.obj
 .debug_macro   0x0002299a      0x1ca CMakeFiles/sensor-data-logger.dir/Core/Src/stm32f4xx_it.c.obj
 .debug_macro   0x00022b64      0x1c0 CMakeFiles/sensor-data-logger.dir/Core/Src/stm32f4xx_hal_msp.c.obj

.debug_line     0x00000000    0x1660e
 .debug_line    0x00000000      0x5cb cmake/stm32cubemx/CMakeFiles/STM32_Drivers.dir/__/__/Core/Src/system_stm32f4xx.c.obj
 .debug_line    0x000005cb      0xc62 cmake/stm32cubemx/CMakeFiles/STM32_Drivers.dir/__/__/Drivers/STM32F4xx_HAL_Driver/Src/stm32f4xx_hal_rcc.c.obj
 .debug_line    0x0000122d     0x130a cmake/stm32cubemx/CMakeFiles/STM32_Drivers.dir/__/__/Drivers/STM32F4xx_HAL_Driver/Src/stm32f4xx_hal_rcc_ex.c.obj
 .debug_line    0x00002537      0x98b cmake/stm32cubemx/CMakeFiles/STM32_Drivers.dir/__/__/Drivers/STM32F4xx_HAL_Driver/Src/stm32f4xx_hal_gpio.c.obj
 .debug_line    0x00002ec2      0xb17 cmake/stm32cubemx/CMakeFiles/STM32_Drivers.dir/__/__/Drivers/STM32F4xx_HAL_Driver/Src/stm32f4xx_hal_cortex.c.obj
 .debug_line    0x000039d9      0x847 cmake/stm32cubemx/CMakeFiles/STM32_Drivers.dir/__/__/Drivers/STM32F4xx_HAL_Driver/Src/stm32f4xx_hal.c.obj
 .debug_line    0x00004220     0x38f4 cmake/stm32cubemx/CMakeFiles/STM32_Drivers.dir/__/__/Drivers/STM32F4xx_HAL_Driver/Src/stm32f4xx_hal_i2c.c.obj
 .debug_line    0x00007b14     0x1ae2 cmake/stm32cubemx/CMakeFiles/STM32_Drivers.dir/__/__/Drivers/STM32F4xx_HAL_Driver/Src/stm32f4xx_hal_spi.c.obj
 .debug_line    0x000095f6     0x35bc cmake/stm32cubemx/CMakeFiles/STM32_Drivers.dir/__/__/Drivers/STM32F4xx_HAL_Driver/Src/stm32f4xx_hal_tim.c.obj
 .debug_line    0x0000cbb2     0x17a7 cmake/stm32cubemx/CMakeFiles/STM32_Drivers.dir/__/__/Drivers/STM32F4xx_HAL_Driver/Src/stm32f4xx_hal_tim_ex.c.obj
 .debug_line    0x0000e359     0x238f cmake/stm32cubemx/CMakeFiles/STM32_Drivers.dir/__/__/Drivers/STM32F4xx_HAL_Driver/Src/stm32f4xx_hal_uart.c.obj
 .debug_line    0x000106e8      0x954 cmake/stm32cubemx/CMakeFiles/STM32_Drivers.dir/__/__/Drivers/BSP/STM32F4xx-Nucleo/stm32f4xx_nucleo.c.obj
 .debug_line    0x0001103c      0x836 cmake/stm32cubemx/CMakeFiles/FatFs.dir/__/__/Middlewares/Third_Party/FatFs/src/ff_gen_drv.c.obj
 .debug_line    0x00011872      0x854 CMakeFiles/sensor-data-logger.dir/FATFS/Target/user_diskio.c.obj
 .debug_line    0x000120c6      0x7e9 CMakeFiles/sensor-data-logger.dir/FATFS/App/fatfs.c.obj
 .debug_line    0x000128af      0x8cd CMakeFiles/sensor-data-logger.dir/Core/Src/main.c.obj
 .debug_line    0x0001317c      0x5d7 CMakeFiles/sensor-data-logger.dir/Core/Src/gpio.c.obj
 .debug_line    0x00013753      0x635 CMakeFiles/sensor-data-logger.dir/Core/Src/i2c.c.obj
 .debug_line    0x00013d88      0x65f CMakeFiles/sensor-data-logger.dir/Core/Src/spi.c.obj
 .debug_line    0x000143e7      0x62a CMakeFiles/sensor-data-logger.dir/Core/Src/tim.c.obj
 .debug_line    0x00014a11      0x635 CMakeFiles/sensor-data-logger.dir/Core/Src/usart.c.obj
 .debug_line    0x00015046      0x6a6 CMakeFiles/sensor-data-logger.dir/Core/Src/stm32f4xx_it.c.obj
 .debug_line    0x000156ec      0x5c8 CMakeFiles/sensor-data-logger.dir/Core/Src/stm32f4xx_hal_msp.c.obj
 .debug_line    0x00015cb4       0x7a CMakeFiles/sensor-data-logger.dir/startup_stm32f446xx.s.obj
 .debug_line    0x00015d2e       0x4e /usr/lib/gcc/arm-none-eabi/13.2.1/thumb/v7e-m+fp/hard/libgcc.a(_aeabi_uldivmod.o)
 .debug_line    0x00015d7c      0x574 /usr/lib/gcc/arm-none-eabi/13.2.1/thumb/v7e-m+fp/hard/libgcc.a(_udivmoddi4.o)
 .debug_line    0x000162f0       0x4a /usr/lib/gcc/arm-none-eabi/13.2.1/thumb/v7e-m+fp/hard/libgcc.a(_dvmd_tls.o)
 .debug_line    0x0001633a      0x11e /usr/lib/gcc/arm-none-eabi/13.2.1/../../../arm-none-eabi/lib/thumb/v7e-m+fp/hard/libg_nano.a(libc_a-init.o)
 .debug_line    0x00016458      0x1b6 /usr/lib/gcc/arm-none-eabi/13.2.1/../../../arm-none-eabi/lib/thumb/v7e-m+fp/hard/libg_nano.a(libc_a-memset.o)

.debug_str      0x00000000    0xd6127
 .debug_str     0x00000000    0xd6127 cmake/stm32cubemx/CMakeFiles/STM32_Drivers.dir/__/__/Core/Src/system_stm32f4xx.c.obj
                              0xcc34f (size before relaxing)
 .debug_str     0x000d6127    0xcc772 cmake/stm32cubemx/CMakeFiles/STM32_Drivers.dir/__/__/Drivers/STM32F4xx_HAL_Driver/Src/stm32f4xx_hal_rcc.c.obj
 .debug_str     0x000d6127    0xcc7b0 cmake/stm32cubemx/CMakeFiles/STM32_Drivers.dir/__/__/Drivers/STM32F4xx_HAL_Driver/Src/stm32f4xx_hal_rcc_ex.c.obj
 .debug_str     0x000d6127    0xcc4bf cmake/stm32cubemx/CMakeFiles/STM32_Drivers.dir/__/__/Drivers/STM32F4xx_HAL_Driver/Src/stm32f4xx_hal_gpio.c.obj
 .debug_str     0x000d6127    0xccc61 cmake/stm32cubemx/CMakeFiles/STM32_Drivers.dir/__/__/Drivers/STM32F4xx_HAL_Driver/Src/stm32f4xx_hal_cortex.c.obj
 .debug_str     0x000d6127    0xccf1e cmake/stm32cubemx/CMakeFiles/STM32_Drivers.dir/__/__/Drivers/STM32F4xx_HAL_Driver/Src/stm32f4xx_hal.c.obj
 .debug_str     0x000d6127    0xcd342 cmake/stm32cubemx/CMakeFiles/STM32_Drivers.dir/__/__/Drivers/STM32F4xx_HAL_Driver/Src/stm32f4xx_hal_i2c.c.obj
 .debug_str     0x000d6127    0xccbdd cmake/stm32cubemx/CMakeFiles/STM32_Drivers.dir/__/__/Drivers/STM32F4xx_HAL_Driver/Src/stm32f4xx_hal_spi.c.obj
 .debug_str     0x000d6127    0xcd6b3 cmake/stm32cubemx/CMakeFiles/STM32_Drivers.dir/__/__/Drivers/STM32F4xx_HAL_Driver/Src/stm32f4xx_hal_tim.c.obj
 .debug_str     0x000d6127    0xccebf cmake/stm32cubemx/CMakeFiles/STM32_Drivers.dir/__/__/Drivers/STM32F4xx_HAL_Driver/Src/stm32f4xx_hal_tim_ex.c.obj
 .debug_str     0x000d6127    0xccd29 cmake/stm32cubemx/CMakeFiles/STM32_Drivers.dir/__/__/Drivers/STM32F4xx_HAL_Driver/Src/stm32f4xx_hal_uart.c.obj
 .debug_str     0x000d6127    0xcdbd2 cmake/stm32cubemx/CMakeFiles/STM32_Drivers.dir/__/__/Drivers/BSP/STM32F4xx-Nucleo/stm32f4xx_nucleo.c.obj
 .debug_str     0x000d6127    0xd0172 cmake/stm32cubemx/CMakeFiles/FatFs.dir/__/__/Middlewares/Third_Party/FatFs/src/ff_gen_drv.c.obj
 .debug_str     0x000d6127    0xd014a CMakeFiles/sensor-data-logger.dir/FATFS/Target/user_diskio.c.obj
 .debug_str     0x000d6127    0xd0212 CMakeFiles/sensor-data-logger.dir/FATFS/App/fatfs.c.obj
 .debug_str     0x000d6127    0xd0437 CMakeFiles/sensor-data-logger.dir/Core/Src/main.c.obj
 .debug_str     0x000d6127    0xcce4a CMakeFiles/sensor-data-logger.dir/Core/Src/gpio.c.obj
 .debug_str     0x000d6127    0xcd374 CMakeFiles/sensor-data-logger.dir/Core/Src/i2c.c.obj
 .debug_str     0x000d6127    0xcd2cc CMakeFiles/sensor-data-logger.dir/Core/Src/spi.c.obj
 .debug_str     0x000d6127    0xcd927 CMakeFiles/sensor-data-logger.dir/Core/Src/tim.c.obj
 .debug_str     0x000d6127    0xcd2fd CMakeFiles/sensor-data-logger.dir/Core/Src/usart.c.obj
 .debug_str     0x000d6127    0xcd284 CMakeFiles/sensor-data-logger.dir/Core/Src/stm32f4xx_it.c.obj
 .debug_str     0x000d6127    0xccda7 CMakeFiles/sensor-data-logger.dir/Core/Src/stm32f4xx_hal_msp.c.obj
 .debug_str     0x000d6127       0x8a CMakeFiles/sensor-data-logger.dir/startup_stm32f446xx.s.obj
 .debug_str     0x000d6127       0xa3 /usr/lib/gcc/arm-none-eabi/13.2.1/thumb/v7e-m+fp/hard/libgcc.a(_aeabi_uldivmod.o)
 .debug_str     0x000d6127      0x685 /usr/lib/gcc/arm-none-eabi/13.2.1/thumb/v7e-m+fp/hard/libgcc.a(_udivmoddi4.o)
 .debug_str     0x000d6127       0xc3 /usr/lib/gcc/arm-none-eabi/13.2.1/thumb/v7e-m+fp/hard/libgcc.a(_dvmd_tls.o)
 .debug_str     0x000d6127      0x1fa /usr/lib/gcc/arm-none-eabi/13.2.1/../../../arm-none-eabi/lib/thumb/v7e-m+fp/hard/libg_nano.a(libc_a-init.o)
 .debug_str     0x000d6127      0x1ad /usr/lib/gcc/arm-none-eabi/13.2.1/../../../arm-none-eabi/lib/thumb/v7e-m+fp/hard/libg_nano.a(libc_a-memset.o)

.debug_frame    0x00000000     0x4db4
 .debug_frame   0x00000000       0x58 cmake/stm32cubemx/CMakeFiles/STM32_Drivers.dir/__/__/Core/Src/system_stm32f4xx.c.obj
 .debug_frame   0x00000058      0x1f4 cmake/stm32cubemx/CMakeFiles/STM32_Drivers.dir/__/__/Drivers/STM32F4xx_HAL_Driver/Src/stm32f4xx_hal_rcc.c.obj
 .debug_frame   0x0000024c      0x1e8 cmake/stm32cubemx/CMakeFiles/STM32_Drivers.dir/__/__/Drivers/STM32F4xx_HAL_Driver/Src/stm32f4xx_hal_rcc_ex.c.obj
 .debug_frame   0x00000434      0x14c cmake/stm32cubemx/CMakeFiles/STM32_Drivers.dir/__/__/Drivers/STM32F4xx_HAL_Driver/Src/stm32f4xx_hal_gpio.c.obj
 .debug_frame   0x00000580      0x508 cmake/stm32cubemx/CMakeFiles/STM32_Drivers.dir/__/__/Drivers/STM32F4xx_HAL_Driver/Src/stm32f4xx_hal_cortex.c.obj
 .debug_frame   0x00000a88      0x374 cmake/stm32cubemx/CMakeFiles/STM32_Drivers.dir/__/__/Drivers/STM32F4xx_HAL_Driver/Src/stm32f4xx_hal.c.obj
 .debug_frame   0x00000dfc      0xc84 cmake/stm32cubemx/CMakeFiles/STM32_Drivers.dir/__/__/Drivers/STM32F4xx_HAL_Driver/Src/stm32f4xx_hal_i2c.c.obj
 .debug_frame   0x00001a80      0x828 cmake/stm32cubemx/CMakeFiles/STM32_Drivers.dir/__/__/Drivers/STM32F4xx_HAL_Driver/Src/stm32f4xx_hal_spi.c.obj
 .debug_frame   0x000022a8     0x11c0 cmake/stm32cubemx/CMakeFiles/STM32_Drivers.dir/__/__/Drivers/STM32F4xx_HAL_Driver/Src/stm32f4xx_hal_tim.c.obj
 .debug_frame   0x00003468      0x638 cmake/stm32cubemx/CMakeFiles/STM32_Drivers.dir/__/__/Drivers/STM32F4xx_HAL_Driver/Src/stm32f4xx_hal_tim_ex.c.obj
 .debug_frame   0x00003aa0      0x954 cmake/stm32cubemx/CMakeFiles/STM32_Drivers.dir/__/__/Drivers/STM32F4xx_HAL_Driver/Src/stm32f4xx_hal_uart.c.obj
 .debug_frame   0x000043f4      0x338 cmake/stm32cubemx/CMakeFiles/STM32_Drivers.dir/__/__/Drivers/BSP/STM32F4xx-Nucleo/stm32f4xx_nucleo.c.obj
 .debug_frame   0x0000472c       0xc8 cmake/stm32cubemx/CMakeFiles/FatFs.dir/__/__/Middlewares/Third_Party/FatFs/src/ff_gen_drv.c.obj
 .debug_frame   0x000047f4       0xd8 CMakeFiles/sensor-data-logger.dir/FATFS/Target/user_diskio.c.obj
 .debug_frame   0x000048cc       0x4c CMakeFiles/sensor-data-logger.dir/FATFS/App/fatfs.c.obj
 .debug_frame   0x00004918       0x68 CMakeFiles/sensor-data-logger.dir/Core/Src/main.c.obj
 .debug_frame   0x00004980       0x34 CMakeFiles/sensor-data-logger.dir/Core/Src/gpio.c.obj
 .debug_frame   0x000049b4       0x74 CMakeFiles/sensor-data-logger.dir/Core/Src/i2c.c.obj
 .debug_frame   0x00004a28       0x74 CMakeFiles/sensor-data-logger.dir/Core/Src/spi.c.obj
 .debug_frame   0x00004a9c       0x7c CMakeFiles/sensor-data-logger.dir/Core/Src/tim.c.obj
 .debug_frame   0x00004b18       0x74 CMakeFiles/sensor-data-logger.dir/Core/Src/usart.c.obj
 .debug_frame   0x00004b8c      0x13c CMakeFiles/sensor-data-logger.dir/Core/Src/stm32f4xx_it.c.obj
 .debug_frame   0x00004cc8       0x34 CMakeFiles/sensor-data-logger.dir/Core/Src/stm32f4xx_hal_msp.c.obj
 .debug_frame   0x00004cfc       0x2c /usr/lib/gcc/arm-none-eabi/13.2.1/thumb/v7e-m+fp/hard/libgcc.a(_aeabi_uldivmod.o)
 .debug_frame   0x00004d28       0x34 /usr/lib/gcc/arm-none-eabi/13.2.1/thumb/v7e-m+fp/hard/libgcc.a(_udivmoddi4.o)
 .debug_frame   0x00004d5c       0x2c /usr/lib/gcc/arm-none-eabi/13.2.1/../../../arm-none-eabi/lib/thumb/v7e-m+fp/hard/libg_nano.a(libc_a-init.o)
 .debug_frame   0x00004d88       0x2c /usr/lib/gcc/arm-none-eabi/13.2.1/../../../arm-none-eabi/lib/thumb/v7e-m+fp/hard/libg_nano.a(libc_a-memset.o)

.debug_line_str
                0x00000000      0x113
 .debug_line_str
                0x00000000      0x113 CMakeFiles/sensor-data-logger.dir/startup_stm32f446xx.s.obj
                                 0x70 (size before relaxing)
 .debug_line_str
                0x00000113       0x97 /usr/lib/gcc/arm-none-eabi/13.2.1/thumb/v7e-m+fp/hard/libgcc.a(_aeabi_uldivmod.o)
 .debug_line_str
                0x00000113       0x9b /usr/lib/gcc/arm-none-eabi/13.2.1/thumb/v7e-m+fp/hard/libgcc.a(_dvmd_tls.o)

.debug_loclists
                0x00000000      0xc0b
 .debug_loclists
                0x00000000      0x9e4 /usr/lib/gcc/arm-none-eabi/13.2.1/thumb/v7e-m+fp/hard/libgcc.a(_udivmoddi4.o)
 .debug_loclists
                0x000009e4       0x65 /usr/lib/gcc/arm-none-eabi/13.2.1/../../../arm-none-eabi/lib/thumb/v7e-m+fp/hard/libg_nano.a(libc_a-init.o)
 .debug_loclists
                0x00000a49      0x1c2 /usr/lib/gcc/arm-none-eabi/13.2.1/../../../arm-none-eabi/lib/thumb/v7e-m+fp/hard/libg_nano.a(libc_a-memset.o)
